Component: ARM Compiler 6.14 Tool: armlink [5db06800]

==============================================================================

Section Cross References

    main.o(.text.main) refers to systick_driver.o(.text.SysTick_Init) for SysTick_Init
    main.o(.text.main) refers to sx1278.o(.text.SX1278_Init) for SX1278_Init
    main.o(.text.main) refers to adc_driver.o(.text.ADC_GPIO_Init) for ADC_GPIO_Init
    main.o(.text.main) refers to adc_driver.o(.text.ADC_DMA_Init) for ADC_DMA_Init
    main.o(.text.main) refers to sx1278.o(.text.SX1278_WriteReg) for SX1278_WriteReg
    main.o(.text.main) refers to sx1278.o(.text.SX1278_ReceivePacket) for SX1278_ReceivePacket
    main.o(.text.main) refers to adc_driver.o(.text.ADC_GetStableAverageTemp) for ADC_GetStableAverageTemp
    main.o(.text.main) refers to adc_driver.o(.text.ADC_GetStatusBitmask) for ADC_GetStatusBitmask
    main.o(.text.main) refers to sx1278.o(.text.SX1278_SendPacket) for SX1278_SendPacket
    main.o(.ARM.exidx.text.main) refers to main.o(.text.main) for [Anonymous Symbol]
    sx1278.o(.text.SX1278_WriteReg) refers to sx1278.o(.text.SX1278_Select) for SX1278_Select
    sx1278.o(.text.SX1278_WriteReg) refers to spi_driver.o(.text.SPI1_Transfer) for SPI1_Transfer
    sx1278.o(.text.SX1278_WriteReg) refers to sx1278.o(.text.SX1278_Unselect) for SX1278_Unselect
    sx1278.o(.ARM.exidx.text.SX1278_WriteReg) refers to sx1278.o(.text.SX1278_WriteReg) for [Anonymous Symbol]
    sx1278.o(.text.SX1278_Select) refers to stm32f10x_gpio.o(.text.GPIO_ResetBits) for GPIO_ResetBits
    sx1278.o(.ARM.exidx.text.SX1278_Select) refers to sx1278.o(.text.SX1278_Select) for [Anonymous Symbol]
    sx1278.o(.text.SX1278_Unselect) refers to stm32f10x_gpio.o(.text.GPIO_SetBits) for GPIO_SetBits
    sx1278.o(.ARM.exidx.text.SX1278_Unselect) refers to sx1278.o(.text.SX1278_Unselect) for [Anonymous Symbol]
    sx1278.o(.text.SX1278_Init) refers to sx1278.o(.text.SX1278_GPIO_Init) for SX1278_GPIO_Init
    sx1278.o(.text.SX1278_Init) refers to sx1278.o(.text.SX1278_Reset) for SX1278_Reset
    sx1278.o(.text.SX1278_Init) refers to sx1278.o(.text.SX1278_WriteReg) for SX1278_WriteReg
    sx1278.o(.ARM.exidx.text.SX1278_Init) refers to sx1278.o(.text.SX1278_Init) for [Anonymous Symbol]
    sx1278.o(.text.SX1278_GPIO_Init) refers to stm32f10x_rcc.o(.text.RCC_APB2PeriphClockCmd) for RCC_APB2PeriphClockCmd
    sx1278.o(.text.SX1278_GPIO_Init) refers to stm32f10x_gpio.o(.text.GPIO_Init) for GPIO_Init
    sx1278.o(.text.SX1278_GPIO_Init) refers to stm32f10x_gpio.o(.text.GPIO_SetBits) for GPIO_SetBits
    sx1278.o(.text.SX1278_GPIO_Init) refers to spi_driver.o(.text.SPI_GPIO_Init) for SPI_GPIO_Init
    sx1278.o(.ARM.exidx.text.SX1278_GPIO_Init) refers to sx1278.o(.text.SX1278_GPIO_Init) for [Anonymous Symbol]
    sx1278.o(.text.SX1278_Reset) refers to stm32f10x_gpio.o(.text.GPIO_ResetBits) for GPIO_ResetBits
    sx1278.o(.text.SX1278_Reset) refers to systick_utils.o(.text.Delay_Ms) for Delay_Ms
    sx1278.o(.text.SX1278_Reset) refers to stm32f10x_gpio.o(.text.GPIO_SetBits) for GPIO_SetBits
    sx1278.o(.ARM.exidx.text.SX1278_Reset) refers to sx1278.o(.text.SX1278_Reset) for [Anonymous Symbol]
    sx1278.o(.text.SX1278_SendPacket) refers to rt_memcpy_v6.o(.text) for __aeabi_memcpy
    sx1278.o(.text.SX1278_SendPacket) refers to sx1278.o(.text.CRC8) for CRC8
    sx1278.o(.text.SX1278_SendPacket) refers to sx1278.o(.text.SX1278_WriteReg) for SX1278_WriteReg
    sx1278.o(.text.SX1278_SendPacket) refers to systick_utils.o(.text.millis) for millis
    sx1278.o(.text.SX1278_SendPacket) refers to sx1278.o(.text.SX1278_ReadReg) for SX1278_ReadReg
    sx1278.o(.ARM.exidx.text.SX1278_SendPacket) refers to sx1278.o(.text.SX1278_SendPacket) for [Anonymous Symbol]
    sx1278.o(.ARM.exidx.text.CRC8) refers to sx1278.o(.text.CRC8) for [Anonymous Symbol]
    sx1278.o(.text.SX1278_ReadReg) refers to sx1278.o(.text.SX1278_Select) for SX1278_Select
    sx1278.o(.text.SX1278_ReadReg) refers to spi_driver.o(.text.SPI1_Transfer) for SPI1_Transfer
    sx1278.o(.text.SX1278_ReadReg) refers to sx1278.o(.text.SX1278_Unselect) for SX1278_Unselect
    sx1278.o(.ARM.exidx.text.SX1278_ReadReg) refers to sx1278.o(.text.SX1278_ReadReg) for [Anonymous Symbol]
    sx1278.o(.text.SX1278_ReceivePacket) refers to systick_utils.o(.text.millis) for millis
    sx1278.o(.text.SX1278_ReceivePacket) refers to sx1278.o(.text.SX1278_ReadReg) for SX1278_ReadReg
    sx1278.o(.text.SX1278_ReceivePacket) refers to sx1278.o(.text.SX1278_WriteReg) for SX1278_WriteReg
    sx1278.o(.text.SX1278_ReceivePacket) refers to rt_memcpy_v6.o(.text) for __aeabi_memcpy
    sx1278.o(.text.SX1278_ReceivePacket) refers to sx1278.o(.text.CRC8) for CRC8
    sx1278.o(.ARM.exidx.text.SX1278_ReceivePacket) refers to sx1278.o(.text.SX1278_ReceivePacket) for [Anonymous Symbol]
    systick_utils.o(.text.millis) refers to systick_driver.o(.text.SysTick_GetTick) for SysTick_GetTick
[...]
    Removing stm32f10x_rcc.o(.text.RCC_APB1PeriphResetCmd), (24 bytes).
    Removing stm32f10x_rcc.o(.ARM.exidx.text.RCC_APB1PeriphResetCmd), (8 bytes).
    Removing stm32f10x_rcc.o(.text.RCC_BackupResetCmd), (12 bytes).
    Removing stm32f10x_rcc.o(.ARM.exidx.text.RCC_BackupResetCmd), (8 bytes).
    Removing stm32f10x_rcc.o(.text.RCC_ClockSecuritySystemCmd), (10 bytes).
    Removing stm32f10x_rcc.o(.ARM.exidx.text.RCC_ClockSecuritySystemCmd), (8 bytes).
    Removing stm32f10x_rcc.o(.text.RCC_MCOConfig), (12 bytes).
    Removing stm32f10x_rcc.o(.ARM.exidx.text.RCC_MCOConfig), (8 bytes).
    Removing stm32f10x_rcc.o(.text.RCC_ClearFlag), (18 bytes).
    Removing stm32f10x_rcc.o(.ARM.exidx.text.RCC_ClearFlag), (8 bytes).
    Removing stm32f10x_rcc.o(.text.RCC_GetITStatus), (18 bytes).
    Removing stm32f10x_rcc.o(.ARM.exidx.text.RCC_GetITStatus), (8 bytes).
    Removing stm32f10x_rcc.o(.text.RCC_ClearITPendingBit), (12 bytes).
    Removing stm32f10x_rcc.o(.ARM.exidx.text.RCC_ClearITPendingBit), (8 bytes).
    Removing stm32f10x_rcc.o(.rodata.APBAHBPrescTable), (16 bytes).
    Removing stm32f10x_rcc.o(.rodata.ADCPrescTable), (4 bytes).
    Removing stm32f10x_spi.o(.text), (0 bytes).
    Removing stm32f10x_spi.o(.text.SPI_I2S_DeInit), (100 bytes).
    Removing stm32f10x_spi.o(.ARM.exidx.text.SPI_I2S_DeInit), (8 bytes).
    Removing stm32f10x_spi.o(.ARM.exidx.text.SPI_Init), (8 bytes).
    Removing stm32f10x_spi.o(.text.I2S_Init), (148 bytes).
    Removing stm32f10x_spi.o(.ARM.exidx.text.I2S_Init), (8 bytes).
    Removing stm32f10x_spi.o(.text.SPI_StructInit), (16 bytes).
    Removing stm32f10x_spi.o(.ARM.exidx.text.SPI_StructInit), (8 bytes).
    Removing stm32f10x_spi.o(.text.I2S_StructInit), (14 bytes).
    Removing stm32f10x_spi.o(.ARM.exidx.text.I2S_StructInit), (8 bytes).
    Removing stm32f10x_spi.o(.ARM.exidx.text.SPI_Cmd), (8 bytes).
    Removing stm32f10x_spi.o(.text.I2S_Cmd), (18 bytes).
    Removing stm32f10x_spi.o(.ARM.exidx.text.I2S_Cmd), (8 bytes).
    Removing stm32f10x_spi.o(.text.SPI_I2S_ITConfig), (32 bytes).
    Removing stm32f10x_spi.o(.ARM.exidx.text.SPI_I2S_ITConfig), (8 bytes).
    Removing stm32f10x_spi.o(.text.SPI_I2S_DMACmd), (16 bytes).
    Removing stm32f10x_spi.o(.ARM.exidx.text.SPI_I2S_DMACmd), (8 bytes).
    Removing stm32f10x_spi.o(.ARM.exidx.text.SPI_I2S_SendData), (8 bytes).
    Removing stm32f10x_spi.o(.ARM.exidx.text.SPI_I2S_ReceiveData), (8 bytes).
    Removing stm32f10x_spi.o(.text.SPI_NSSInternalSoftwareConfig), (24 bytes).
    Removing stm32f10x_spi.o(.ARM.exidx.text.SPI_NSSInternalSoftwareConfig), (8 bytes).
    Removing stm32f10x_spi.o(.text.SPI_SSOutputCmd), (18 bytes).
    Removing stm32f10x_spi.o(.ARM.exidx.text.SPI_SSOutputCmd), (8 bytes).
    Removing stm32f10x_spi.o(.text.SPI_DataSizeConfig), (16 bytes).
    Removing stm32f10x_spi.o(.ARM.exidx.text.SPI_DataSizeConfig), (8 bytes).
    Removing stm32f10x_spi.o(.text.SPI_TransmitCRC), (10 bytes).
    Removing stm32f10x_spi.o(.ARM.exidx.text.SPI_TransmitCRC), (8 bytes).
    Removing stm32f10x_spi.o(.text.SPI_CalculateCRC), (18 bytes).
    Removing stm32f10x_spi.o(.ARM.exidx.text.SPI_CalculateCRC), (8 bytes).
    Removing stm32f10x_spi.o(.text.SPI_GetCRC), (12 bytes).
    Removing stm32f10x_spi.o(.ARM.exidx.text.SPI_GetCRC), (8 bytes).
    Removing stm32f10x_spi.o(.text.SPI_GetCRCPolynomial), (4 bytes).
    Removing stm32f10x_spi.o(.ARM.exidx.text.SPI_GetCRCPolynomial), (8 bytes).
    Removing stm32f10x_spi.o(.text.SPI_BiDirectionalLineConfig), (20 bytes).
    Removing stm32f10x_spi.o(.ARM.exidx.text.SPI_BiDirectionalLineConfig), (8 bytes).
    Removing stm32f10x_spi.o(.ARM.exidx.text.SPI_I2S_GetFlagStatus), (8 bytes).
    Removing stm32f10x_spi.o(.text.SPI_I2S_ClearFlag), (6 bytes).
    Removing stm32f10x_spi.o(.ARM.exidx.text.SPI_I2S_ClearFlag), (8 bytes).
    Removing stm32f10x_spi.o(.text.SPI_I2S_GetITStatus), (34 bytes).
    Removing stm32f10x_spi.o(.ARM.exidx.text.SPI_I2S_GetITStatus), (8 bytes).
    Removing stm32f10x_spi.o(.text.SPI_I2S_ClearITPendingBit), (16 bytes).
    Removing stm32f10x_spi.o(.ARM.exidx.text.SPI_I2S_ClearITPendingBit), (8 bytes).
    Removing system_stm32f10x.o(.text), (0 bytes).
    Removing system_stm32f10x.o(.ARM.exidx.text.SystemInit), (8 bytes).
    Removing system_stm32f10x.o(.ARM.exidx.text.SetSysClock), (8 bytes).
    Removing system_stm32f10x.o(.ARM.exidx.text.SystemCoreClockUpdate), (8 bytes).
    Removing system_stm32f10x.o(.ARM.exidx.text.SetSysClockTo72), (8 bytes).

280 unused section(s) (total 3774 bytes) removed from the image.

==============================================================================

Image Symbol Table

    Local Symbols

    Symbol Name                              Value     Ov Type        Size  Object(Section)

    ../clib/angel/boardlib.s                 0x00000000   Number         0  boardinit1.o ABSOLUTE
    ../clib/angel/boardlib.s                 0x00000000   Number         0  boardinit2.o ABSOLUTE
    ../clib/angel/boardlib.s                 0x00000000   Number         0  boardinit3.o ABSOLUTE
    ../clib/angel/boardlib.s                 0x00000000   Number         0  boardshut.o ABSOLUTE
    ../clib/angel/handlers.s                 0x00000000   Number         0  __scatter_copy.o ABSOLUTE
    ../clib/angel/handlers.s                 0x00000000   Number         0  __scatter_zi.o ABSOLUTE
    ../clib/angel/kernel.s                   0x00000000   Number         0  __rtentry.o ABSOLUTE
    ../clib/angel/kernel.s                   0x00000000   Number         0  __rtentry2.o ABSOLUTE
    ../clib/angel/kernel.s                   0x00000000   Number         0  __rtentry4.o ABSOLUTE
    ../clib/angel/kernel.s                   0x00000000   Number         0  rtexit.o ABSOLUTE
    ../clib/angel/kernel.s                   0x00000000   Number         0  rtexit2.o ABSOLUTE
    ../clib/angel/rt.s                       0x00000000   Number         0  rt_errno_addr.o ABSOLUTE
    ../clib/angel/rt.s                       0x00000000   Number         0  rt_errno_addr_intlibspace.o ABSOLUTE
    ../clib/angel/rt.s                       0x00000000   Number         0  rt_raise.o ABSOLUTE
    ../clib/angel/scatter.s                  0x00000000   Number         0  __scatter.o ABSOLUTE
    ../clib/angel/startup.s                  0x00000000   Number         0  __main.o ABSOLUTE
    ../clib/angel/sys.s                      0x00000000   Number         0  libspace.o ABSOLUTE
    ../clib/angel/sys.s                      0x00000000   Number         0  sys_stackheap_outer.o ABSOLUTE
    ../clib/angel/sys.s                      0x00000000   Number         0  use_no_semi.o ABSOLUTE
    ../clib/angel/sys.s                      0x00000000   Number         0  indicate_semi.o ABSOLUTE
    ../clib/angel/sysapp.c                   0x00000000   Number         0  sys_exit.o ABSOLUTE
    ../clib/angel/sysapp.c                   0x00000000   Number         0  sys_exit_hlt.o ABSOLUTE
    ../clib/angel/sysapp.c                   0x00000000   Number         0  sys_command.o ABSOLUTE
    ../clib/angel/sysapp.c                   0x00000000   Number         0  sys_command_hlt.o ABSOLUTE
    ../clib/angel/sysapp.c                   0x00000000   Number         0  sys_wrch.o ABSOLUTE
    ../clib/angel/sysapp.c                   0x00000000   Number         0  sys_wrch_hlt.o ABSOLUTE
    ../clib/armsys.c                         0x00000000   Number         0  argv_veneer.o ABSOLUTE
    ../clib/armsys.c                         0x00000000   Number         0  argv_veneer.o ABSOLUTE
    ../clib/armsys.c                         0x00000000   Number         0  _get_argv_nomalloc.o ABSOLUTE
    ../clib/armsys.c                         0x00000000   Number         0  no_argv.o ABSOLUTE
    ../clib/fenv.c                           0x00000000   Number         0  _rserrno.o ABSOLUTE
    ../clib/heapalloc.c                      0x00000000   Number         0  hrguard.o ABSOLUTE
    ../clib/heapaux.c                        0x00000000   Number         0  heapauxi.o ABSOLUTE
    ../clib/libinit.s                        0x00000000   Number         0  libinit.o ABSOLUTE
    ../clib/libinit.s                        0x00000000   Number         0  libinit2.o ABSOLUTE
    ../clib/libinit.s                        0x00000000   Number         0  libshutdown.o ABSOLUTE
    ../clib/libinit.s                        0x00000000   Number         0  libshutdown2.o ABSOLUTE
    ../clib/memcpset.s                       0x00000000   Number         0  rt_memcpy_v6.o ABSOLUTE
    ../clib/memcpset.s                       0x00000000   Number         0  rt_memclr_w.o ABSOLUTE
    ../clib/memcpset.s                       0x00000000   Number         0  rt_memcpy_w.o ABSOLUTE
    ../clib/signal.c                         0x00000000   Number         0  defsig_rtmem_outer.o ABSOLUTE
    ../clib/signal.c                         0x00000000   Number         0  defsig_rtmem_formal.o ABSOLUTE
    ../clib/signal.c                         0x00000000   Number         0  defsig_exit.o ABSOLUTE
    ../clib/signal.c                         0x00000000   Number         0  defsig_rtmem_inner.o ABSOLUTE
    ../clib/signal.c                         0x00000000   Number         0  __raise.o ABSOLUTE
    ../clib/signal.c                         0x00000000   Number         0  defsig_general.o ABSOLUTE
    ../clib/signal.c                         0x00000000   Number         0  defsig_abrt_inner.o ABSOLUTE
    ../clib/signal.c                         0x00000000   Number         0  defsig_fpe_inner.o ABSOLUTE
    ../clib/signal.c                         0x00000000   Number         0  defsig_rtred_inner.o ABSOLUTE
    ../clib/signal.c                         0x00000000   Number         0  defsig_stak_inner.o ABSOLUTE
    ../clib/signal.c                         0x00000000   Number         0  defsig_pvfn_inner.o ABSOLUTE
    ../clib/signal.c                         0x00000000   Number         0  defsig_cppl_inner.o ABSOLUTE
    ../clib/signal.c                         0x00000000   Number         0  defsig_segv_inner.o ABSOLUTE
    ../clib/signal.c                         0x00000000   Number         0  defsig_other.o ABSOLUTE
    ../clib/signal.s                         0x00000000   Number         0  defsig.o ABSOLUTE
    ../clib/stdlib.c                         0x00000000   Number         0  exit.o ABSOLUTE
    ../fplib/d2f.s                           0x00000000   Number         0  d2f.o ABSOLUTE
    ../fplib/daddsub.s                       0x00000000   Number         0  daddsub_clz.o ABSOLUTE
    ../fplib/dcheck1.s                       0x00000000   Number         0  dcheck1.o ABSOLUTE
    ../fplib/dcmpi.s                         0x00000000   Number         0  dcmpi.o ABSOLUTE
    ../fplib/ddiv.s                          0x00000000   Number         0  ddiv.o ABSOLUTE
    ../fplib/deqf.s                          0x00000000   Number         0  deqf.o ABSOLUTE
    ../fplib/dflt.s                          0x00000000   Number         0  dflt_clz.o ABSOLUTE
    ../fplib/dmul.s                          0x00000000   Number         0  dmul.o ABSOLUTE
    ../fplib/dnaninf.s                       0x00000000   Number         0  dnaninf.o ABSOLUTE
    ../fplib/dretinf.s                       0x00000000   Number         0  dretinf.o ABSOLUTE
    ../fplib/f2d.s                           0x00000000   Number         0  f2d.o ABSOLUTE
    ../fplib/faddsub.s                       0x00000000   Number         0  faddsub_clz.o ABSOLUTE
    ../fplib/fcmp.s                          0x00000000   Number         0  fcmp.o ABSOLUTE
    ../fplib/fcmpi.s                         0x00000000   Number         0  fcmpi.o ABSOLUTE
    ../fplib/fdiv.s                          0x00000000   Number         0  fdiv.o ABSOLUTE
    ../fplib/feqf.s                          0x00000000   Number         0  feqf.o ABSOLUTE
    ../fplib/fflt.s                          0x00000000   Number         0  fflt_clz.o ABSOLUTE
    ../fplib/fgeqf.s                         0x00000000   Number         0  fgeqf.o ABSOLUTE
    ../fplib/fleqf.s                         0x00000000   Number         0  fleqf.o ABSOLUTE
    ../fplib/fmul.s                          0x00000000   Number         0  fmul.o ABSOLUTE
    ../fplib/fnaninf.s                       0x00000000   Number         0  fnaninf.o ABSOLUTE
    ../fplib/fpinit.s                        0x00000000   Number         0  fpinit.o ABSOLUTE
    ../fplib/fpinit_empty.s                  0x00000000   Number         0  fpinit_empty.o ABSOLUTE
    ../fplib/fretinf.s                       0x00000000   Number         0  fretinf.o ABSOLUTE
    ../fplib/retnan.s                        0x00000000   Number         0  retnan.o ABSOLUTE
    ../fplib/scalbn.s                        0x00000000   Number         0  scalbn.o ABSOLUTE
    ../fplib/trapv.s                         0x00000000   Number         0  trapv.o ABSOLUTE
    ../fplib/usenofp.s                       0x00000000   Number         0  usenofp.o ABSOLUTE
    ../mathlib/dunder.c                      0x00000000   Number         0  dunder.o ABSOLUTE
    ../mathlib/log.c                         0x00000000   Number         0  log.o ABSOLUTE
    ../mathlib/log.c                         0x00000000   Number         0  log_x.o ABSOLUTE
    ../mathlib/poly.c                        0x00000000   Number         0  poly.o ABSOLUTE
    ../mathlib/qnan.c                        0x00000000   Number         0  qnan.o ABSOLUTE
    RTE/Device/STM32F103C8/startup_stm32f10x_md.s 0x00000000   Number         0  startup_stm32f10x_md.o ABSOLUTE
    adc_driver.c                             0x00000000   Number         0  adc_driver.o ABSOLUTE
    dc.s                                     0x00000000   Number         0  dc.o ABSOLUTE
    main.c                                   0x00000000   Number         0  main.o ABSOLUTE
    misc.c                                   0x00000000   Number         0  misc.o ABSOLUTE
    spi_driver.c                             0x00000000   Number         0  spi_driver.o ABSOLUTE
    stm32f10x_adc.c                          0x00000000   Number         0  stm32f10x_adc.o ABSOLUTE
    stm32f10x_dma.c                          0x00000000   Number         0  stm32f10x_dma.o ABSOLUTE
    stm32f10x_gpio.c                         0x00000000   Number         0  stm32f10x_gpio.o ABSOLUTE
    stm32f10x_rcc.c                          0x00000000   Number         0  stm32f10x_rcc.o ABSOLUTE
    stm32f10x_spi.c                          0x00000000   Number         0  stm32f10x_spi.o ABSOLUTE
    sx1278.c                                 0x00000000   Number         0  sx1278.o ABSOLUTE
    system_stm32f10x.c                       0x00000000   Number         0  system_stm32f10x.o ABSOLUTE
    systick_driver.c                         0x00000000   Number         0  systick_driver.o ABSOLUTE
    systick_utils.c                          0x00000000   Number         0  systick_utils.o ABSOLUTE
    RESET                                    0x08000000   Section      236  startup_stm32f10x_md.o(RESET)
    !!!main                                  0x080000ec   Section        8  __main.o(!!!main)
    !!!scatter                               0x080000f4   Section       52  __scatter.o(!!!scatter)
    !!handler_copy                           0x08000128   Section       26  __scatter_copy.o(!!handler_copy)
    !!handler_zi                             0x08000144   Section       28  __scatter_zi.o(!!handler_zi)
    .ARM.Collect$$libinit$$00000000          0x08000160   Section        2  libinit.o(.ARM.Collect$$libinit$$00000000)
    .ARM.Collect$$libinit$$00000002          0x08000162   Section        0  libinit2.o(.ARM.Collect$$libinit$$00000002)
    .ARM.Collect$$libinit$$00000004          0x08000162   Section        0  libinit2.o(.ARM.Collect$$libinit$$00000004)
    .ARM.Collect$$libinit$$0000000A          0x08000162   Section        0  libinit2.o(.ARM.Collect$$libinit$$0000000A)
    .ARM.Collect$$libinit$$0000000C          0x08000162   Section        0  libinit2.o(.ARM.Collect$$libinit$$0000000C)
    .ARM.Collect$$libinit$$0000000E          0x08000162   Section        0  libinit2.o(.ARM.Collect$$libinit$$0000000E)
    .ARM.Collect$$libinit$$00000011          0x08000162   Section        0  libinit2.o(.ARM.Collect$$libinit$$00000011)
    .ARM.Collect$$libinit$$00000013          0x08000162   Section        0  libinit2.o(.ARM.Collect$$libinit$$00000013)
    .ARM.Collect$$libinit$$00000015          0x08000162   Section        0  libinit2.o(.ARM.Collect$$libinit$$00000015)
    .ARM.Collect$$libinit$$00000017          0x08000162   Section        0  libinit2.o(.ARM.Collect$$libinit$$00000017)
    .ARM.Collect$$libinit$$00000019          0x08000162   Section        0  libinit2.o(.ARM.Collect$$libinit$$00000019)
    .ARM.Collect$$libinit$$0000001B          0x08000162   Section        0  libinit2.o(.ARM.Collect$$libinit$$0000001B)
    .ARM.Collect$$libinit$$0000001D          0x08000162   Section        0  libinit2.o(.ARM.Collect$$libinit$$0000001D)
    .ARM.Collect$$libinit$$0000001F          0x08000162   Section        0  libinit2.o(.ARM.Collect$$libinit$$0000001F)
    .ARM.Collect$$libinit$$00000021          0x08000162   Section        0  libinit2.o(.ARM.Collect$$libinit$$00000021)
    .ARM.Collect$$libinit$$00000023          0x08000162   Section        0  libinit2.o(.ARM.Collect$$libinit$$00000023)
    .ARM.Collect$$libinit$$00000025          0x08000162   Section        0  libinit2.o(.ARM.Collect$$libinit$$00000025)
    .ARM.Collect$$libinit$$0000002C          0x08000162   Section        0  libinit2.o(.ARM.Collect$$libinit$$0000002C)
    .ARM.Collect$$libinit$$0000002E          0x08000162   Section        0  libinit2.o(.ARM.Collect$$libinit$$0000002E)
    .ARM.Collect$$libinit$$00000030          0x08000162   Section        0  libinit2.o(.ARM.Collect$$libinit$$00000030)
    .ARM.Collect$$libinit$$00000032          0x08000162   Section        0  libinit2.o(.ARM.Collect$$libinit$$00000032)
    .ARM.Collect$$libinit$$00000033          0x08000162   Section        2  libinit2.o(.ARM.Collect$$libinit$$00000033)
    .ARM.Collect$$libshutdown$$00000000      0x08000164   Section        2  libshutdown.o(.ARM.Collect$$libshutdown$$00000000)
    .ARM.Collect$$libshutdown$$00000002      0x08000166   Section        0  libshutdown2.o(.ARM.Collect$$libshutdown$$00000002)
    .ARM.Collect$$libshutdown$$00000004      0x08000166   Section        0  libshutdown2.o(.ARM.Collect$$libshutdown$$00000004)
    .ARM.Collect$$libshutdown$$00000007      0x08000166   Section        0  libshutdown2.o(.ARM.Collect$$libshutdown$$00000007)
    .ARM.Collect$$libshutdown$$0000000A      0x08000166   Section        0  libshutdown2.o(.ARM.Collect$$libshutdown$$0000000A)
    .ARM.Collect$$libshutdown$$0000000C      0x08000166   Section        0  libshutdown2.o(.ARM.Collect$$libshutdown$$0000000C)
    .ARM.Collect$$libshutdown$$0000000F      0x08000166   Section        0  libshutdown2.o(.ARM.Collect$$libshutdown$$0000000F)
    .ARM.Collect$$libshutdown$$00000010      0x08000166   Section        2  libshutdown2.o(.ARM.Collect$$libshutdown$$00000010)
    .ARM.Collect$$rtentry$$00000000          0x08000168   Section        0  __rtentry.o(.ARM.Collect$$rtentry$$00000000)
    .ARM.Collect$$rtentry$$00000002          0x08000168   Section        0  __rtentry2.o(.ARM.Collect$$rtentry$$00000002)
    .ARM.Collect$$rtentry$$00000004          0x08000168   Section        6  __rtentry4.o(.ARM.Collect$$rtentry$$00000004)
    .ARM.Collect$$rtentry$$00000009          0x0800016e   Section        0  __rtentry2.o(.ARM.Collect$$rtentry$$00000009)
    .ARM.Collect$$rtentry$$0000000A          0x0800016e   Section        4  __rtentry2.o(.ARM.Collect$$rtentry$$0000000A)
    .ARM.Collect$$rtentry$$0000000C          0x08000172   Section        0  __rtentry2.o(.ARM.Collect$$rtentry$$0000000C)
    .ARM.Collect$$rtentry$$0000000D          0x08000172   Section        8  __rtentry2.o(.ARM.Collect$$rtentry$$0000000D)
    .ARM.Collect$$rtexit$$00000000           0x0800017a   Section        2  rtexit.o(.ARM.Collect$$rtexit$$00000000)
    .ARM.Collect$$rtexit$$00000002           0x0800017c   Section        0  rtexit2.o(.ARM.Collect$$rtexit$$00000002)
    .ARM.Collect$$rtexit$$00000003           0x0800017c   Section        4  rtexit2.o(.ARM.Collect$$rtexit$$00000003)
    .ARM.Collect$$rtexit$$00000004           0x08000180   Section        6  rtexit2.o(.ARM.Collect$$rtexit$$00000004)
    .text                                    0x08000188   Section       64  startup_stm32f10x_md.o(.text)
    .text                                    0x080001c8   Section      138  rt_memcpy_v6.o(.text)
    .text                                    0x08000252   Section       78  rt_memclr_w.o(.text)
    .text                                    0x080002a0   Section        0  heapauxi.o(.text)
    .text                                    0x080002a6   Section        0  _rserrno.o(.text)
    .text                                    0x080002bc   Section      100  rt_memcpy_w.o(.text)
    .text                                    0x08000320   Section        8  rt_errno_addr_intlibspace.o(.text)
    .text                                    0x08000328   Section        8  libspace.o(.text)
    .text                                    0x08000330   Section       74  sys_stackheap_outer.o(.text)
    .text                                    0x0800037a   Section        0  exit.o(.text)
    .text                                    0x0800038c   Section        0  sys_exit.o(.text)
    .text                                    0x08000398   Section        2  use_no_semi.o(.text)
    .text                                    0x0800039a   Section        0  indicate_semi.o(.text)
    [Anonymous Symbol]                       0x0800039c   Section        0  stm32f10x_adc.o(.text.ADC_Cmd)
    ADC_Convert                              0x080003b1   Thumb Code   206  adc_driver.o(.text.ADC_Convert)
    [Anonymous Symbol]                       0x080003b0   Section        0  adc_driver.o(.text.ADC_Convert)
    [Anonymous Symbol]                       0x08000480   Section        0  stm32f10x_adc.o(.text.ADC_DMACmd)
    [Anonymous Symbol]                       0x08000494   Section        0  adc_driver.o(.text.ADC_DMA_Init)
    adc_channels                             0x08000590   Number         0  adc_driver.o(.text.ADC_DMA_Init)
    [Anonymous Symbol]                       0x08000598   Section        0  stm32f10x_adc.o(.text.ADC_DeInit)
    [Anonymous Symbol]                       0x080005e4   Section        0  adc_driver.o(.text.ADC_GPIO_Init)
    [Anonymous Symbol]                       0x08000624   Section        0  stm32f10x_adc.o(.text.ADC_GetCalibrationStatus)
    [Anonymous Symbol]                       0x0800062c   Section        0  stm32f10x_adc.o(.text.ADC_GetResetCalibrationStatus)
    [Anonymous Symbol]                       0x08000634   Section        0  adc_driver.o(.text.ADC_GetStableAverageTemp)
    [Anonymous Symbol]                       0x080006b8   Section        0  adc_driver.o(.text.ADC_GetStatusBitmask)
    [Anonymous Symbol]                       0x080006e8   Section        0  stm32f10x_adc.o(.text.ADC_Init)
    [Anonymous Symbol]                       0x0800073c   Section        0  adc_driver.o(.text.ADC_ReadTempFiltered)
    [Anonymous Symbol]                       0x080007a4   Section        0  stm32f10x_adc.o(.text.ADC_RegularChannelConfig)
    [Anonymous Symbol]                       0x08000808   Section        0  stm32f10x_adc.o(.text.ADC_ResetCalibration)
    [Anonymous Symbol]                       0x08000814   Section        0  stm32f10x_adc.o(.text.ADC_SoftwareStartConvCmd)
    [Anonymous Symbol]                       0x08000828   Section        0  stm32f10x_adc.o(.text.ADC_StartCalibration)
    CRC8                                     0x08000835   Thumb Code    68  sx1278.o(.text.CRC8)
    [Anonymous Symbol]                       0x08000834   Section        0  sx1278.o(.text.CRC8)
    [Anonymous Symbol]                       0x08000878   Section        0  stm32f10x_dma.o(.text.DMA_Cmd)
    [Anonymous Symbol]                       0x08000890   Section        0  stm32f10x_dma.o(.text.DMA_DeInit)
    [Anonymous Symbol]                       0x0800099c   Section        0  stm32f10x_dma.o(.text.DMA_Init)
    [Anonymous Symbol]                       0x080009e4   Section        0  systick_utils.o(.text.Delay_Ms)
    [Anonymous Symbol]                       0x080009fc   Section        0  stm32f10x_gpio.o(.text.GPIO_Init)
    [Anonymous Symbol]                       0x08000aac   Section        0  stm32f10x_gpio.o(.text.GPIO_ResetBits)
    [Anonymous Symbol]                       0x08000ab0   Section        0  stm32f10x_gpio.o(.text.GPIO_SetBits)
    GetMedian                                0x08000ab5   Thumb Code    96  adc_driver.o(.text.GetMedian)
    [Anonymous Symbol]                       0x08000ab4   Section        0  adc_driver.o(.text.GetMedian)
    MovingAverage                            0x08000b15   Thumb Code   134  adc_driver.o(.text.MovingAverage)
    [Anonymous Symbol]                       0x08000b14   Section        0  adc_driver.o(.text.MovingAverage)
    [Anonymous Symbol]                       0x08000b9c   Section        0  stm32f10x_rcc.o(.text.RCC_AHBPeriphClockCmd)
    [Anonymous Symbol]                       0x08000bb4   Section        0  stm32f10x_rcc.o(.text.RCC_APB2PeriphClockCmd)
    [Anonymous Symbol]                       0x08000bcc   Section        0  stm32f10x_rcc.o(.text.RCC_APB2PeriphResetCmd)
    [Anonymous Symbol]                       0x08000be4   Section        0  spi_driver.o(.text.SPI1_Transfer)
    [Anonymous Symbol]                       0x08000c38   Section        0  stm32f10x_spi.o(.text.SPI_Cmd)
    [Anonymous Symbol]                       0x08000c4c   Section        0  spi_driver.o(.text.SPI_GPIO_Init)
    [Anonymous Symbol]                       0x08000cc8   Section        0  stm32f10x_spi.o(.text.SPI_I2S_GetFlagStatus)
    [Anonymous Symbol]                       0x08000cd4   Section        0  stm32f10x_spi.o(.text.SPI_I2S_ReceiveData)
    [Anonymous Symbol]                       0x08000cd8   Section        0  stm32f10x_spi.o(.text.SPI_I2S_SendData)
    [Anonymous Symbol]                       0x08000cdc   Section        0  stm32f10x_spi.o(.text.SPI_Init)
    SX1278_GPIO_Init                         0x08000d25   Thumb Code    88  sx1278.o(.text.SX1278_GPIO_Init)
    [Anonymous Symbol]                       0x08000d24   Section        0  sx1278.o(.text.SX1278_GPIO_Init)
    [Anonymous Symbol]                       0x08000d7c   Section        0  sx1278.o(.text.SX1278_Init)
    SX1278_ReadReg                           0x08000df9   Thumb Code    32  sx1278.o(.text.SX1278_ReadReg)
    [Anonymous Symbol]                       0x08000df8   Section        0  sx1278.o(.text.SX1278_ReadReg)
    [Anonymous Symbol]                       0x08000e18   Section        0  sx1278.o(.text.SX1278_ReceivePacket)
    SX1278_Reset                             0x08000f01   Thumb Code    44  sx1278.o(.text.SX1278_Reset)
    [Anonymous Symbol]                       0x08000f00   Section        0  sx1278.o(.text.SX1278_Reset)
    SX1278_Select                            0x08000f2d   Thumb Code    18  sx1278.o(.text.SX1278_Select)
    [Anonymous Symbol]                       0x08000f2c   Section        0  sx1278.o(.text.SX1278_Select)
    [Anonymous Symbol]                       0x08000f40   Section        0  sx1278.o(.text.SX1278_SendPacket)
    SX1278_Unselect                          0x0800101d   Thumb Code    18  sx1278.o(.text.SX1278_Unselect)
    [Anonymous Symbol]                       0x0800101c   Section        0  sx1278.o(.text.SX1278_Unselect)
    [Anonymous Symbol]                       0x08001030   Section        0  sx1278.o(.text.SX1278_WriteReg)
    SetSysClock                              0x08001051   Thumb Code     8  system_stm32f10x.o(.text.SetSysClock)
    [Anonymous Symbol]                       0x08001050   Section        0  system_stm32f10x.o(.text.SetSysClock)
    SetSysClockTo72                          0x08001059   Thumb Code   190  system_stm32f10x.o(.text.SetSysClockTo72)
    [Anonymous Symbol]                       0x08001058   Section        0  system_stm32f10x.o(.text.SetSysClockTo72)
    SysTick_Config                           0x08001119   Thumb Code    36  systick_driver.o(.text.SysTick_Config)
    [Anonymous Symbol]                       0x08001118   Section        0  systick_driver.o(.text.SysTick_Config)
    [Anonymous Symbol]                       0x0800113c   Section        0  systick_driver.o(.text.SysTick_GetTick)
    [Anonymous Symbol]                       0x08001148   Section        0  systick_driver.o(.text.SysTick_Handler)
    [Anonymous Symbol]                       0x08001158   Section        0  systick_driver.o(.text.SysTick_Init)
    [Anonymous Symbol]                       0x0800117c   Section        0  system_stm32f10x.o(.text.SystemCoreClockUpdate)
    [Anonymous Symbol]                       0x080011ec   Section        0  system_stm32f10x.o(.text.SystemInit)
    ValidateTemp                             0x08001245   Thumb Code   162  adc_driver.o(.text.ValidateTemp)
    [Anonymous Symbol]                       0x08001244   Section        0  adc_driver.o(.text.ValidateTemp)
    __NVIC_SetPriority                       0x080012e9   Thumb Code    14  systick_driver.o(.text.__NVIC_SetPriority)
    [Anonymous Symbol]                       0x080012e8   Section        0  systick_driver.o(.text.__NVIC_SetPriority)
    [Anonymous Symbol]                       0x080012f8   Section        0  main.o(.text.main)
    [Anonymous Symbol]                       0x08001364   Section        0  systick_utils.o(.text.millis)
    sort                                     0x0800136d   Thumb Code    58  adc_driver.o(.text.sort)
    [Anonymous Symbol]                       0x0800136c   Section        0  adc_driver.o(.text.sort)
    i.__kernel_poly                          0x080013a6   Section        0  poly.o(i.__kernel_poly)
    i.__mathlib_dbl_divzero                  0x08001450   Section        0  dunder.o(i.__mathlib_dbl_divzero)
    i.__mathlib_dbl_infnan                   0x08001460   Section        0  dunder.o(i.__mathlib_dbl_infnan)
    i.__mathlib_dbl_invalid                  0x08001466   Section        0  dunder.o(i.__mathlib_dbl_invalid)
    i.log                                    0x08001474   Section        0  log.o(i.log)
    x$fpl$d2f                                0x080017d0   Section       98  d2f.o(x$fpl$d2f)
    x$fpl$dadd                               0x08001834   Section      336  daddsub_clz.o(x$fpl$dadd)
    _dadd1                                   0x08001845   Thumb Code     0  daddsub_clz.o(x$fpl$dadd)
    x$fpl$dcheck1                            0x08001984   Section       16  dcheck1.o(x$fpl$dcheck1)
    x$fpl$dcmpinf                            0x08001994   Section       24  dcmpi.o(x$fpl$dcmpinf)
    x$fpl$ddiv                               0x080019ac   Section      688  ddiv.o(x$fpl$ddiv)
    ddiv_entry                               0x080019b3   Thumb Code     0  ddiv.o(x$fpl$ddiv)
    x$fpl$deqf                               0x08001c5c   Section      120  deqf.o(x$fpl$deqf)
    x$fpl$dflt                               0x08001cd4   Section       46  dflt_clz.o(x$fpl$dflt)
    x$fpl$dmul                               0x08001d04   Section      340  dmul.o(x$fpl$dmul)
    x$fpl$dnaninf                            0x08001e58   Section      156  dnaninf.o(x$fpl$dnaninf)
    x$fpl$dretinf                            0x08001ef4   Section       12  dretinf.o(x$fpl$dretinf)
    x$fpl$drsb                               0x08001f00   Section       22  daddsub_clz.o(x$fpl$drsb)
    x$fpl$dsub                               0x08001f18   Section      468  daddsub_clz.o(x$fpl$dsub)
    _dsub1                                   0x08001f29   Thumb Code     0  daddsub_clz.o(x$fpl$dsub)
    x$fpl$f2d                                0x080020ec   Section       86  f2d.o(x$fpl$f2d)
    x$fpl$fadd                               0x08002144   Section      196  faddsub_clz.o(x$fpl$fadd)
    _fadd1                                   0x08002153   Thumb Code     0  faddsub_clz.o(x$fpl$fadd)
    x$fpl$fcmp                               0x08002208   Section       84  fcmp.o(x$fpl$fcmp)
    x$fpl$fcmpinf                            0x0800225c   Section       24  fcmpi.o(x$fpl$fcmpinf)
    _fdiv1                                   0x08002275   Thumb Code     0  fdiv.o(x$fpl$fdiv)
    x$fpl$fdiv                               0x08002274   Section      388  fdiv.o(x$fpl$fdiv)
    x$fpl$feqf                               0x080023f8   Section      104  feqf.o(x$fpl$feqf)
    x$fpl$ffltu                              0x08002460   Section       38  fflt_clz.o(x$fpl$ffltu)
    x$fpl$fgeqf                              0x08002488   Section      104  fgeqf.o(x$fpl$fgeqf)
    x$fpl$fleqf                              0x080024f0   Section      104  fleqf.o(x$fpl$fleqf)
    x$fpl$fmul                               0x08002558   Section      258  fmul.o(x$fpl$fmul)
    x$fpl$fnaninf                            0x0800265a   Section      140  fnaninf.o(x$fpl$fnaninf)
    x$fpl$fretinf                            0x080026e6   Section       10  fretinf.o(x$fpl$fretinf)
    x$fpl$fsub                               0x080026f0   Section      234  faddsub_clz.o(x$fpl$fsub)
    _fsub1                                   0x080026ff   Thumb Code     0  faddsub_clz.o(x$fpl$fsub)
    x$fpl$retnan                             0x080027da   Section      100  retnan.o(x$fpl$retnan)
    x$fpl$scalbn                             0x0800283e   Section       92  scalbn.o(x$fpl$scalbn)
    x$fpl$trapveneer                         0x0800289a   Section       48  trapv.o(x$fpl$trapveneer)
    x$fpl$usenofp                            0x080028ca   Section        0  usenofp.o(x$fpl$usenofp)
    Lg2                                      0x080028d0   Data          24  log.o(.constdata)
    .constdata                               0x080028d0   Section       56  log.o(.constdata)
    Lg                                       0x080028e8   Data          32  log.o(.constdata)
    .constdata                               0x08002908   Section        8  qnan.o(.constdata)
    .bss                                     0x20000008   Section       96  libspace.o(.bss)
    ma_buffer                                0x20000074   Data         120  adc_driver.o(.bss.ma_buffer)
    [Anonymous Symbol]                       0x20000074   Section        0  adc_driver.o(.bss.ma_buffer)
    ma_count                                 0x200000ec   Data           6  adc_driver.o(.bss.ma_count)
    [Anonymous Symbol]                       0x200000ec   Section        0  adc_driver.o(.bss.ma_count)
    ma_index                                 0x200000f2   Data           6  adc_driver.o(.bss.ma_index)
    [Anonymous Symbol]                       0x200000f2   Section        0  adc_driver.o(.bss.ma_index)
    ma_sum                                   0x200000f8   Data          24  adc_driver.o(.bss.ma_sum)
    [Anonymous Symbol]                       0x200000f8   Section        0  adc_driver.o(.bss.ma_sum)
    sample_buffer                            0x20000110   Data          84  adc_driver.o(.bss.sample_buffer)
    [Anonymous Symbol]                       0x20000110   Section        0  adc_driver.o(.bss.sample_buffer)
    sample_index                             0x20000164   Data           6  adc_driver.o(.bss.sample_index)
    [Anonymous Symbol]                       0x20000164   Section        0  adc_driver.o(.bss.sample_index)
    sensor_state                             0x2000016c   Data          96  adc_driver.o(.bss.sensor_state)
    [Anonymous Symbol]                       0x2000016c   Section        0  adc_driver.o(.bss.sensor_state)
    tick_ms                                  0x200001cc   Data           4  systick_driver.o(.bss.tick_ms)
    [Anonymous Symbol]                       0x200001cc   Section        0  systick_driver.o(.bss.tick_ms)
    Heap_Mem                                 0x200001d0   Data         512  startup_stm32f10x_md.o(HEAP)
    HEAP                                     0x200001d0   Section      512  startup_stm32f10x_md.o(HEAP)
    Stack_Mem                                0x200003d0   Data        1024  startup_stm32f10x_md.o(STACK)
    STACK                                    0x200003d0   Section     1024  startup_stm32f10x_md.o(STACK)
    __initial_sp                             0x200007d0   Data           0  startup_stm32f10x_md.o(STACK)

    Global Symbols

    Symbol Name                              Value     Ov Type        Size  Object(Section)

    BuildAttributes$$THM_ISAv4$P$D$K$B$S$PE$A:L22UL41UL21$X:L11$S22US41US21$IEEE1$IW$~IW$USESV6$~STKCKD$USESV7$~SHL$OTIME$ROPI$IEEEX$EBA8$UX$STANDARDLIB$REQ8$PRES8$EABIv2 0x00000000   Number         0  anon$$obj.o ABSOLUTE
    __fp_init_empty                          0x00000000   Number         0  fpinit_empty.o ABSOLUTE
    __ARM_exceptions_init                     - Undefined Weak Reference
    __alloca_initialize                       - Undefined Weak Reference
    __arm_preinit_                            - Undefined Weak Reference
    __cpp_initialize__aeabi_                  - Undefined Weak Reference
    __cxa_finalize                            - Undefined Weak Reference
    __rt_locale                               - Undefined Weak Reference
    __sigvec_lookup                           - Undefined Weak Reference
    _atexit_init                              - Undefined Weak Reference
    _call_atexit_fns                          - Undefined Weak Reference
    _clock_init                               - Undefined Weak Reference
    _fp_trap_init                             - Undefined Weak Reference
    _fp_trap_shutdown                         - Undefined Weak Reference
    _get_lc_collate                           - Undefined Weak Reference
    _get_lc_ctype                             - Undefined Weak Reference
    _get_lc_monetary                          - Undefined Weak Reference
    _get_lc_numeric                           - Undefined Weak Reference
    _get_lc_time                              - Undefined Weak Reference
    _getenv_init                              - Undefined Weak Reference
    _handle_redirection                       - Undefined Weak Reference
    _init_alloc                               - Undefined Weak Reference
    _init_user_alloc                          - Undefined Weak Reference
    _initio                                   - Undefined Weak Reference
    _rand_init                                - Undefined Weak Reference
    _signal_finish                            - Undefined Weak Reference
    _signal_init                              - Undefined Weak Reference
    _terminate_alloc                          - Undefined Weak Reference
    _terminate_user_alloc                     - Undefined Weak Reference
    _terminateio                              - Undefined Weak Reference
    __Vectors_Size                           0x000000ec   Number         0  startup_stm32f10x_md.o ABSOLUTE
    __Vectors                                0x08000000   Data           4  startup_stm32f10x_md.o(RESET)
    __Vectors_End                            0x080000ec   Data           0  startup_stm32f10x_md.o(RESET)
    __main                                   0x080000ed   Thumb Code     8  __main.o(!!!main)
    __scatterload                            0x080000f5   Thumb Code     0  __scatter.o(!!!scatter)
    __scatterload_rt2                        0x080000f5   Thumb Code    44  __scatter.o(!!!scatter)
    __scatterload_rt2_thumb_only             0x080000f5   Thumb Code     0  __scatter.o(!!!scatter)
    __scatterload_null                       0x08000103   Thumb Code     0  __scatter.o(!!!scatter)
    __scatterload_copy                       0x08000129   Thumb Code    26  __scatter_copy.o(!!handler_copy)
    __scatterload_zeroinit                   0x08000145   Thumb Code    28  __scatter_zi.o(!!handler_zi)
    __rt_lib_init                            0x08000161   Thumb Code     0  libinit.o(.ARM.Collect$$libinit$$00000000)
    __rt_lib_init_alloca_1                   0x08000163   Thumb Code     0  libinit2.o(.ARM.Collect$$libinit$$0000002E)
    __rt_lib_init_argv_1                     0x08000163   Thumb Code     0  libinit2.o(.ARM.Collect$$libinit$$0000002C)
    __rt_lib_init_atexit_1                   0x08000163   Thumb Code     0  libinit2.o(.ARM.Collect$$libinit$$0000001B)
    __rt_lib_init_clock_1                    0x08000163   Thumb Code     0  libinit2.o(.ARM.Collect$$libinit$$00000021)
    __rt_lib_init_cpp_1                      0x08000163   Thumb Code     0  libinit2.o(.ARM.Collect$$libinit$$00000032)
    __rt_lib_init_exceptions_1               0x08000163   Thumb Code     0  libinit2.o(.ARM.Collect$$libinit$$00000030)
    __rt_lib_init_fp_1                       0x08000163   Thumb Code     0  libinit2.o(.ARM.Collect$$libinit$$00000002)
    __rt_lib_init_fp_trap_1                  0x08000163   Thumb Code     0  libinit2.o(.ARM.Collect$$libinit$$0000001F)
    __rt_lib_init_getenv_1                   0x08000163   Thumb Code     0  libinit2.o(.ARM.Collect$$libinit$$00000023)
    __rt_lib_init_heap_1                     0x08000163   Thumb Code     0  libinit2.o(.ARM.Collect$$libinit$$0000000A)
    __rt_lib_init_lc_collate_1               0x08000163   Thumb Code     0  libinit2.o(.ARM.Collect$$libinit$$00000011)
    __rt_lib_init_lc_ctype_1                 0x08000163   Thumb Code     0  libinit2.o(.ARM.Collect$$libinit$$00000013)
    __rt_lib_init_lc_monetary_1              0x08000163   Thumb Code     0  libinit2.o(.ARM.Collect$$libinit$$00000015)
    __rt_lib_init_lc_numeric_1               0x08000163   Thumb Code     0  libinit2.o(.ARM.Collect$$libinit$$00000017)
    __rt_lib_init_lc_time_1                  0x08000163   Thumb Code     0  libinit2.o(.ARM.Collect$$libinit$$00000019)
    __rt_lib_init_preinit_1                  0x08000163   Thumb Code     0  libinit2.o(.ARM.Collect$$libinit$$00000004)
    __rt_lib_init_rand_1                     0x08000163   Thumb Code     0  libinit2.o(.ARM.Collect$$libinit$$0000000E)
    __rt_lib_init_return                     0x08000163   Thumb Code     0  libinit2.o(.ARM.Collect$$libinit$$00000033)
    __rt_lib_init_signal_1                   0x08000163   Thumb Code     0  libinit2.o(.ARM.Collect$$libinit$$0000001D)
    __rt_lib_init_stdio_1                    0x08000163   Thumb Code     0  libinit2.o(.ARM.Collect$$libinit$$00000025)
    __rt_lib_init_user_alloc_1               0x08000163   Thumb Code     0  libinit2.o(.ARM.Collect$$libinit$$0000000C)
    __rt_lib_shutdown                        0x08000165   Thumb Code     0  libshutdown.o(.ARM.Collect$$libshutdown$$00000000)
    __rt_lib_shutdown_cpp_1                  0x08000167   Thumb Code     0  libshutdown2.o(.ARM.Collect$$libshutdown$$00000002)
    __rt_lib_shutdown_fp_trap_1              0x08000167   Thumb Code     0  libshutdown2.o(.ARM.Collect$$libshutdown$$00000007)
    __rt_lib_shutdown_heap_1                 0x08000167   Thumb Code     0  libshutdown2.o(.ARM.Collect$$libshutdown$$0000000F)
    __rt_lib_shutdown_return                 0x08000167   Thumb Code     0  libshutdown2.o(.ARM.Collect$$libshutdown$$00000010)
    __rt_lib_shutdown_signal_1               0x08000167   Thumb Code     0  libshutdown2.o(.ARM.Collect$$libshutdown$$0000000A)
    __rt_lib_shutdown_stdio_1                0x08000167   Thumb Code     0  libshutdown2.o(.ARM.Collect$$libshutdown$$00000004)
    __rt_lib_shutdown_user_alloc_1           0x08000167   Thumb Code     0  libshutdown2.o(.ARM.Collect$$libshutdown$$0000000C)
    __rt_entry                               0x08000169   Thumb Code     0  __rtentry.o(.ARM.Collect$$rtentry$$00000000)
    __rt_entry_presh_1                       0x08000169   Thumb Code     0  __rtentry2.o(.ARM.Collect$$rtentry$$00000002)
    __rt_entry_sh                            0x08000169   Thumb Code     0  __rtentry4.o(.ARM.Collect$$rtentry$$00000004)
    __rt_entry_li                            0x0800016f   Thumb Code     0  __rtentry2.o(.ARM.Collect$$rtentry$$0000000A)
    __rt_entry_postsh_1                      0x0800016f   Thumb Code     0  __rtentry2.o(.ARM.Collect$$rtentry$$00000009)
    __rt_entry_main                          0x08000173   Thumb Code     0  __rtentry2.o(.ARM.Collect$$rtentry$$0000000D)
    __rt_entry_postli_1                      0x08000173   Thumb Code     0  __rtentry2.o(.ARM.Collect$$rtentry$$0000000C)
    __rt_exit                                0x0800017b   Thumb Code     0  rtexit.o(.ARM.Collect$$rtexit$$00000000)
    __rt_exit_ls                             0x0800017d   Thumb Code     0  rtexit2.o(.ARM.Collect$$rtexit$$00000003)
    __rt_exit_prels_1                        0x0800017d   Thumb Code     0  rtexit2.o(.ARM.Collect$$rtexit$$00000002)
    __rt_exit_exit                           0x08000181   Thumb Code     0  rtexit2.o(.ARM.Collect$$rtexit$$00000004)
    Reset_Handler                            0x08000189   Thumb Code     8  startup_stm32f10x_md.o(.text)
    NMI_Handler                              0x08000191   Thumb Code     2  startup_stm32f10x_md.o(.text)
    HardFault_Handler                        0x08000193   Thumb Code     2  startup_stm32f10x_md.o(.text)
    MemManage_Handler                        0x08000195   Thumb Code     2  startup_stm32f10x_md.o(.text)
    BusFault_Handler                         0x08000197   Thumb Code     2  startup_stm32f10x_md.o(.text)
    UsageFault_Handler                       0x08000199   Thumb Code     2  startup_stm32f10x_md.o(.text)
    SVC_Handler                              0x0800019b   Thumb Code     2  startup_stm32f10x_md.o(.text)
    DebugMon_Handler                         0x0800019d   Thumb Code     2  startup_stm32f10x_md.o(.text)
    PendSV_Handler                           0x0800019f   Thumb Code     2  startup_stm32f10x_md.o(.text)
    ADC1_2_IRQHandler                        0x080001a3   Thumb Code     0  startup_stm32f10x_md.o(.text)
    CAN1_RX1_IRQHandler                      0x080001a3   Thumb Code     0  startup_stm32f10x_md.o(.text)
    CAN1_SCE_IRQHandler                      0x080001a3   Thumb Code     0  startup_stm32f10x_md.o(.text)
    DMA1_Channel1_IRQHandler                 0x080001a3   Thumb Code     0  startup_stm32f10x_md.o(.text)
    DMA1_Channel2_IRQHandler                 0x080001a3   Thumb Code     0  startup_stm32f10x_md.o(.text)
    DMA1_Channel3_IRQHandler                 0x080001a3   Thumb Code     0  startup_stm32f10x_md.o(.text)
    DMA1_Channel4_IRQHandler                 0x080001a3   Thumb Code     0  startup_stm32f10x_md.o(.text)
    DMA1_Channel5_IRQHandler                 0x080001a3   Thumb Code     0  startup_stm32f10x_md.o(.text)
    DMA1_Channel6_IRQHandler                 0x080001a3   Thumb Code     0  startup_stm32f10x_md.o(.text)
    DMA1_Channel7_IRQHandler                 0x080001a3   Thumb Code     0  startup_stm32f10x_md.o(.text)
    EXTI0_IRQHandler                         0x080001a3   Thumb Code     0  startup_stm32f10x_md.o(.text)
    EXTI15_10_IRQHandler                     0x080001a3   Thumb Code     0  startup_stm32f10x_md.o(.text)
    EXTI1_IRQHandler                         0x080001a3   Thumb Code     0  startup_stm32f10x_md.o(.text)
    EXTI2_IRQHandler                         0x080001a3   Thumb Code     0  startup_stm32f10x_md.o(.text)
    EXTI3_IRQHandler                         0x080001a3   Thumb Code     0  startup_stm32f10x_md.o(.text)
    EXTI4_IRQHandler                         0x080001a3   Thumb Code     0  startup_stm32f10x_md.o(.text)
    EXTI9_5_IRQHandler                       0x080001a3   Thumb Code     0  startup_stm32f10x_md.o(.text)
    FLASH_IRQHandler                         0x080001a3   Thumb Code     0  startup_stm32f10x_md.o(.text)
    I2C1_ER_IRQHandler                       0x080001a3   Thumb Code     0  startup_stm32f10x_md.o(.text)
    I2C1_EV_IRQHandler                       0x080001a3   Thumb Code     0  startup_stm32f10x_md.o(.text)
    I2C2_ER_IRQHandler                       0x080001a3   Thumb Code     0  startup_stm32f10x_md.o(.text)
    I2C2_EV_IRQHandler                       0x080001a3   Thumb Code     0  startup_stm32f10x_md.o(.text)
    PVD_IRQHandler                           0x080001a3   Thumb Code     0  startup_stm32f10x_md.o(.text)
    RCC_IRQHandler                           0x080001a3   Thumb Code     0  startup_stm32f10x_md.o(.text)
    RTCAlarm_IRQHandler                      0x080001a3   Thumb Code     0  startup_stm32f10x_md.o(.text)
    RTC_IRQHandler                           0x080001a3   Thumb Code     0  startup_stm32f10x_md.o(.text)
    SPI1_IRQHandler                          0x080001a3   Thumb Code     0  startup_stm32f10x_md.o(.text)
    SPI2_IRQHandler                          0x080001a3   Thumb Code     0  startup_stm32f10x_md.o(.text)
    TAMPER_IRQHandler                        0x080001a3   Thumb Code     0  startup_stm32f10x_md.o(.text)
    TIM1_BRK_IRQHandler                      0x080001a3   Thumb Code     0  startup_stm32f10x_md.o(.text)
    TIM1_CC_IRQHandler                       0x080001a3   Thumb Code     0  startup_stm32f10x_md.o(.text)
    TIM1_TRG_COM_IRQHandler                  0x080001a3   Thumb Code     0  startup_stm32f10x_md.o(.text)
    TIM1_UP_IRQHandler                       0x080001a3   Thumb Code     0  startup_stm32f10x_md.o(.text)
    TIM2_IRQHandler                          0x080001a3   Thumb Code     0  startup_stm32f10x_md.o(.text)
    TIM3_IRQHandler                          0x080001a3   Thumb Code     0  startup_stm32f10x_md.o(.text)
    TIM4_IRQHandler                          0x080001a3   Thumb Code     0  startup_stm32f10x_md.o(.text)
    USART1_IRQHandler                        0x080001a3   Thumb Code     0  startup_stm32f10x_md.o(.text)
    USART2_IRQHandler                        0x080001a3   Thumb Code     0  startup_stm32f10x_md.o(.text)
    USART3_IRQHandler                        0x080001a3   Thumb Code     0  startup_stm32f10x_md.o(.text)
    USBWakeUp_IRQHandler                     0x080001a3   Thumb Code     0  startup_stm32f10x_md.o(.text)
    USB_HP_CAN1_TX_IRQHandler                0x080001a3   Thumb Code     0  startup_stm32f10x_md.o(.text)
    USB_LP_CAN1_RX0_IRQHandler               0x080001a3   Thumb Code     0  startup_stm32f10x_md.o(.text)
    WWDG_IRQHandler                          0x080001a3   Thumb Code     0  startup_stm32f10x_md.o(.text)
    __user_initial_stackheap                 0x080001a5   Thumb Code     0  startup_stm32f10x_md.o(.text)
    __aeabi_memcpy                           0x080001c9   Thumb Code     0  rt_memcpy_v6.o(.text)
    __rt_memcpy                              0x080001c9   Thumb Code   138  rt_memcpy_v6.o(.text)
    _memcpy_lastbytes                        0x0800022f   Thumb Code     0  rt_memcpy_v6.o(.text)
    __aeabi_memclr4                          0x08000253   Thumb Code     0  rt_memclr_w.o(.text)
    __aeabi_memclr8                          0x08000253   Thumb Code     0  rt_memclr_w.o(.text)
    __rt_memclr_w                            0x08000253   Thumb Code    78  rt_memclr_w.o(.text)
    _memset_w                                0x08000257   Thumb Code     0  rt_memclr_w.o(.text)
    __use_two_region_memory                  0x080002a1   Thumb Code     2  heapauxi.o(.text)
    __rt_heap_escrow$2region                 0x080002a3   Thumb Code     2  heapauxi.o(.text)
    __rt_heap_expand$2region                 0x080002a5   Thumb Code     2  heapauxi.o(.text)
    __read_errno                             0x080002a7   Thumb Code    10  _rserrno.o(.text)
    __set_errno                              0x080002b1   Thumb Code    12  _rserrno.o(.text)
    __aeabi_memcpy4                          0x080002bd   Thumb Code     0  rt_memcpy_w.o(.text)
    __aeabi_memcpy8                          0x080002bd   Thumb Code     0  rt_memcpy_w.o(.text)
    __rt_memcpy_w                            0x080002bd   Thumb Code   100  rt_memcpy_w.o(.text)
    _memcpy_lastbytes_aligned                0x08000305   Thumb Code     0  rt_memcpy_w.o(.text)
    __aeabi_errno_addr                       0x08000321   Thumb Code     8  rt_errno_addr_intlibspace.o(.text)
    __errno$intlibspace                      0x08000321   Thumb Code     0  rt_errno_addr_intlibspace.o(.text)
    __rt_errno_addr$intlibspace              0x08000321   Thumb Code     0  rt_errno_addr_intlibspace.o(.text)
    __user_libspace                          0x08000329   Thumb Code     8  libspace.o(.text)
    __user_perproc_libspace                  0x08000329   Thumb Code     0  libspace.o(.text)
    __user_perthread_libspace                0x08000329   Thumb Code     0  libspace.o(.text)
    __user_setup_stackheap                   0x08000331   Thumb Code    74  sys_stackheap_outer.o(.text)
    exit                                     0x0800037b   Thumb Code    18  exit.o(.text)
    _sys_exit                                0x0800038d   Thumb Code     8  sys_exit.o(.text)
    __I$use$semihosting                      0x08000399   Thumb Code     0  use_no_semi.o(.text)
    __use_no_semihosting_swi                 0x08000399   Thumb Code     2  use_no_semi.o(.text)
    __semihosting_library_function           0x0800039b   Thumb Code     0  indicate_semi.o(.text)
    ADC_Cmd                                  0x0800039d   Thumb Code    18  stm32f10x_adc.o(.text.ADC_Cmd)
    ADC_DMACmd                               0x08000481   Thumb Code    18  stm32f10x_adc.o(.text.ADC_DMACmd)
    ADC_DMA_Init                             0x08000495   Thumb Code   260  adc_driver.o(.text.ADC_DMA_Init)
    ADC_DeInit                               0x08000599   Thumb Code    74  stm32f10x_adc.o(.text.ADC_DeInit)
    ADC_GPIO_Init                            0x080005e5   Thumb Code    64  adc_driver.o(.text.ADC_GPIO_Init)
    ADC_GetCalibrationStatus                 0x08000625   Thumb Code     8  stm32f10x_adc.o(.text.ADC_GetCalibrationStatus)
    ADC_GetResetCalibrationStatus            0x0800062d   Thumb Code     8  stm32f10x_adc.o(.text.ADC_GetResetCalibrationStatus)
    ADC_GetStableAverageTemp                 0x08000635   Thumb Code   130  adc_driver.o(.text.ADC_GetStableAverageTemp)
    ADC_GetStatusBitmask                     0x080006b9   Thumb Code    48  adc_driver.o(.text.ADC_GetStatusBitmask)
    ADC_Init                                 0x080006e9   Thumb Code    84  stm32f10x_adc.o(.text.ADC_Init)
    ADC_ReadTempFiltered                     0x0800073d   Thumb Code   104  adc_driver.o(.text.ADC_ReadTempFiltered)
    ADC_RegularChannelConfig                 0x080007a5   Thumb Code    98  stm32f10x_adc.o(.text.ADC_RegularChannelConfig)
    ADC_ResetCalibration                     0x08000809   Thumb Code    10  stm32f10x_adc.o(.text.ADC_ResetCalibration)
    ADC_SoftwareStartConvCmd                 0x08000815   Thumb Code    18  stm32f10x_adc.o(.text.ADC_SoftwareStartConvCmd)
    ADC_StartCalibration                     0x08000829   Thumb Code    10  stm32f10x_adc.o(.text.ADC_StartCalibration)
    DMA_Cmd                                  0x08000879   Thumb Code    22  stm32f10x_dma.o(.text.DMA_Cmd)
    DMA_DeInit                               0x08000891   Thumb Code   268  stm32f10x_dma.o(.text.DMA_DeInit)
    DMA_Init                                 0x0800099d   Thumb Code    72  stm32f10x_dma.o(.text.DMA_Init)
    Delay_Ms                                 0x080009e5   Thumb Code    24  systick_utils.o(.text.Delay_Ms)
    GPIO_Init                                0x080009fd   Thumb Code   176  stm32f10x_gpio.o(.text.GPIO_Init)
    GPIO_ResetBits                           0x08000aad   Thumb Code     4  stm32f10x_gpio.o(.text.GPIO_ResetBits)
    GPIO_SetBits                             0x08000ab1   Thumb Code     4  stm32f10x_gpio.o(.text.GPIO_SetBits)
    RCC_AHBPeriphClockCmd                    0x08000b9d   Thumb Code    24  stm32f10x_rcc.o(.text.RCC_AHBPeriphClockCmd)
    RCC_APB2PeriphClockCmd                   0x08000bb5   Thumb Code    24  stm32f10x_rcc.o(.text.RCC_APB2PeriphClockCmd)
    RCC_APB2PeriphResetCmd                   0x08000bcd   Thumb Code    24  stm32f10x_rcc.o(.text.RCC_APB2PeriphResetCmd)
    SPI1_Transfer                            0x08000be5   Thumb Code    82  spi_driver.o(.text.SPI1_Transfer)
    SPI_Cmd                                  0x08000c39   Thumb Code    18  stm32f10x_spi.o(.text.SPI_Cmd)
    SPI_GPIO_Init                            0x08000c4d   Thumb Code   124  spi_driver.o(.text.SPI_GPIO_Init)
    SPI_I2S_GetFlagStatus                    0x08000cc9   Thumb Code    10  stm32f10x_spi.o(.text.SPI_I2S_GetFlagStatus)
    SPI_I2S_ReceiveData                      0x08000cd5   Thumb Code     4  stm32f10x_spi.o(.text.SPI_I2S_ReceiveData)
    SPI_I2S_SendData                         0x08000cd9   Thumb Code     4  stm32f10x_spi.o(.text.SPI_I2S_SendData)
    SPI_Init                                 0x08000cdd   Thumb Code    70  stm32f10x_spi.o(.text.SPI_Init)
    SX1278_Init                              0x08000d7d   Thumb Code   124  sx1278.o(.text.SX1278_Init)
    SX1278_ReceivePacket                     0x08000e19   Thumb Code   230  sx1278.o(.text.SX1278_ReceivePacket)
    SX1278_SendPacket                        0x08000f41   Thumb Code   218  sx1278.o(.text.SX1278_SendPacket)
    SX1278_WriteReg                          0x08001031   Thumb Code    30  sx1278.o(.text.SX1278_WriteReg)
    SysTick_GetTick                          0x0800113d   Thumb Code    12  systick_driver.o(.text.SysTick_GetTick)
    SysTick_Handler                          0x08001149   Thumb Code    16  systick_driver.o(.text.SysTick_Handler)
    SysTick_Init                             0x08001159   Thumb Code    36  systick_driver.o(.text.SysTick_Init)
    SystemCoreClockUpdate                    0x0800117d   Thumb Code   110  system_stm32f10x.o(.text.SystemCoreClockUpdate)
    SystemInit                               0x080011ed   Thumb Code    86  system_stm32f10x.o(.text.SystemInit)
    main                                     0x080012f9   Thumb Code   106  main.o(.text.main)
    millis                                   0x08001365   Thumb Code     8  systick_utils.o(.text.millis)
    __kernel_poly                            0x080013a7   Thumb Code   170  poly.o(i.__kernel_poly)
    __mathlib_dbl_divzero                    0x08001451   Thumb Code    12  dunder.o(i.__mathlib_dbl_divzero)
    __mathlib_dbl_infnan                     0x08001461   Thumb Code     6  dunder.o(i.__mathlib_dbl_infnan)
    __mathlib_dbl_invalid                    0x08001467   Thumb Code    12  dunder.o(i.__mathlib_dbl_invalid)
    log                                      0x08001475   Thumb Code   808  log.o(i.log)
    __aeabi_d2f                              0x080017d1   Thumb Code     0  d2f.o(x$fpl$d2f)
    _d2f                                     0x080017d1   Thumb Code    98  d2f.o(x$fpl$d2f)
    __aeabi_dadd                             0x08001835   Thumb Code     0  daddsub_clz.o(x$fpl$dadd)
    _dadd                                    0x08001835   Thumb Code   332  daddsub_clz.o(x$fpl$dadd)
    __fpl_dcheck_NaN1                        0x08001985   Thumb Code    10  dcheck1.o(x$fpl$dcheck1)
    __fpl_dcmp_Inf                           0x08001995   Thumb Code    24  dcmpi.o(x$fpl$dcmpinf)
    __aeabi_ddiv                             0x080019ad   Thumb Code     0  ddiv.o(x$fpl$ddiv)
    _ddiv                                    0x080019ad   Thumb Code   552  ddiv.o(x$fpl$ddiv)
    __aeabi_cdcmpeq                          0x08001c5d   Thumb Code     0  deqf.o(x$fpl$deqf)
    _dcmpeq                                  0x08001c5d   Thumb Code   120  deqf.o(x$fpl$deqf)
    __aeabi_i2d                              0x08001cd5   Thumb Code     0  dflt_clz.o(x$fpl$dflt)
    _dflt                                    0x08001cd5   Thumb Code    46  dflt_clz.o(x$fpl$dflt)
    __aeabi_dmul                             0x08001d05   Thumb Code     0  dmul.o(x$fpl$dmul)
    _dmul                                    0x08001d05   Thumb Code   332  dmul.o(x$fpl$dmul)
    __fpl_dnaninf                            0x08001e59   Thumb Code   156  dnaninf.o(x$fpl$dnaninf)
    __fpl_dretinf                            0x08001ef5   Thumb Code    12  dretinf.o(x$fpl$dretinf)
    __aeabi_drsub                            0x08001f01   Thumb Code     0  daddsub_clz.o(x$fpl$drsb)
    _drsb                                    0x08001f01   Thumb Code    22  daddsub_clz.o(x$fpl$drsb)
    __aeabi_dsub                             0x08001f19   Thumb Code     0  daddsub_clz.o(x$fpl$dsub)
    _dsub                                    0x08001f19   Thumb Code   464  daddsub_clz.o(x$fpl$dsub)
    __aeabi_f2d                              0x080020ed   Thumb Code     0  f2d.o(x$fpl$f2d)
    _f2d                                     0x080020ed   Thumb Code    86  f2d.o(x$fpl$f2d)
    __aeabi_fadd                             0x08002145   Thumb Code     0  faddsub_clz.o(x$fpl$fadd)
    _fadd                                    0x08002145   Thumb Code   196  faddsub_clz.o(x$fpl$fadd)
    __aeabi_fcmpeq                           0x08002209   Thumb Code     0  fcmp.o(x$fpl$fcmp)
    _feq                                     0x08002209   Thumb Code    14  fcmp.o(x$fpl$fcmp)
    _fneq                                    0x08002217   Thumb Code    14  fcmp.o(x$fpl$fcmp)
    __aeabi_fcmpgt                           0x08002225   Thumb Code     0  fcmp.o(x$fpl$fcmp)
    _fgr                                     0x08002225   Thumb Code    14  fcmp.o(x$fpl$fcmp)
    __aeabi_fcmpge                           0x08002233   Thumb Code     0  fcmp.o(x$fpl$fcmp)
    _fgeq                                    0x08002233   Thumb Code    14  fcmp.o(x$fpl$fcmp)
    __aeabi_fcmple                           0x08002241   Thumb Code     0  fcmp.o(x$fpl$fcmp)
    _fleq                                    0x08002241   Thumb Code    14  fcmp.o(x$fpl$fcmp)
    __aeabi_fcmplt                           0x0800224f   Thumb Code     0  fcmp.o(x$fpl$fcmp)
    _fls                                     0x0800224f   Thumb Code    14  fcmp.o(x$fpl$fcmp)
    __fpl_fcmp_Inf                           0x0800225d   Thumb Code    24  fcmpi.o(x$fpl$fcmpinf)
    __aeabi_fdiv                             0x08002275   Thumb Code     0  fdiv.o(x$fpl$fdiv)
    _fdiv                                    0x08002275   Thumb Code   384  fdiv.o(x$fpl$fdiv)
    __aeabi_cfcmpeq                          0x080023f9   Thumb Code     0  feqf.o(x$fpl$feqf)
    _fcmpeq                                  0x080023f9   Thumb Code   104  feqf.o(x$fpl$feqf)
    __aeabi_ui2f                             0x08002461   Thumb Code     0  fflt_clz.o(x$fpl$ffltu)
    _ffltu                                   0x08002461   Thumb Code    38  fflt_clz.o(x$fpl$ffltu)
    _fcmpge                                  0x08002489   Thumb Code   104  fgeqf.o(x$fpl$fgeqf)
    __aeabi_cfcmple                          0x080024f1   Thumb Code     0  fleqf.o(x$fpl$fleqf)
    _fcmple                                  0x080024f1   Thumb Code   104  fleqf.o(x$fpl$fleqf)
    __fpl_fcmple_InfNaN                      0x08002543   Thumb Code     0  fleqf.o(x$fpl$fleqf)
    __aeabi_fmul                             0x08002559   Thumb Code     0  fmul.o(x$fpl$fmul)
    _fmul                                    0x08002559   Thumb Code   258  fmul.o(x$fpl$fmul)
    __fpl_fnaninf                            0x0800265b   Thumb Code   140  fnaninf.o(x$fpl$fnaninf)
    __fpl_fretinf                            0x080026e7   Thumb Code    10  fretinf.o(x$fpl$fretinf)
    __aeabi_fsub                             0x080026f1   Thumb Code     0  faddsub_clz.o(x$fpl$fsub)
    _fsub                                    0x080026f1   Thumb Code   234  faddsub_clz.o(x$fpl$fsub)
    __fpl_return_NaN                         0x080027db   Thumb Code   100  retnan.o(x$fpl$retnan)
    __ARM_scalbn                             0x0800283f   Thumb Code    92  scalbn.o(x$fpl$scalbn)
    __fpl_cmpreturn                          0x0800289b   Thumb Code    48  trapv.o(x$fpl$trapveneer)
    __I$use$fp                               0x080028ca   Number         0  usenofp.o(x$fpl$usenofp)
    __mathlib_zero                           0x08002908   Data           8  qnan.o(.constdata)
    AHBPrescTable                            0x08002910   Data          16  system_stm32f10x.o(.rodata.AHBPrescTable)
    Region$$Table$$Base                      0x08002920   Number         0  anon$$obj.o(Region$$Table)
    Region$$Table$$Limit                     0x08002940   Number         0  anon$$obj.o(Region$$Table)
    SystemCoreClock                          0x20000000   Data           4  system_stm32f10x.o(.data.SystemCoreClock)
    __libspace_start                         0x20000008   Data          96  libspace.o(.bss)
    __temporary_stack_top$libspace           0x20000068   Data           0  libspace.o(.bss)
    adc_buffer                               0x20000068   Data          12  adc_driver.o(.bss.adc_buffer)



==============================================================================

Memory Map of the image

  Image Entry point : 0x080000ed

  Load Region LR_IROM1 (Base: 0x08000000, Size: 0x00002948, Max: 0x00010000, ABSOLUTE)

    Execution Region ER_IROM1 (Exec base: 0x08000000, Load base: 0x08000000, Size: 0x00002940, Max: 0x00010000, ABSOLUTE)

    Exec Addr    Load Addr    Size         Type   Attr      Idx    E Section Name        Object

    0x08000000   0x08000000   0x000000ec   Data   RO          423    RESET               startup_stm32f10x_md.o
    0x080000ec   0x080000ec   0x00000008   Code   RO          456  * !!!main             c_w.l(__main.o)
    0x080000f4   0x080000f4   0x00000034   Code   RO          726    !!!scatter          c_w.l(__scatter.o)
    0x08000128   0x08000128   0x0000001a   Code   RO          728    !!handler_copy      c_w.l(__scatter_copy.o)
    0x08000142   0x08000142   0x00000002   PAD
    0x08000144   0x08000144   0x0000001c   Code   RO          730    !!handler_zi        c_w.l(__scatter_zi.o)
    0x08000160   0x08000160   0x00000002   Code   RO          589    .ARM.Collect$$libinit$$00000000  c_w.l(libinit.o)
    0x08000162   0x08000162   0x00000000   Code   RO          595    .ARM.Collect$$libinit$$00000002  c_w.l(libinit2.o)
    0x08000162   0x08000162   0x00000000   Code   RO          597    .ARM.Collect$$libinit$$00000004  c_w.l(libinit2.o)
    0x08000162   0x08000162   0x00000000   Code   RO          600    .ARM.Collect$$libinit$$0000000A  c_w.l(libinit2.o)
    0x08000162   0x08000162   0x00000000   Code   RO          602    .ARM.Collect$$libinit$$0000000C  c_w.l(libinit2.o)
    0x08000162   0x08000162   0x00000000   Code   RO          604    .ARM.Collect$$libinit$$0000000E  c_w.l(libinit2.o)
    0x08000162   0x08000162   0x00000000   Code   RO          607    .ARM.Collect$$libinit$$00000011  c_w.l(libinit2.o)
    0x08000162   0x08000162   0x00000000   Code   RO          609    .ARM.Collect$$libinit$$00000013  c_w.l(libinit2.o)
    0x08000162   0x08000162   0x00000000   Code   RO          611    .ARM.Collect$$libinit$$00000015  c_w.l(libinit2.o)
    0x08000162   0x08000162   0x00000000   Code   RO          613    .ARM.Collect$$libinit$$00000017  c_w.l(libinit2.o)
    0x08000162   0x08000162   0x00000000   Code   RO          615    .ARM.Collect$$libinit$$00000019  c_w.l(libinit2.o)
    0x08000162   0x08000162   0x00000000   Code   RO          617    .ARM.Collect$$libinit$$0000001B  c_w.l(libinit2.o)
    0x08000162   0x08000162   0x00000000   Code   RO          619    .ARM.Collect$$libinit$$0000001D  c_w.l(libinit2.o)
    0x08000162   0x08000162   0x00000000   Code   RO          621    .ARM.Collect$$libinit$$0000001F  c_w.l(libinit2.o)
    0x08000162   0x08000162   0x00000000   Code   RO          623    .ARM.Collect$$libinit$$00000021  c_w.l(libinit2.o)
    0x08000162   0x08000162   0x00000000   Code   RO          625    .ARM.Collect$$libinit$$00000023  c_w.l(libinit2.o)
    0x08000162   0x08000162   0x00000000   Code   RO          627    .ARM.Collect$$libinit$$00000025  c_w.l(libinit2.o)
    0x08000162   0x08000162   0x00000000   Code   RO          631    .ARM.Collect$$libinit$$0000002C  c_w.l(libinit2.o)
    0x08000162   0x08000162   0x00000000   Code   RO          633    .ARM.Collect$$libinit$$0000002E  c_w.l(libinit2.o)
    0x08000162   0x08000162   0x00000000   Code   RO          635    .ARM.Collect$$libinit$$00000030  c_w.l(libinit2.o)
    0x08000162   0x08000162   0x00000000   Code   RO          637    .ARM.Collect$$libinit$$00000032  c_w.l(libinit2.o)
    0x08000162   0x08000162   0x00000002   Code   RO          638    .ARM.Collect$$libinit$$00000033  c_w.l(libinit2.o)
    0x08000164   0x08000164   0x00000002   Code   RO          662    .ARM.Collect$$libshutdown$$00000000  c_w.l(libshutdown.o)
    0x08000166   0x08000166   0x00000000   Code   RO          677    .ARM.Collect$$libshutdown$$00000002  c_w.l(libshutdown2.o)
    0x08000166   0x08000166   0x00000000   Code   RO          679    .ARM.Collect$$libshutdown$$00000004  c_w.l(libshutdown2.o)
    0x08000166   0x08000166   0x00000000   Code   RO          682    .ARM.Collect$$libshutdown$$00000007  c_w.l(libshutdown2.o)
    0x08000166   0x08000166   0x00000000   Code   RO          685    .ARM.Collect$$libshutdown$$0000000A  c_w.l(libshutdown2.o)
    0x08000166   0x08000166   0x00000000   Code   RO          687    .ARM.Collect$$libshutdown$$0000000C  c_w.l(libshutdown2.o)
    0x08000166   0x08000166   0x00000000   Code   RO          690    .ARM.Collect$$libshutdown$$0000000F  c_w.l(libshutdown2.o)
    0x08000166   0x08000166   0x00000002   Code   RO          691    .ARM.Collect$$libshutdown$$00000010  c_w.l(libshutdown2.o)
    0x08000168   0x08000168   0x00000000   Code   RO          504    .ARM.Collect$$rtentry$$00000000  c_w.l(__rtentry.o)
    0x08000168   0x08000168   0x00000000   Code   RO          552    .ARM.Collect$$rtentry$$00000002  c_w.l(__rtentry2.o)
    0x08000168   0x08000168   0x00000006   Code   RO          564    .ARM.Collect$$rtentry$$00000004  c_w.l(__rtentry4.o)
    0x0800016e   0x0800016e   0x00000000   Code   RO          554    .ARM.Collect$$rtentry$$00000009  c_w.l(__rtentry2.o)
    0x0800016e   0x0800016e   0x00000004   Code   RO          555    .ARM.Collect$$rtentry$$0000000A  c_w.l(__rtentry2.o)
    0x08000172   0x08000172   0x00000000   Code   RO          557    .ARM.Collect$$rtentry$$0000000C  c_w.l(__rtentry2.o)
    0x08000172   0x08000172   0x00000008   Code   RO          558    .ARM.Collect$$rtentry$$0000000D  c_w.l(__rtentry2.o)
    0x0800017a   0x0800017a   0x00000002   Code   RO          592    .ARM.Collect$$rtexit$$00000000  c_w.l(rtexit.o)
    0x0800017c   0x0800017c   0x00000000   Code   RO          642    .ARM.Collect$$rtexit$$00000002  c_w.l(rtexit2.o)
    0x0800017c   0x0800017c   0x00000004   Code   RO          643    .ARM.Collect$$rtexit$$00000003  c_w.l(rtexit2.o)
    0x08000180   0x08000180   0x00000006   Code   RO          644    .ARM.Collect$$rtexit$$00000004  c_w.l(rtexit2.o)
    0x08000186   0x08000186   0x00000002   PAD
    0x08000188   0x08000188   0x00000040   Code   RO          424    .text               startup_stm32f10x_md.o
    0x080001c8   0x080001c8   0x0000008a   Code   RO          450    .text               c_w.l(rt_memcpy_v6.o)
    0x08000252   0x08000252   0x0000004e   Code   RO          452    .text               c_w.l(rt_memclr_w.o)
    0x080002a0   0x080002a0   0x00000006   Code   RO          454    .text               c_w.l(heapauxi.o)
    0x080002a6   0x080002a6   0x00000016   Code   RO          505    .text               c_w.l(_rserrno.o)
    0x080002bc   0x080002bc   0x00000064   Code   RO          507    .text               c_w.l(rt_memcpy_w.o)
    0x08000320   0x08000320   0x00000008   Code   RO          569    .text               c_w.l(rt_errno_addr_intlibspace.o)
    0x08000328   0x08000328   0x00000008   Code   RO          577    .text               c_w.l(libspace.o)
    0x08000330   0x08000330   0x0000004a   Code   RO          580    .text               c_w.l(sys_stackheap_outer.o)
    0x0800037a   0x0800037a   0x00000012   Code   RO          582    .text               c_w.l(exit.o)
    0x0800038c   0x0800038c   0x0000000c   Code   RO          652    .text               c_w.l(sys_exit.o)
    0x08000398   0x08000398   0x00000002   Code   RO          667    .text               c_w.l(use_no_semi.o)
    0x0800039a   0x0800039a   0x00000000   Code   RO          669    .text               c_w.l(indicate_semi.o)
    0x0800039a   0x0800039a   0x00000002   PAD
    0x0800039c   0x0800039c   0x00000012   Code   RO          146    .text.ADC_Cmd       stm32f10x_adc.o
    0x080003ae   0x080003ae   0x00000002   PAD
    0x080003b0   0x080003b0   0x000000ce   Code   RO           63    .text.ADC_Convert   adc_driver.o
    0x0800047e   0x0800047e   0x00000002   PAD
    0x08000480   0x08000480   0x00000012   Code   RO          148    .text.ADC_DMACmd    stm32f10x_adc.o
    0x08000492   0x08000492   0x00000002   PAD
    0x08000494   0x08000494   0x00000104   Code   RO           57    .text.ADC_DMA_Init  adc_driver.o
    0x08000598   0x08000598   0x0000004a   Code   RO          140    .text.ADC_DeInit    stm32f10x_adc.o
    0x080005e2   0x080005e2   0x00000002   PAD
    0x080005e4   0x080005e4   0x00000040   Code   RO           55    .text.ADC_GPIO_Init  adc_driver.o
    0x08000624   0x08000624   0x00000008   Code   RO          158    .text.ADC_GetCalibrationStatus  stm32f10x_adc.o
    0x0800062c   0x0800062c   0x00000008   Code   RO          154    .text.ADC_GetResetCalibrationStatus  stm32f10x_adc.o
    0x08000634   0x08000634   0x00000082   Code   RO           69    .text.ADC_GetStableAverageTemp  adc_driver.o
    0x080006b6   0x080006b6   0x00000002   PAD
    0x080006b8   0x080006b8   0x00000030   Code   RO           71    .text.ADC_GetStatusBitmask  adc_driver.o
    0x080006e8   0x080006e8   0x00000054   Code   RO          142    .text.ADC_Init      stm32f10x_adc.o
    0x0800073c   0x0800073c   0x00000068   Code   RO           59    .text.ADC_ReadTempFiltered  adc_driver.o
    0x080007a4   0x080007a4   0x00000062   Code   RO          168    .text.ADC_RegularChannelConfig  stm32f10x_adc.o
    0x08000806   0x08000806   0x00000002   PAD
    0x08000808   0x08000808   0x0000000a   Code   RO          152    .text.ADC_ResetCalibration  stm32f10x_adc.o
    0x08000812   0x08000812   0x00000002   PAD
    0x08000814   0x08000814   0x00000012   Code   RO          160    .text.ADC_SoftwareStartConvCmd  stm32f10x_adc.o
    0x08000826   0x08000826   0x00000002   PAD
    0x08000828   0x08000828   0x0000000a   Code   RO          156    .text.ADC_StartCalibration  stm32f10x_adc.o
    0x08000832   0x08000832   0x00000002   PAD
    0x08000834   0x08000834   0x00000044   Code   RO           29    .text.CRC8          sx1278.o
    0x08000878   0x08000878   0x00000016   Code   RO          226    .text.DMA_Cmd       stm32f10x_dma.o
    0x0800088e   0x0800088e   0x00000002   PAD
    0x08000890   0x08000890   0x0000010c   Code   RO          220    .text.DMA_DeInit    stm32f10x_dma.o
    0x0800099c   0x0800099c   0x00000048   Code   RO          222    .text.DMA_Init      stm32f10x_dma.o
    0x080009e4   0x080009e4   0x00000018   Code   RO           45    .text.Delay_Ms      systick_utils.o
    0x080009fc   0x080009fc   0x000000b0   Code   RO          254    .text.GPIO_Init     stm32f10x_gpio.o
    0x08000aac   0x08000aac   0x00000004   Code   RO          268    .text.GPIO_ResetBits  stm32f10x_gpio.o
    0x08000ab0   0x08000ab0   0x00000004   Code   RO          266    .text.GPIO_SetBits  stm32f10x_gpio.o
    0x08000ab4   0x08000ab4   0x00000060   Code   RO           61    .text.GetMedian     adc_driver.o
    0x08000b14   0x08000b14   0x00000086   Code   RO           65    .text.MovingAverage  adc_driver.o
    0x08000b9a   0x08000b9a   0x00000002   PAD
    0x08000b9c   0x08000b9c   0x00000018   Code   RO          336    .text.RCC_AHBPeriphClockCmd  stm32f10x_rcc.o
    0x08000bb4   0x08000bb4   0x00000018   Code   RO          338    .text.RCC_APB2PeriphClockCmd  stm32f10x_rcc.o
    0x08000bcc   0x08000bcc   0x00000018   Code   RO          342    .text.RCC_APB2PeriphResetCmd  stm32f10x_rcc.o
    0x08000be4   0x08000be4   0x00000052   Code   RO           93    .text.SPI1_Transfer  spi_driver.o
    0x08000c36   0x08000c36   0x00000002   PAD
    0x08000c38   0x08000c38   0x00000012   Code   RO          378    .text.SPI_Cmd       stm32f10x_spi.o
    0x08000c4a   0x08000c4a   0x00000002   PAD
    0x08000c4c   0x08000c4c   0x0000007c   Code   RO           91    .text.SPI_GPIO_Init  spi_driver.o
    0x08000cc8   0x08000cc8   0x0000000a   Code   RO          406    .text.SPI_I2S_GetFlagStatus  stm32f10x_spi.o
    0x08000cd2   0x08000cd2   0x00000002   PAD
    0x08000cd4   0x08000cd4   0x00000004   Code   RO          388    .text.SPI_I2S_ReceiveData  stm32f10x_spi.o
    0x08000cd8   0x08000cd8   0x00000004   Code   RO          386    .text.SPI_I2S_SendData  stm32f10x_spi.o
    0x08000cdc   0x08000cdc   0x00000046   Code   RO          370    .text.SPI_Init      stm32f10x_spi.o
    0x08000d22   0x08000d22   0x00000002   PAD
    0x08000d24   0x08000d24   0x00000058   Code   RO           23    .text.SX1278_GPIO_Init  sx1278.o
    0x08000d7c   0x08000d7c   0x0000007c   Code   RO           21    .text.SX1278_Init   sx1278.o
    0x08000df8   0x08000df8   0x00000020   Code   RO           31    .text.SX1278_ReadReg  sx1278.o
    0x08000e18   0x08000e18   0x000000e6   Code   RO           33    .text.SX1278_ReceivePacket  sx1278.o
    0x08000efe   0x08000efe   0x00000002   PAD
    0x08000f00   0x08000f00   0x0000002c   Code   RO           25    .text.SX1278_Reset  sx1278.o
    0x08000f2c   0x08000f2c   0x00000012   Code   RO           17    .text.SX1278_Select  sx1278.o
    0x08000f3e   0x08000f3e   0x00000002   PAD
    0x08000f40   0x08000f40   0x000000da   Code   RO           27    .text.SX1278_SendPacket  sx1278.o
    0x0800101a   0x0800101a   0x00000002   PAD
    0x0800101c   0x0800101c   0x00000012   Code   RO           19    .text.SX1278_Unselect  sx1278.o
    0x0800102e   0x0800102e   0x00000002   PAD
    0x08001030   0x08001030   0x0000001e   Code   RO           15    .text.SX1278_WriteReg  sx1278.o
    0x0800104e   0x0800104e   0x00000002   PAD
    0x08001050   0x08001050   0x00000008   Code   RO          433    .text.SetSysClock   system_stm32f10x.o
    0x08001058   0x08001058   0x000000be   Code   RO          437    .text.SetSysClockTo72  system_stm32f10x.o
    0x08001116   0x08001116   0x00000002   PAD
    0x08001118   0x08001118   0x00000024   Code   RO          105    .text.SysTick_Config  systick_driver.o
    0x0800113c   0x0800113c   0x0000000c   Code   RO          109    .text.SysTick_GetTick  systick_driver.o
    0x08001148   0x08001148   0x00000010   Code   RO          107    .text.SysTick_Handler  systick_driver.o
    0x08001158   0x08001158   0x00000024   Code   RO          103    .text.SysTick_Init  systick_driver.o
    0x0800117c   0x0800117c   0x0000006e   Code   RO          435    .text.SystemCoreClockUpdate  system_stm32f10x.o
    0x080011ea   0x080011ea   0x00000002   PAD
    0x080011ec   0x080011ec   0x00000056   Code   RO          431    .text.SystemInit    system_stm32f10x.o
    0x08001242   0x08001242   0x00000002   PAD
    0x08001244   0x08001244   0x000000a2   Code   RO           67    .text.ValidateTemp  adc_driver.o
    0x080012e6   0x080012e6   0x00000002   PAD
    0x080012e8   0x080012e8   0x0000000e   Code   RO          111    .text.__NVIC_SetPriority  systick_driver.o
    0x080012f6   0x080012f6   0x00000002   PAD
    0x080012f8   0x080012f8   0x0000006a   Code   RO            2    .text.main          main.o
    0x08001362   0x08001362   0x00000002   PAD
    0x08001364   0x08001364   0x00000008   Code   RO           43    .text.millis        systick_utils.o
    0x0800136c   0x0800136c   0x0000003a   Code   RO           73    .text.sort          adc_driver.o
    0x080013a6   0x080013a6   0x000000aa   Code   RO          548    i.__kernel_poly     m_ws.l(poly.o)
    0x08001450   0x08001450   0x00000010   Code   RO          534    i.__mathlib_dbl_divzero  m_ws.l(dunder.o)
    0x08001460   0x08001460   0x00000006   Code   RO          535    i.__mathlib_dbl_infnan  m_ws.l(dunder.o)
    0x08001466   0x08001466   0x0000000c   Code   RO          537    i.__mathlib_dbl_invalid  m_ws.l(dunder.o)
    0x08001472   0x08001472   0x00000002   PAD
    0x08001474   0x08001474   0x0000035c   Code   RO          495    i.log               m_ws.l(log.o)
    0x080017d0   0x080017d0   0x00000062   Code   RO          458    x$fpl$d2f           fz_ws.l(d2f.o)
    0x08001832   0x08001832   0x00000002   PAD
    0x08001834   0x08001834   0x00000150   Code   RO          460    x$fpl$dadd          fz_ws.l(daddsub_clz.o)
    0x08001984   0x08001984   0x00000010   Code   RO          571    x$fpl$dcheck1       fz_ws.l(dcheck1.o)
    0x08001994   0x08001994   0x00000018   Code   RO          573    x$fpl$dcmpinf       fz_ws.l(dcmpi.o)
    0x080019ac   0x080019ac   0x000002b0   Code   RO          467    x$fpl$ddiv          fz_ws.l(ddiv.o)
    0x08001c5c   0x08001c5c   0x00000078   Code   RO          509    x$fpl$deqf          fz_ws.l(deqf.o)
    0x08001cd4   0x08001cd4   0x0000002e   Code   RO          512    x$fpl$dflt          fz_ws.l(dflt_clz.o)
    0x08001d02   0x08001d02   0x00000002   PAD
    0x08001d04   0x08001d04   0x00000154   Code   RO          470    x$fpl$dmul          fz_ws.l(dmul.o)
    0x08001e58   0x08001e58   0x0000009c   Code   RO          517    x$fpl$dnaninf       fz_ws.l(dnaninf.o)
    0x08001ef4   0x08001ef4   0x0000000c   Code   RO          519    x$fpl$dretinf       fz_ws.l(dretinf.o)
    0x08001f00   0x08001f00   0x00000016   Code   RO          461    x$fpl$drsb          fz_ws.l(daddsub_clz.o)
    0x08001f16   0x08001f16   0x00000002   PAD
    0x08001f18   0x08001f18   0x000001d4   Code   RO          462    x$fpl$dsub          fz_ws.l(daddsub_clz.o)
    0x080020ec   0x080020ec   0x00000056   Code   RO          472    x$fpl$f2d           fz_ws.l(f2d.o)
    0x08002142   0x08002142   0x00000002   PAD
    0x08002144   0x08002144   0x000000c4   Code   RO          474    x$fpl$fadd          fz_ws.l(faddsub_clz.o)
    0x08002208   0x08002208   0x00000054   Code   RO          480    x$fpl$fcmp          fz_ws.l(fcmp.o)
    0x0800225c   0x0800225c   0x00000018   Code   RO          575    x$fpl$fcmpinf       fz_ws.l(fcmpi.o)
    0x08002274   0x08002274   0x00000184   Code   RO          483    x$fpl$fdiv          fz_ws.l(fdiv.o)
    0x080023f8   0x080023f8   0x00000068   Code   RO          521    x$fpl$feqf          fz_ws.l(feqf.o)
    0x08002460   0x08002460   0x00000026   Code   RO          486    x$fpl$ffltu         fz_ws.l(fflt_clz.o)
    0x08002486   0x08002486   0x00000002   PAD
    0x08002488   0x08002488   0x00000068   Code   RO          523    x$fpl$fgeqf         fz_ws.l(fgeqf.o)
    0x080024f0   0x080024f0   0x00000068   Code   RO          525    x$fpl$fleqf         fz_ws.l(fleqf.o)
    0x08002558   0x08002558   0x00000102   Code   RO          492    x$fpl$fmul          fz_ws.l(fmul.o)
    0x0800265a   0x0800265a   0x0000008c   Code   RO          527    x$fpl$fnaninf       fz_ws.l(fnaninf.o)
    0x080026e6   0x080026e6   0x0000000a   Code   RO          529    x$fpl$fretinf       fz_ws.l(fretinf.o)
    0x080026f0   0x080026f0   0x000000ea   Code   RO          476    x$fpl$fsub          fz_ws.l(faddsub_clz.o)
    0x080027da   0x080027da   0x00000064   Code   RO          590    x$fpl$retnan        fz_ws.l(retnan.o)
    0x0800283e   0x0800283e   0x0000005c   Code   RO          531    x$fpl$scalbn        fz_ws.l(scalbn.o)
    0x0800289a   0x0800289a   0x00000030   Code   RO          639    x$fpl$trapveneer    fz_ws.l(trapv.o)
    0x080028ca   0x080028ca   0x00000000   Code   RO          533    x$fpl$usenofp       fz_ws.l(usenofp.o)
    0x080028ca   0x080028ca   0x00000006   PAD
    0x080028d0   0x080028d0   0x00000038   Data   RO          496    .constdata          m_ws.l(log.o)
    0x08002908   0x08002908   0x00000008   Data   RO          550    .constdata          m_ws.l(qnan.o)
    0x08002910   0x08002910   0x00000010   Data   RO          440    .rodata.AHBPrescTable  system_stm32f10x.o
    0x08002920   0x08002920   0x00000020   Data   RO          725    Region$$Table       anon$$obj.o


    Execution Region RW_IRAM1 (Exec base: 0x20000000, Load base: 0x08002940, Size: 0x000007d0, Max: 0x00005000, ABSOLUTE)

    Exec Addr    Load Addr    Size         Type   Attr      Idx    E Section Name        Object

    0x20000000   0x08002940   0x00000004   Data   RW          439    .data.SystemCoreClock  system_stm32f10x.o
    0x20000004   0x08002944   0x00000004   PAD
    0x20000008        -       0x00000060   Zero   RW          578    .bss                c_w.l(libspace.o)
    0x20000068        -       0x0000000c   Zero   RW           75    .bss.adc_buffer     adc_driver.o
    0x20000074        -       0x00000078   Zero   RW           79    .bss.ma_buffer      adc_driver.o
    0x200000ec        -       0x00000006   Zero   RW           82    .bss.ma_count       adc_driver.o
    0x200000f2        -       0x00000006   Zero   RW           80    .bss.ma_index       adc_driver.o
    0x200000f8        -       0x00000018   Zero   RW           81    .bss.ma_sum         adc_driver.o
    0x20000110        -       0x00000054   Zero   RW           77    .bss.sample_buffer  adc_driver.o
    0x20000164        -       0x00000006   Zero   RW           78    .bss.sample_index   adc_driver.o
    0x2000016a   0x08002944   0x00000002   PAD
    0x2000016c        -       0x00000060   Zero   RW           76    .bss.sensor_state   adc_driver.o
    0x200001cc        -       0x00000004   Zero   RW          113    .bss.tick_ms        systick_driver.o
    0x200001d0        -       0x00000200   Zero   RW          422    HEAP                startup_stm32f10x_md.o
    0x200003d0        -       0x00000400   Zero   RW          421    STACK               startup_stm32f10x_md.o


==============================================================================

Image component sizes


      Code (inc. data)   RO Data    RW Data    ZI Data      Debug   Object Name

      1262          8          0          0        354       6489   adc_driver.o
       106          0          0          0          0       1065   main.o
       206          0          0          0          0       2696   spi_driver.o
        64         26        236          0       1536        836   startup_stm32f10x_md.o
       346          0          0          0          0       9202   stm32f10x_adc.o
       362          0          0          0          0       3857   stm32f10x_dma.o
       184          0          0          0          0       5865   stm32f10x_gpio.o
        72          0          0          0          0       7681   stm32f10x_rcc.o
       106          0          0          0          0       7021   stm32f10x_spi.o
       870          0          0          0          0       4638   sx1278.o
       394          0         16          4          0       2908   system_stm32f10x.o
       114          0          0          0          4       3617   systick_driver.o
        32          0          0          0          0        758   systick_utils.o

    ----------------------------------------------------------------------
      4170         34        284          4       1900      56633   Object Totals
         0          0         32          0          0          0   (incl. Generated)
        52          0          0          0          6          0   (incl. Padding)

    ----------------------------------------------------------------------

      Code (inc. data)   RO Data    RW Data    ZI Data      Debug   Library Member Name

         8          0          0          0          0         68   __main.o
         0          0          0          0          0          0   __rtentry.o
        12          0          0          0          0          0   __rtentry2.o
         6          0          0          0          0          0   __rtentry4.o
        52          8          0          0          0          0   __scatter.o
        26          0          0          0          0          0   __scatter_copy.o
        28          0          0          0          0          0   __scatter_zi.o
        22          0          0          0          0        100   _rserrno.o
        18          0          0          0          0         80   exit.o
         6          0          0          0          0        152   heapauxi.o
         0          0          0          0          0          0   indicate_semi.o
         2          0          0          0          0          0   libinit.o
         2          0          0          0          0          0   libinit2.o
         2          0          0          0          0          0   libshutdown.o
         2          0          0          0          0          0   libshutdown2.o
         8          4          0          0         96         68   libspace.o
         8          4          0          0          0         68   rt_errno_addr_intlibspace.o
        78          0          0          0          0         80   rt_memclr_w.o
       138          0          0          0          0         68   rt_memcpy_v6.o
       100          0          0          0          0         80   rt_memcpy_w.o
         2          0          0          0          0          0   rtexit.o
        10          0          0          0          0          0   rtexit2.o
        12          4          0          0          0         68   sys_exit.o
        74          0          0          0          0         80   sys_stackheap_outer.o
         2          0          0          0          0         68   use_no_semi.o
        98          4          0          0          0         92   d2f.o
       826         16          0          0          0        356   daddsub_clz.o
        16          4          0          0          0         68   dcheck1.o
        24          0          0          0          0         68   dcmpi.o
       688        140          0          0          0        216   ddiv.o
       120          4          0          0          0         92   deqf.o
        46          0          0          0          0         68   dflt_clz.o
       340         12          0          0          0        104   dmul.o
       156          4          0          0          0         92   dnaninf.o
        12          0          0          0          0         68   dretinf.o
        86          4          0          0          0         84   f2d.o
       430          8          0          0          0        168   faddsub_clz.o
        84          0          0          0          0        196   fcmp.o
        24          0          0          0          0         68   fcmpi.o
       388         76          0          0          0         96   fdiv.o
       104          4          0          0          0         84   feqf.o
        38          0          0          0          0         68   fflt_clz.o
       104          4          0          0          0         84   fgeqf.o
       104          4          0          0          0         84   fleqf.o
       258          4          0          0          0         84   fmul.o
       140          4          0          0          0         84   fnaninf.o
        10          0          0          0          0         68   fretinf.o
       100          0          0          0          0         68   retnan.o
        92          0          0          0          0         68   scalbn.o
        48          0          0          0          0         68   trapv.o
         0          0          0          0          0          0   usenofp.o
        34          4          0          0          0        204   dunder.o
       860         52         56          0          0        256   log.o
       170          0          0          0          0         96   poly.o
         0          0          8          0          0          0   qnan.o

    ----------------------------------------------------------------------
      6042        368         64          0         96       4132   Library Totals
        24          0          0          0          0          0   (incl. Padding)

    ----------------------------------------------------------------------

      Code (inc. data)   RO Data    RW Data    ZI Data      Debug   Library Name

       618         20          0          0         96        980   c_w.l
      4336        292          0          0          0       2596   fz_ws.l
      1064         56         64          0          0        556   m_ws.l

    ----------------------------------------------------------------------
      6042        368         64          0         96       4132   Library Totals

    ----------------------------------------------------------------------

==============================================================================


      Code (inc. data)   RO Data    RW Data    ZI Data      Debug   

     10212        402        348          4       1996      58505   Grand Totals
     10212        402        348          4       1996      58505   ELF Image Totals
     10212        402        348          4          0          0   ROM Totals

==============================================================================

    Total RO  Size (Code + RO Data)                10560 (  10.31kB)
    Total RW  Size (RW Data + ZI Data)              2000 (   1.95kB)
    Total ROM Size (Code + RO Data + RW Data)      10564 (  10.32kB)

==============================================================================

