Component: ARM Compiler 6.14 Tool: armlink [5db06800]

==============================================================================

Section Cross References

    main.o(.text.main) refers to systick_driver.o(.text.SysTick_Init) for SysTick_Init
    main.o(.text.main) refers to sx1278.o(.text.SX1278_Init) for SX1278_Init
    main.o(.text.main) refers to mcp3208.o(.text.MCP3208_Init) for MCP3208_Init
    main.o(.text.main) refers to sx1278.o(.text.SX1278_WriteReg) for SX1278_WriteReg
    main.o(.text.main) refers to sx1278.o(.text.SX1278_ReceivePacket) for SX1278_ReceivePacket
    main.o(.text.main) refers to mcp3208.o(.text.MCP3208_GetStableAverageTemp) for MCP3208_GetStableAverageTemp
    main.o(.text.main) refers to mcp3208.o(.text.MCP3208_GetStatusBitmask) for MCP3208_GetStatusBitmask
    main.o(.text.main) refers to sx1278.o(.text.SX1278_SendPacket) for SX1278_SendPacket
    main.o(.ARM.exidx.text.main) refers to main.o(.text.main) for [Anonymous Symbol]
    sx1278.o(.text.SX1278_Unselect) refers to stm32f10x_gpio.o(.text.GPIO_SetBits) for GPIO_SetBits
    sx1278.o(.ARM.exidx.text.SX1278_Unselect) refers to sx1278.o(.text.SX1278_Unselect) for [Anonymous Symbol]
    sx1278.o(.text.SX1278_WriteReg) refers to sx1278.o(.text.SX1278_Select) for SX1278_Select
    sx1278.o(.text.SX1278_WriteReg) refers to spi_driver.o(.text.SPI1_Transfer) for SPI1_Transfer
    sx1278.o(.text.SX1278_WriteReg) refers to sx1278.o(.text.SX1278_Unselect) for SX1278_Unselect
    sx1278.o(.ARM.exidx.text.SX1278_WriteReg) refers to sx1278.o(.text.SX1278_WriteReg) for [Anonymous Symbol]
    sx1278.o(.text.SX1278_Select) refers to stm32f10x_gpio.o(.text.GPIO_ResetBits) for GPIO_ResetBits
    sx1278.o(.ARM.exidx.text.SX1278_Select) refers to sx1278.o(.text.SX1278_Select) for [Anonymous Symbol]
    sx1278.o(.text.SX1278_Init) refers to sx1278.o(.text.SX1278_GPIO_Init) for SX1278_GPIO_Init
    sx1278.o(.text.SX1278_Init) refers to sx1278.o(.text.SX1278_Reset) for SX1278_Reset
    sx1278.o(.text.SX1278_Init) refers to sx1278.o(.text.SX1278_WriteReg) for SX1278_WriteReg
    sx1278.o(.ARM.exidx.text.SX1278_Init) refers to sx1278.o(.text.SX1278_Init) for [Anonymous Symbol]
    sx1278.o(.text.SX1278_GPIO_Init) refers to stm32f10x_rcc.o(.text.RCC_APB2PeriphClockCmd) for RCC_APB2PeriphClockCmd
    sx1278.o(.text.SX1278_GPIO_Init) refers to stm32f10x_gpio.o(.text.GPIO_Init) for GPIO_Init
    sx1278.o(.text.SX1278_GPIO_Init) refers to stm32f10x_gpio.o(.text.GPIO_SetBits) for GPIO_SetBits
    sx1278.o(.text.SX1278_GPIO_Init) refers to spi_driver.o(.text.SPI_GPIO_Init) for SPI_GPIO_Init
    sx1278.o(.ARM.exidx.text.SX1278_GPIO_Init) refers to sx1278.o(.text.SX1278_GPIO_Init) for [Anonymous Symbol]
    sx1278.o(.text.SX1278_Reset) refers to stm32f10x_gpio.o(.text.GPIO_ResetBits) for GPIO_ResetBits
    sx1278.o(.text.SX1278_Reset) refers to systick_utils.o(.text.Delay_Ms) for Delay_Ms
    sx1278.o(.text.SX1278_Reset) refers to stm32f10x_gpio.o(.text.GPIO_SetBits) for GPIO_SetBits
    sx1278.o(.ARM.exidx.text.SX1278_Reset) refers to sx1278.o(.text.SX1278_Reset) for [Anonymous Symbol]
    sx1278.o(.text.SX1278_SendPacket) refers to rt_memcpy_v6.o(.text) for __aeabi_memcpy
    sx1278.o(.text.SX1278_SendPacket) refers to sx1278.o(.text.CRC8) for CRC8
    sx1278.o(.text.SX1278_SendPacket) refers to sx1278.o(.text.SX1278_WriteReg) for SX1278_WriteReg
    sx1278.o(.text.SX1278_SendPacket) refers to systick_utils.o(.text.millis) for millis
    sx1278.o(.text.SX1278_SendPacket) refers to sx1278.o(.text.SX1278_ReadReg) for SX1278_ReadReg
    sx1278.o(.ARM.exidx.text.SX1278_SendPacket) refers to sx1278.o(.text.SX1278_SendPacket) for [Anonymous Symbol]
    sx1278.o(.ARM.exidx.text.CRC8) refers to sx1278.o(.text.CRC8) for [Anonymous Symbol]
    sx1278.o(.text.SX1278_ReadReg) refers to sx1278.o(.text.SX1278_Select) for SX1278_Select
    sx1278.o(.text.SX1278_ReadReg) refers to spi_driver.o(.text.SPI1_Transfer) for SPI1_Transfer
    sx1278.o(.text.SX1278_ReadReg) refers to sx1278.o(.text.SX1278_Unselect) for SX1278_Unselect
    sx1278.o(.ARM.exidx.text.SX1278_ReadReg) refers to sx1278.o(.text.SX1278_ReadReg) for [Anonymous Symbol]
    sx1278.o(.text.SX1278_ReceivePacket) refers to systick_utils.o(.text.millis) for millis
    sx1278.o(.text.SX1278_ReceivePacket) refers to sx1278.o(.text.SX1278_ReadReg) for SX1278_ReadReg
    sx1278.o(.text.SX1278_ReceivePacket) refers to sx1278.o(.text.SX1278_WriteReg) for SX1278_WriteReg
    sx1278.o(.text.SX1278_ReceivePacket) refers to rt_memcpy_v6.o(.text) for __aeabi_memcpy
    sx1278.o(.text.SX1278_ReceivePacket) refers to sx1278.o(.text.CRC8) for CRC8
    sx1278.o(.ARM.exidx.text.SX1278_ReceivePacket) refers to sx1278.o(.text.SX1278_ReceivePacket) for [Anonymous Symbol]
    systick_utils.o(.text.millis) refers to systick_driver.o(.text.SysTick_GetTick) for SysTick_GetTick
[...]
    Removing misc.o(.ARM.exidx.text.SysTick_CLKSourceConfig), (8 bytes).
    Removing stm32f10x_gpio.o(.text), (0 bytes).
    Removing stm32f10x_gpio.o(.text.GPIO_DeInit), (76 bytes).
    Removing stm32f10x_gpio.o(.ARM.exidx.text.GPIO_DeInit), (8 bytes).
    Removing stm32f10x_gpio.o(.text.GPIO_AFIODeInit), (20 bytes).
    Removing stm32f10x_gpio.o(.ARM.exidx.text.GPIO_AFIODeInit), (8 bytes).
    Removing stm32f10x_gpio.o(.ARM.exidx.text.GPIO_Init), (8 bytes).
    Removing stm32f10x_gpio.o(.text.GPIO_StructInit), (12 bytes).
    Removing stm32f10x_gpio.o(.ARM.exidx.text.GPIO_StructInit), (8 bytes).
    Removing stm32f10x_gpio.o(.text.GPIO_ReadInputDataBit), (10 bytes).
    Removing stm32f10x_gpio.o(.ARM.exidx.text.GPIO_ReadInputDataBit), (8 bytes).
    Removing stm32f10x_gpio.o(.text.GPIO_ReadInputData), (6 bytes).
    Removing stm32f10x_gpio.o(.ARM.exidx.text.GPIO_ReadInputData), (8 bytes).
    Removing stm32f10x_gpio.o(.text.GPIO_ReadOutputDataBit), (10 bytes).
    Removing stm32f10x_gpio.o(.ARM.exidx.text.GPIO_ReadOutputDataBit), (8 bytes).
    Removing stm32f10x_gpio.o(.text.GPIO_ReadOutputData), (6 bytes).
    Removing stm32f10x_gpio.o(.ARM.exidx.text.GPIO_ReadOutputData), (8 bytes).
    Removing stm32f10x_gpio.o(.ARM.exidx.text.GPIO_SetBits), (8 bytes).
    Removing stm32f10x_gpio.o(.ARM.exidx.text.GPIO_ResetBits), (8 bytes).
    Removing stm32f10x_gpio.o(.text.GPIO_WriteBit), (12 bytes).
    Removing stm32f10x_gpio.o(.ARM.exidx.text.GPIO_WriteBit), (8 bytes).
    Removing stm32f10x_gpio.o(.text.GPIO_Write), (4 bytes).
    Removing stm32f10x_gpio.o(.ARM.exidx.text.GPIO_Write), (8 bytes).
    Removing stm32f10x_gpio.o(.text.GPIO_PinLockConfig), (16 bytes).
    Removing stm32f10x_gpio.o(.ARM.exidx.text.GPIO_PinLockConfig), (8 bytes).
    Removing stm32f10x_gpio.o(.text.GPIO_EventOutputConfig), (30 bytes).
    Removing stm32f10x_gpio.o(.ARM.exidx.text.GPIO_EventOutputConfig), (8 bytes).
    Removing stm32f10x_gpio.o(.text.GPIO_EventOutputCmd), (10 bytes).
    Removing stm32f10x_gpio.o(.ARM.exidx.text.GPIO_EventOutputCmd), (8 bytes).
    Removing stm32f10x_gpio.o(.text.GPIO_PinRemapConfig), (116 bytes).
    Removing stm32f10x_gpio.o(.ARM.exidx.text.GPIO_PinRemapConfig), (8 bytes).
    Removing stm32f10x_gpio.o(.text.GPIO_EXTILineConfig), (46 bytes).
    Removing stm32f10x_gpio.o(.ARM.exidx.text.GPIO_EXTILineConfig), (8 bytes).
    Removing stm32f10x_gpio.o(.text.GPIO_ETH_MediaInterfaceConfig), (10 bytes).
    Removing stm32f10x_gpio.o(.ARM.exidx.text.GPIO_ETH_MediaInterfaceConfig), (8 bytes).
    Removing stm32f10x_rcc.o(.text), (0 bytes).
    Removing stm32f10x_rcc.o(.text.RCC_DeInit), (66 bytes).
    Removing stm32f10x_rcc.o(.ARM.exidx.text.RCC_DeInit), (8 bytes).
    Removing stm32f10x_rcc.o(.text.RCC_HSEConfig), (50 bytes).
    Removing stm32f10x_rcc.o(.ARM.exidx.text.RCC_HSEConfig), (8 bytes).
    Removing stm32f10x_rcc.o(.text.RCC_WaitForHSEStartUp), (48 bytes).
    Removing stm32f10x_rcc.o(.ARM.exidx.text.RCC_WaitForHSEStartUp), (8 bytes).
    Removing stm32f10x_rcc.o(.text.RCC_GetFlagStatus), (42 bytes).
    Removing stm32f10x_rcc.o(.ARM.exidx.text.RCC_GetFlagStatus), (8 bytes).
    Removing stm32f10x_rcc.o(.text.RCC_AdjustHSICalibrationValue), (22 bytes).
    Removing stm32f10x_rcc.o(.ARM.exidx.text.RCC_AdjustHSICalibrationValue), (8 bytes).
    Removing stm32f10x_rcc.o(.text.RCC_HSICmd), (10 bytes).
    Removing stm32f10x_rcc.o(.ARM.exidx.text.RCC_HSICmd), (8 bytes).
    Removing stm32f10x_rcc.o(.text.RCC_PLLConfig), (22 bytes).
    Removing stm32f10x_rcc.o(.ARM.exidx.text.RCC_PLLConfig), (8 bytes).
    Removing stm32f10x_rcc.o(.text.RCC_PLLCmd), (10 bytes).
    Removing stm32f10x_rcc.o(.ARM.exidx.text.RCC_PLLCmd), (8 bytes).
    Removing stm32f10x_rcc.o(.text.RCC_SYSCLKConfig), (20 bytes).
    Removing stm32f10x_rcc.o(.ARM.exidx.text.RCC_SYSCLKConfig), (8 bytes).
    Removing stm32f10x_rcc.o(.text.RCC_GetSYSCLKSource), (16 bytes).
    Removing stm32f10x_rcc.o(.ARM.exidx.text.RCC_GetSYSCLKSource), (8 bytes).
    Removing stm32f10x_rcc.o(.text.RCC_HCLKConfig), (20 bytes).
    Removing stm32f10x_rcc.o(.ARM.exidx.text.RCC_HCLKConfig), (8 bytes).
    Removing stm32f10x_rcc.o(.text.RCC_PCLK1Config), (20 bytes).
    Removing stm32f10x_rcc.o(.ARM.exidx.text.RCC_PCLK1Config), (8 bytes).
    Removing stm32f10x_rcc.o(.text.RCC_PCLK2Config), (22 bytes).
    Removing stm32f10x_rcc.o(.ARM.exidx.text.RCC_PCLK2Config), (8 bytes).
    Removing stm32f10x_rcc.o(.text.RCC_ITConfig), (24 bytes).
    Removing stm32f10x_rcc.o(.ARM.exidx.text.RCC_ITConfig), (8 bytes).
    Removing stm32f10x_rcc.o(.text.RCC_USBCLKConfig), (10 bytes).
    Removing stm32f10x_rcc.o(.ARM.exidx.text.RCC_USBCLKConfig), (8 bytes).
    Removing stm32f10x_rcc.o(.text.RCC_ADCCLKConfig), (20 bytes).
    Removing stm32f10x_rcc.o(.ARM.exidx.text.RCC_ADCCLKConfig), (8 bytes).
    Removing stm32f10x_rcc.o(.text.RCC_LSEConfig), (30 bytes).
    Removing stm32f10x_rcc.o(.ARM.exidx.text.RCC_LSEConfig), (8 bytes).
    Removing stm32f10x_rcc.o(.text.RCC_LSICmd), (12 bytes).
    Removing stm32f10x_rcc.o(.ARM.exidx.text.RCC_LSICmd), (8 bytes).
    Removing stm32f10x_rcc.o(.text.RCC_RTCCLKConfig), (16 bytes).
    Removing stm32f10x_rcc.o(.ARM.exidx.text.RCC_RTCCLKConfig), (8 bytes).
    Removing stm32f10x_rcc.o(.text.RCC_RTCCLKCmd), (12 bytes).
    Removing stm32f10x_rcc.o(.ARM.exidx.text.RCC_RTCCLKCmd), (8 bytes).
    Removing stm32f10x_rcc.o(.text.RCC_GetClocksFreq), (160 bytes).
    Removing stm32f10x_rcc.o(.ARM.exidx.text.RCC_GetClocksFreq), (8 bytes).
    Removing stm32f10x_rcc.o(.text.RCC_AHBPeriphClockCmd), (24 bytes).
    Removing stm32f10x_rcc.o(.ARM.exidx.text.RCC_AHBPeriphClockCmd), (8 bytes).
    Removing stm32f10x_rcc.o(.ARM.exidx.text.RCC_APB2PeriphClockCmd), (8 bytes).
    Removing stm32f10x_rcc.o(.text.RCC_APB1PeriphClockCmd), (24 bytes).
    Removing stm32f10x_rcc.o(.ARM.exidx.text.RCC_APB1PeriphClockCmd), (8 bytes).
    Removing stm32f10x_rcc.o(.text.RCC_APB2PeriphResetCmd), (24 bytes).
    Removing stm32f10x_rcc.o(.ARM.exidx.text.RCC_APB2PeriphResetCmd), (8 bytes).
    Removing stm32f10x_rcc.o(.text.RCC_APB1PeriphResetCmd), (24 bytes).
    Removing stm32f10x_rcc.o(.ARM.exidx.text.RCC_APB1PeriphResetCmd), (8 bytes).
    Removing stm32f10x_rcc.o(.text.RCC_BackupResetCmd), (12 bytes).
    Removing stm32f10x_rcc.o(.ARM.exidx.text.RCC_BackupResetCmd), (8 bytes).
    Removing stm32f10x_rcc.o(.text.RCC_ClockSecuritySystemCmd), (10 bytes).
    Removing stm32f10x_rcc.o(.ARM.exidx.text.RCC_ClockSecuritySystemCmd), (8 bytes).
    Removing stm32f10x_rcc.o(.text.RCC_MCOConfig), (12 bytes).
    Removing stm32f10x_rcc.o(.ARM.exidx.text.RCC_MCOConfig), (8 bytes).
    Removing stm32f10x_rcc.o(.text.RCC_ClearFlag), (18 bytes).
    Removing stm32f10x_rcc.o(.ARM.exidx.text.RCC_ClearFlag), (8 bytes).
    Removing stm32f10x_rcc.o(.text.RCC_GetITStatus), (18 bytes).
    Removing stm32f10x_rcc.o(.ARM.exidx.text.RCC_GetITStatus), (8 bytes).
    Removing stm32f10x_rcc.o(.text.RCC_ClearITPendingBit), (12 bytes).
    Removing stm32f10x_rcc.o(.ARM.exidx.text.RCC_ClearITPendingBit), (8 bytes).
    Removing stm32f10x_rcc.o(.rodata.APBAHBPrescTable), (16 bytes).
    Removing stm32f10x_rcc.o(.rodata.ADCPrescTable), (4 bytes).
    Removing stm32f10x_spi.o(.text), (0 bytes).
    Removing stm32f10x_spi.o(.text.SPI_I2S_DeInit), (100 bytes).
    Removing stm32f10x_spi.o(.ARM.exidx.text.SPI_I2S_DeInit), (8 bytes).
    Removing stm32f10x_spi.o(.ARM.exidx.text.SPI_Init), (8 bytes).
    Removing stm32f10x_spi.o(.text.I2S_Init), (148 bytes).
    Removing stm32f10x_spi.o(.ARM.exidx.text.I2S_Init), (8 bytes).
    Removing stm32f10x_spi.o(.text.SPI_StructInit), (16 bytes).
    Removing stm32f10x_spi.o(.ARM.exidx.text.SPI_StructInit), (8 bytes).
    Removing stm32f10x_spi.o(.text.I2S_StructInit), (14 bytes).
    Removing stm32f10x_spi.o(.ARM.exidx.text.I2S_StructInit), (8 bytes).
    Removing stm32f10x_spi.o(.ARM.exidx.text.SPI_Cmd), (8 bytes).
    Removing stm32f10x_spi.o(.text.I2S_Cmd), (18 bytes).
    Removing stm32f10x_spi.o(.ARM.exidx.text.I2S_Cmd), (8 bytes).
    Removing stm32f10x_spi.o(.text.SPI_I2S_ITConfig), (32 bytes).
    Removing stm32f10x_spi.o(.ARM.exidx.text.SPI_I2S_ITConfig), (8 bytes).
    Removing stm32f10x_spi.o(.text.SPI_I2S_DMACmd), (16 bytes).
    Removing stm32f10x_spi.o(.ARM.exidx.text.SPI_I2S_DMACmd), (8 bytes).
    Removing stm32f10x_spi.o(.ARM.exidx.text.SPI_I2S_SendData), (8 bytes).
    Removing stm32f10x_spi.o(.ARM.exidx.text.SPI_I2S_ReceiveData), (8 bytes).
    Removing stm32f10x_spi.o(.text.SPI_NSSInternalSoftwareConfig), (24 bytes).
    Removing stm32f10x_spi.o(.ARM.exidx.text.SPI_NSSInternalSoftwareConfig), (8 bytes).
    Removing stm32f10x_spi.o(.text.SPI_SSOutputCmd), (18 bytes).
    Removing stm32f10x_spi.o(.ARM.exidx.text.SPI_SSOutputCmd), (8 bytes).
    Removing stm32f10x_spi.o(.text.SPI_DataSizeConfig), (16 bytes).
    Removing stm32f10x_spi.o(.ARM.exidx.text.SPI_DataSizeConfig), (8 bytes).
    Removing stm32f10x_spi.o(.text.SPI_TransmitCRC), (10 bytes).
    Removing stm32f10x_spi.o(.ARM.exidx.text.SPI_TransmitCRC), (8 bytes).
    Removing stm32f10x_spi.o(.text.SPI_CalculateCRC), (18 bytes).
    Removing stm32f10x_spi.o(.ARM.exidx.text.SPI_CalculateCRC), (8 bytes).
    Removing stm32f10x_spi.o(.text.SPI_GetCRC), (12 bytes).
    Removing stm32f10x_spi.o(.ARM.exidx.text.SPI_GetCRC), (8 bytes).
    Removing stm32f10x_spi.o(.text.SPI_GetCRCPolynomial), (4 bytes).
    Removing stm32f10x_spi.o(.ARM.exidx.text.SPI_GetCRCPolynomial), (8 bytes).
    Removing stm32f10x_spi.o(.text.SPI_BiDirectionalLineConfig), (20 bytes).
    Removing stm32f10x_spi.o(.ARM.exidx.text.SPI_BiDirectionalLineConfig), (8 bytes).
    Removing stm32f10x_spi.o(.ARM.exidx.text.SPI_I2S_GetFlagStatus), (8 bytes).
    Removing stm32f10x_spi.o(.text.SPI_I2S_ClearFlag), (6 bytes).
    Removing stm32f10x_spi.o(.ARM.exidx.text.SPI_I2S_ClearFlag), (8 bytes).
    Removing stm32f10x_spi.o(.text.SPI_I2S_GetITStatus), (34 bytes).
    Removing stm32f10x_spi.o(.ARM.exidx.text.SPI_I2S_GetITStatus), (8 bytes).
    Removing stm32f10x_spi.o(.text.SPI_I2S_ClearITPendingBit), (16 bytes).
    Removing stm32f10x_spi.o(.ARM.exidx.text.SPI_I2S_ClearITPendingBit), (8 bytes).
    Removing system_stm32f10x.o(.text), (0 bytes).
    Removing system_stm32f10x.o(.ARM.exidx.text.SystemInit), (8 bytes).
    Removing system_stm32f10x.o(.ARM.exidx.text.SetSysClock), (8 bytes).
    Removing system_stm32f10x.o(.ARM.exidx.text.SystemCoreClockUpdate), (8 bytes).
    Removing system_stm32f10x.o(.ARM.exidx.text.SetSysClockTo72), (8 bytes).

199 unused section(s) (total 2876 bytes) removed from the image.

==============================================================================

Image Symbol Table

    Local Symbols

    Symbol Name                              Value     Ov Type        Size  Object(Section)

    ../clib/angel/boardlib.s                 0x00000000   Number         0  boardinit1.o ABSOLUTE
    ../clib/angel/boardlib.s                 0x00000000   Number         0  boardinit2.o ABSOLUTE
    ../clib/angel/boardlib.s                 0x00000000   Number         0  boardinit3.o ABSOLUTE
    ../clib/angel/boardlib.s                 0x00000000   Number         0  boardshut.o ABSOLUTE
    ../clib/angel/handlers.s                 0x00000000   Number         0  __scatter_copy.o ABSOLUTE
    ../clib/angel/handlers.s                 0x00000000   Number         0  __scatter_zi.o ABSOLUTE
    ../clib/angel/kernel.s                   0x00000000   Number         0  __rtentry.o ABSOLUTE
    ../clib/angel/kernel.s                   0x00000000   Number         0  __rtentry2.o ABSOLUTE
    ../clib/angel/kernel.s                   0x00000000   Number         0  __rtentry4.o ABSOLUTE
    ../clib/angel/kernel.s                   0x00000000   Number         0  rtexit.o ABSOLUTE
    ../clib/angel/kernel.s                   0x00000000   Number         0  rtexit2.o ABSOLUTE
    ../clib/angel/rt.s                       0x00000000   Number         0  rt_errno_addr.o ABSOLUTE
    ../clib/angel/rt.s                       0x00000000   Number         0  rt_errno_addr_intlibspace.o ABSOLUTE
    ../clib/angel/rt.s                       0x00000000   Number         0  rt_raise.o ABSOLUTE
    ../clib/angel/scatter.s                  0x00000000   Number         0  __scatter.o ABSOLUTE
    ../clib/angel/startup.s                  0x00000000   Number         0  __main.o ABSOLUTE
    ../clib/angel/sys.s                      0x00000000   Number         0  libspace.o ABSOLUTE
    ../clib/angel/sys.s                      0x00000000   Number         0  sys_stackheap_outer.o ABSOLUTE
    ../clib/angel/sys.s                      0x00000000   Number         0  use_no_semi.o ABSOLUTE
    ../clib/angel/sys.s                      0x00000000   Number         0  indicate_semi.o ABSOLUTE
    ../clib/angel/sysapp.c                   0x00000000   Number         0  sys_exit.o ABSOLUTE
    ../clib/angel/sysapp.c                   0x00000000   Number         0  sys_exit_hlt.o ABSOLUTE
    ../clib/angel/sysapp.c                   0x00000000   Number         0  sys_command.o ABSOLUTE
    ../clib/angel/sysapp.c                   0x00000000   Number         0  sys_command_hlt.o ABSOLUTE
    ../clib/angel/sysapp.c                   0x00000000   Number         0  sys_wrch.o ABSOLUTE
    ../clib/angel/sysapp.c                   0x00000000   Number         0  sys_wrch_hlt.o ABSOLUTE
    ../clib/armsys.c                         0x00000000   Number         0  argv_veneer.o ABSOLUTE
    ../clib/armsys.c                         0x00000000   Number         0  argv_veneer.o ABSOLUTE
    ../clib/armsys.c                         0x00000000   Number         0  _get_argv_nomalloc.o ABSOLUTE
    ../clib/armsys.c                         0x00000000   Number         0  no_argv.o ABSOLUTE
    ../clib/fenv.c                           0x00000000   Number         0  _rserrno.o ABSOLUTE
    ../clib/heapalloc.c                      0x00000000   Number         0  hrguard.o ABSOLUTE
    ../clib/heapaux.c                        0x00000000   Number         0  heapauxi.o ABSOLUTE
    ../clib/libinit.s                        0x00000000   Number         0  libinit.o ABSOLUTE
    ../clib/libinit.s                        0x00000000   Number         0  libinit2.o ABSOLUTE
    ../clib/libinit.s                        0x00000000   Number         0  libshutdown.o ABSOLUTE
    ../clib/libinit.s                        0x00000000   Number         0  libshutdown2.o ABSOLUTE
    ../clib/memcpset.s                       0x00000000   Number         0  rt_memcpy_v6.o ABSOLUTE
    ../clib/memcpset.s                       0x00000000   Number         0  rt_memcpy_w.o ABSOLUTE
    ../clib/signal.c                         0x00000000   Number         0  defsig_rtmem_outer.o ABSOLUTE
    ../clib/signal.c                         0x00000000   Number         0  defsig_rtmem_formal.o ABSOLUTE
    ../clib/signal.c                         0x00000000   Number         0  defsig_exit.o ABSOLUTE
    ../clib/signal.c                         0x00000000   Number         0  defsig_rtmem_inner.o ABSOLUTE
    ../clib/signal.c                         0x00000000   Number         0  __raise.o ABSOLUTE
    ../clib/signal.c                         0x00000000   Number         0  defsig_general.o ABSOLUTE
    ../clib/signal.c                         0x00000000   Number         0  defsig_abrt_inner.o ABSOLUTE
    ../clib/signal.c                         0x00000000   Number         0  defsig_fpe_inner.o ABSOLUTE
    ../clib/signal.c                         0x00000000   Number         0  defsig_rtred_inner.o ABSOLUTE
    ../clib/signal.c                         0x00000000   Number         0  defsig_stak_inner.o ABSOLUTE
    ../clib/signal.c                         0x00000000   Number         0  defsig_pvfn_inner.o ABSOLUTE
    ../clib/signal.c                         0x00000000   Number         0  defsig_cppl_inner.o ABSOLUTE
    ../clib/signal.c                         0x00000000   Number         0  defsig_segv_inner.o ABSOLUTE
    ../clib/signal.c                         0x00000000   Number         0  defsig_other.o ABSOLUTE
    ../clib/signal.s                         0x00000000   Number         0  defsig.o ABSOLUTE
    ../clib/stdlib.c                         0x00000000   Number         0  exit.o ABSOLUTE
    ../fplib/d2f.s                           0x00000000   Number         0  d2f.o ABSOLUTE
    ../fplib/daddsub.s                       0x00000000   Number         0  daddsub_clz.o ABSOLUTE
    ../fplib/dcheck1.s                       0x00000000   Number         0  dcheck1.o ABSOLUTE
    ../fplib/dcmpi.s                         0x00000000   Number         0  dcmpi.o ABSOLUTE
    ../fplib/ddiv.s                          0x00000000   Number         0  ddiv.o ABSOLUTE
    ../fplib/deqf.s                          0x00000000   Number         0  deqf.o ABSOLUTE
    ../fplib/dflt.s                          0x00000000   Number         0  dflt_clz.o ABSOLUTE
    ../fplib/dmul.s                          0x00000000   Number         0  dmul.o ABSOLUTE
    ../fplib/dnaninf.s                       0x00000000   Number         0  dnaninf.o ABSOLUTE
    ../fplib/dretinf.s                       0x00000000   Number         0  dretinf.o ABSOLUTE
    ../fplib/f2d.s                           0x00000000   Number         0  f2d.o ABSOLUTE
    ../fplib/faddsub.s                       0x00000000   Number         0  faddsub_clz.o ABSOLUTE
    ../fplib/fcmp.s                          0x00000000   Number         0  fcmp.o ABSOLUTE
    ../fplib/fcmpi.s                         0x00000000   Number         0  fcmpi.o ABSOLUTE
    ../fplib/fdiv.s                          0x00000000   Number         0  fdiv.o ABSOLUTE
    ../fplib/feqf.s                          0x00000000   Number         0  feqf.o ABSOLUTE
    ../fplib/fflt.s                          0x00000000   Number         0  fflt_clz.o ABSOLUTE
    ../fplib/fgeqf.s                         0x00000000   Number         0  fgeqf.o ABSOLUTE
    ../fplib/fleqf.s                         0x00000000   Number         0  fleqf.o ABSOLUTE
    ../fplib/fmul.s                          0x00000000   Number         0  fmul.o ABSOLUTE
    ../fplib/fnaninf.s                       0x00000000   Number         0  fnaninf.o ABSOLUTE
    ../fplib/fpinit.s                        0x00000000   Number         0  fpinit.o ABSOLUTE
    ../fplib/fpinit_empty.s                  0x00000000   Number         0  fpinit_empty.o ABSOLUTE
    ../fplib/fretinf.s                       0x00000000   Number         0  fretinf.o ABSOLUTE
    ../fplib/retnan.s                        0x00000000   Number         0  retnan.o ABSOLUTE
    ../fplib/scalbn.s                        0x00000000   Number         0  scalbn.o ABSOLUTE
    ../fplib/trapv.s                         0x00000000   Number         0  trapv.o ABSOLUTE
    ../fplib/usenofp.s                       0x00000000   Number         0  usenofp.o ABSOLUTE
    ../mathlib/dunder.c                      0x00000000   Number         0  dunder.o ABSOLUTE
    ../mathlib/log.c                         0x00000000   Number         0  log.o ABSOLUTE
    ../mathlib/log.c                         0x00000000   Number         0  log_x.o ABSOLUTE
    ../mathlib/poly.c                        0x00000000   Number         0  poly.o ABSOLUTE
    ../mathlib/qnan.c                        0x00000000   Number         0  qnan.o ABSOLUTE
    RTE/Device/STM32F103C8/startup_stm32f10x_md.s 0x00000000   Number         0  startup_stm32f10x_md.o ABSOLUTE
    dc.s                                     0x00000000   Number         0  dc.o ABSOLUTE
    main.c                                   0x00000000   Number         0  main.o ABSOLUTE
    mcp3208.c                                0x00000000   Number         0  mcp3208.o ABSOLUTE
    misc.c                                   0x00000000   Number         0  misc.o ABSOLUTE
    spi_driver.c                             0x00000000   Number         0  spi_driver.o ABSOLUTE
    stm32f10x_gpio.c                         0x00000000   Number         0  stm32f10x_gpio.o ABSOLUTE
    stm32f10x_rcc.c                          0x00000000   Number         0  stm32f10x_rcc.o ABSOLUTE
    stm32f10x_spi.c                          0x00000000   Number         0  stm32f10x_spi.o ABSOLUTE
    sx1278.c                                 0x00000000   Number         0  sx1278.o ABSOLUTE
    system_stm32f10x.c                       0x00000000   Number         0  system_stm32f10x.o ABSOLUTE
    systick_driver.c                         0x00000000   Number         0  systick_driver.o ABSOLUTE
    systick_utils.c                          0x00000000   Number         0  systick_utils.o ABSOLUTE
    RESET                                    0x08000000   Section      236  startup_stm32f10x_md.o(RESET)
    !!!main                                  0x080000ec   Section        8  __main.o(!!!main)
    !!!scatter                               0x080000f4   Section       52  __scatter.o(!!!scatter)
    !!handler_copy                           0x08000128   Section       26  __scatter_copy.o(!!handler_copy)
    !!handler_zi                             0x08000144   Section       28  __scatter_zi.o(!!handler_zi)
    .ARM.Collect$$libinit$$00000000          0x08000160   Section        2  libinit.o(.ARM.Collect$$libinit$$00000000)
    .ARM.Collect$$libinit$$00000002          0x08000162   Section        0  libinit2.o(.ARM.Collect$$libinit$$00000002)
    .ARM.Collect$$libinit$$00000004          0x08000162   Section        0  libinit2.o(.ARM.Collect$$libinit$$00000004)
    .ARM.Collect$$libinit$$0000000A          0x08000162   Section        0  libinit2.o(.ARM.Collect$$libinit$$0000000A)
    .ARM.Collect$$libinit$$0000000C          0x08000162   Section        0  libinit2.o(.ARM.Collect$$libinit$$0000000C)
    .ARM.Collect$$libinit$$0000000E          0x08000162   Section        0  libinit2.o(.ARM.Collect$$libinit$$0000000E)
    .ARM.Collect$$libinit$$00000011          0x08000162   Section        0  libinit2.o(.ARM.Collect$$libinit$$00000011)
    .ARM.Collect$$libinit$$00000013          0x08000162   Section        0  libinit2.o(.ARM.Collect$$libinit$$00000013)
    .ARM.Collect$$libinit$$00000015          0x08000162   Section        0  libinit2.o(.ARM.Collect$$libinit$$00000015)
    .ARM.Collect$$libinit$$00000017          0x08000162   Section        0  libinit2.o(.ARM.Collect$$libinit$$00000017)
    .ARM.Collect$$libinit$$00000019          0x08000162   Section        0  libinit2.o(.ARM.Collect$$libinit$$00000019)
    .ARM.Collect$$libinit$$0000001B          0x08000162   Section        0  libinit2.o(.ARM.Collect$$libinit$$0000001B)
    .ARM.Collect$$libinit$$0000001D          0x08000162   Section        0  libinit2.o(.ARM.Collect$$libinit$$0000001D)
    .ARM.Collect$$libinit$$0000001F          0x08000162   Section        0  libinit2.o(.ARM.Collect$$libinit$$0000001F)
    .ARM.Collect$$libinit$$00000021          0x08000162   Section        0  libinit2.o(.ARM.Collect$$libinit$$00000021)
    .ARM.Collect$$libinit$$00000023          0x08000162   Section        0  libinit2.o(.ARM.Collect$$libinit$$00000023)
    .ARM.Collect$$libinit$$00000025          0x08000162   Section        0  libinit2.o(.ARM.Collect$$libinit$$00000025)
    .ARM.Collect$$libinit$$0000002C          0x08000162   Section        0  libinit2.o(.ARM.Collect$$libinit$$0000002C)
    .ARM.Collect$$libinit$$0000002E          0x08000162   Section        0  libinit2.o(.ARM.Collect$$libinit$$0000002E)
    .ARM.Collect$$libinit$$00000030          0x08000162   Section        0  libinit2.o(.ARM.Collect$$libinit$$00000030)
    .ARM.Collect$$libinit$$00000032          0x08000162   Section        0  libinit2.o(.ARM.Collect$$libinit$$00000032)
    .ARM.Collect$$libinit$$00000033          0x08000162   Section        2  libinit2.o(.ARM.Collect$$libinit$$00000033)
    .ARM.Collect$$libshutdown$$00000000      0x08000164   Section        2  libshutdown.o(.ARM.Collect$$libshutdown$$00000000)
    .ARM.Collect$$libshutdown$$00000002      0x08000166   Section        0  libshutdown2.o(.ARM.Collect$$libshutdown$$00000002)
    .ARM.Collect$$libshutdown$$00000004      0x08000166   Section        0  libshutdown2.o(.ARM.Collect$$libshutdown$$00000004)
    .ARM.Collect$$libshutdown$$00000007      0x08000166   Section        0  libshutdown2.o(.ARM.Collect$$libshutdown$$00000007)
    .ARM.Collect$$libshutdown$$0000000A      0x08000166   Section        0  libshutdown2.o(.ARM.Collect$$libshutdown$$0000000A)
    .ARM.Collect$$libshutdown$$0000000C      0x08000166   Section        0  libshutdown2.o(.ARM.Collect$$libshutdown$$0000000C)
    .ARM.Collect$$libshutdown$$0000000F      0x08000166   Section        0  libshutdown2.o(.ARM.Collect$$libshutdown$$0000000F)
    .ARM.Collect$$libshutdown$$00000010      0x08000166   Section        2  libshutdown2.o(.ARM.Collect$$libshutdown$$00000010)
    .ARM.Collect$$rtentry$$00000000          0x08000168   Section        0  __rtentry.o(.ARM.Collect$$rtentry$$00000000)
    .ARM.Collect$$rtentry$$00000002          0x08000168   Section        0  __rtentry2.o(.ARM.Collect$$rtentry$$00000002)
    .ARM.Collect$$rtentry$$00000004          0x08000168   Section        6  __rtentry4.o(.ARM.Collect$$rtentry$$00000004)
    .ARM.Collect$$rtentry$$00000009          0x0800016e   Section        0  __rtentry2.o(.ARM.Collect$$rtentry$$00000009)
    .ARM.Collect$$rtentry$$0000000A          0x0800016e   Section        4  __rtentry2.o(.ARM.Collect$$rtentry$$0000000A)
    .ARM.Collect$$rtentry$$0000000C          0x08000172   Section        0  __rtentry2.o(.ARM.Collect$$rtentry$$0000000C)
    .ARM.Collect$$rtentry$$0000000D          0x08000172   Section        8  __rtentry2.o(.ARM.Collect$$rtentry$$0000000D)
    .ARM.Collect$$rtexit$$00000000           0x0800017a   Section        2  rtexit.o(.ARM.Collect$$rtexit$$00000000)
    .ARM.Collect$$rtexit$$00000002           0x0800017c   Section        0  rtexit2.o(.ARM.Collect$$rtexit$$00000002)
    .ARM.Collect$$rtexit$$00000003           0x0800017c   Section        4  rtexit2.o(.ARM.Collect$$rtexit$$00000003)
    .ARM.Collect$$rtexit$$00000004           0x08000180   Section        6  rtexit2.o(.ARM.Collect$$rtexit$$00000004)
    .text                                    0x08000188   Section       64  startup_stm32f10x_md.o(.text)
    .text                                    0x080001c8   Section      138  rt_memcpy_v6.o(.text)
    .text                                    0x08000252   Section        0  heapauxi.o(.text)
    .text                                    0x08000258   Section        0  _rserrno.o(.text)
    .text                                    0x0800026e   Section      100  rt_memcpy_w.o(.text)
    .text                                    0x080002d4   Section        8  rt_errno_addr_intlibspace.o(.text)
    .text                                    0x080002dc   Section        8  libspace.o(.text)
    .text                                    0x080002e4   Section       74  sys_stackheap_outer.o(.text)
    .text                                    0x0800032e   Section        0  exit.o(.text)
    .text                                    0x08000340   Section        0  sys_exit.o(.text)
    .text                                    0x0800034c   Section        2  use_no_semi.o(.text)
    .text                                    0x0800034e   Section        0  indicate_semi.o(.text)
    CRC8                                     0x08000351   Thumb Code    68  sx1278.o(.text.CRC8)
    [Anonymous Symbol]                       0x08000350   Section        0  sx1278.o(.text.CRC8)
    [Anonymous Symbol]                       0x08000394   Section        0  systick_utils.o(.text.Delay_Ms)
    [Anonymous Symbol]                       0x080003ac   Section        0  stm32f10x_gpio.o(.text.GPIO_Init)
    [Anonymous Symbol]                       0x0800045c   Section        0  stm32f10x_gpio.o(.text.GPIO_ResetBits)
    [Anonymous Symbol]                       0x08000460   Section        0  stm32f10x_gpio.o(.text.GPIO_SetBits)
    [Anonymous Symbol]                       0x08000464   Section        0  mcp3208.o(.text.MCP3208_GetSensorStatus)
    [Anonymous Symbol]                       0x0800047c   Section        0  mcp3208.o(.text.MCP3208_GetStableAverageTemp)
    [Anonymous Symbol]                       0x080004f8   Section        0  mcp3208.o(.text.MCP3208_GetStatusBitmask)
    [Anonymous Symbol]                       0x0800051c   Section        0  mcp3208.o(.text.MCP3208_Init)
    MCP3208_ReadChannel                      0x08000551   Thumb Code    60  mcp3208.o(.text.MCP3208_ReadChannel)
    [Anonymous Symbol]                       0x08000550   Section        0  mcp3208.o(.text.MCP3208_ReadChannel)
    [Anonymous Symbol]                       0x0800058c   Section        0  mcp3208.o(.text.MCP3208_ReadFilteredADC)
    MCP3208_ReadTemp                         0x080005e1   Thumb Code   246  mcp3208.o(.text.MCP3208_ReadTemp)
    [Anonymous Symbol]                       0x080005e0   Section        0  mcp3208.o(.text.MCP3208_ReadTemp)
    [Anonymous Symbol]                       0x080006d8   Section        0  mcp3208.o(.text.MCP3208_ReadTempFiltered)
    MCP3208_Select                           0x08000745   Thumb Code    18  mcp3208.o(.text.MCP3208_Select)
    [Anonymous Symbol]                       0x08000744   Section        0  mcp3208.o(.text.MCP3208_Select)
    MCP3208_Unselect                         0x08000759   Thumb Code    18  mcp3208.o(.text.MCP3208_Unselect)
    [Anonymous Symbol]                       0x08000758   Section        0  mcp3208.o(.text.MCP3208_Unselect)
    MovingAverage                            0x0800076d   Thumb Code   134  mcp3208.o(.text.MovingAverage)
    [Anonymous Symbol]                       0x0800076c   Section        0  mcp3208.o(.text.MovingAverage)
    [Anonymous Symbol]                       0x080007f4   Section        0  stm32f10x_rcc.o(.text.RCC_APB2PeriphClockCmd)
    [Anonymous Symbol]                       0x0800080c   Section        0  spi_driver.o(.text.SPI1_Transfer)
    [Anonymous Symbol]                       0x08000860   Section        0  stm32f10x_spi.o(.text.SPI_Cmd)
    [Anonymous Symbol]                       0x08000874   Section        0  spi_driver.o(.text.SPI_GPIO_Init)
    [Anonymous Symbol]                       0x080008f0   Section        0  stm32f10x_spi.o(.text.SPI_I2S_GetFlagStatus)
    [Anonymous Symbol]                       0x080008fc   Section        0  stm32f10x_spi.o(.text.SPI_I2S_ReceiveData)
    [Anonymous Symbol]                       0x08000900   Section        0  stm32f10x_spi.o(.text.SPI_I2S_SendData)
    [Anonymous Symbol]                       0x08000904   Section        0  stm32f10x_spi.o(.text.SPI_Init)
    SX1278_GPIO_Init                         0x0800094d   Thumb Code    88  sx1278.o(.text.SX1278_GPIO_Init)
    [Anonymous Symbol]                       0x0800094c   Section        0  sx1278.o(.text.SX1278_GPIO_Init)
    [Anonymous Symbol]                       0x080009a4   Section        0  sx1278.o(.text.SX1278_Init)
    SX1278_ReadReg                           0x08000a21   Thumb Code    32  sx1278.o(.text.SX1278_ReadReg)
    [Anonymous Symbol]                       0x08000a20   Section        0  sx1278.o(.text.SX1278_ReadReg)
    [Anonymous Symbol]                       0x08000a40   Section        0  sx1278.o(.text.SX1278_ReceivePacket)
    SX1278_Reset                             0x08000b29   Thumb Code    44  sx1278.o(.text.SX1278_Reset)
    [Anonymous Symbol]                       0x08000b28   Section        0  sx1278.o(.text.SX1278_Reset)
    SX1278_Select                            0x08000b55   Thumb Code    18  sx1278.o(.text.SX1278_Select)
    [Anonymous Symbol]                       0x08000b54   Section        0  sx1278.o(.text.SX1278_Select)
    [Anonymous Symbol]                       0x08000b68   Section        0  sx1278.o(.text.SX1278_SendPacket)
    [Anonymous Symbol]                       0x08000c44   Section        0  sx1278.o(.text.SX1278_Unselect)
    [Anonymous Symbol]                       0x08000c58   Section        0  sx1278.o(.text.SX1278_WriteReg)
    SetSysClock                              0x08000c79   Thumb Code     8  system_stm32f10x.o(.text.SetSysClock)
    [Anonymous Symbol]                       0x08000c78   Section        0  system_stm32f10x.o(.text.SetSysClock)
    SetSysClockTo72                          0x08000c81   Thumb Code   190  system_stm32f10x.o(.text.SetSysClockTo72)
    [Anonymous Symbol]                       0x08000c80   Section        0  system_stm32f10x.o(.text.SetSysClockTo72)
    SysTick_Config                           0x08000d41   Thumb Code    36  systick_driver.o(.text.SysTick_Config)
    [Anonymous Symbol]                       0x08000d40   Section        0  systick_driver.o(.text.SysTick_Config)
    [Anonymous Symbol]                       0x08000d64   Section        0  systick_driver.o(.text.SysTick_GetTick)
    [Anonymous Symbol]                       0x08000d70   Section        0  systick_driver.o(.text.SysTick_Handler)
    [Anonymous Symbol]                       0x08000d80   Section        0  systick_driver.o(.text.SysTick_Init)
    [Anonymous Symbol]                       0x08000da4   Section        0  system_stm32f10x.o(.text.SystemCoreClockUpdate)
    [Anonymous Symbol]                       0x08000e14   Section        0  system_stm32f10x.o(.text.SystemInit)
    ValidateTemp                             0x08000e6d   Thumb Code   162  mcp3208.o(.text.ValidateTemp)
    [Anonymous Symbol]                       0x08000e6c   Section        0  mcp3208.o(.text.ValidateTemp)
    __ARM_isfinitef                          0x08000f11   Thumb Code    14  mcp3208.o(.text.__ARM_isfinitef)
    [Anonymous Symbol]                       0x08000f10   Section        0  mcp3208.o(.text.__ARM_isfinitef)
    __NVIC_SetPriority                       0x08000f21   Thumb Code    14  systick_driver.o(.text.__NVIC_SetPriority)
    [Anonymous Symbol]                       0x08000f20   Section        0  systick_driver.o(.text.__NVIC_SetPriority)
    [Anonymous Symbol]                       0x08000f30   Section        0  main.o(.text.main)
    [Anonymous Symbol]                       0x08000f98   Section        0  systick_utils.o(.text.millis)
    sort                                     0x08000fa1   Thumb Code    80  mcp3208.o(.text.sort)
    [Anonymous Symbol]                       0x08000fa0   Section        0  mcp3208.o(.text.sort)
    i.__kernel_poly                          0x08000ff0   Section        0  poly.o(i.__kernel_poly)
    i.__mathlib_dbl_divzero                  0x0800109c   Section        0  dunder.o(i.__mathlib_dbl_divzero)
    i.__mathlib_dbl_infnan                   0x080010ac   Section        0  dunder.o(i.__mathlib_dbl_infnan)
    i.__mathlib_dbl_invalid                  0x080010b2   Section        0  dunder.o(i.__mathlib_dbl_invalid)
    i.log                                    0x080010c0   Section        0  log.o(i.log)
    x$fpl$d2f                                0x0800141c   Section       98  d2f.o(x$fpl$d2f)
    x$fpl$dadd                               0x08001480   Section      336  daddsub_clz.o(x$fpl$dadd)
    _dadd1                                   0x08001491   Thumb Code     0  daddsub_clz.o(x$fpl$dadd)
    x$fpl$dcheck1                            0x080015d0   Section       16  dcheck1.o(x$fpl$dcheck1)
    x$fpl$dcmpinf                            0x080015e0   Section       24  dcmpi.o(x$fpl$dcmpinf)
    x$fpl$ddiv                               0x080015f8   Section      688  ddiv.o(x$fpl$ddiv)
    ddiv_entry                               0x080015ff   Thumb Code     0  ddiv.o(x$fpl$ddiv)
    x$fpl$deqf                               0x080018a8   Section      120  deqf.o(x$fpl$deqf)
    x$fpl$dflt                               0x08001920   Section       46  dflt_clz.o(x$fpl$dflt)
    x$fpl$dmul                               0x08001950   Section      340  dmul.o(x$fpl$dmul)
    x$fpl$dnaninf                            0x08001aa4   Section      156  dnaninf.o(x$fpl$dnaninf)
    x$fpl$dretinf                            0x08001b40   Section       12  dretinf.o(x$fpl$dretinf)
    x$fpl$drsb                               0x08001b4c   Section       22  daddsub_clz.o(x$fpl$drsb)
    x$fpl$dsub                               0x08001b64   Section      468  daddsub_clz.o(x$fpl$dsub)
    _dsub1                                   0x08001b75   Thumb Code     0  daddsub_clz.o(x$fpl$dsub)
    x$fpl$f2d                                0x08001d38   Section       86  f2d.o(x$fpl$f2d)
    x$fpl$fadd                               0x08001d90   Section      196  faddsub_clz.o(x$fpl$fadd)
    _fadd1                                   0x08001d9f   Thumb Code     0  faddsub_clz.o(x$fpl$fadd)
    x$fpl$fcmp                               0x08001e54   Section       84  fcmp.o(x$fpl$fcmp)
    x$fpl$fcmpinf                            0x08001ea8   Section       24  fcmpi.o(x$fpl$fcmpinf)
    _fdiv1                                   0x08001ec1   Thumb Code     0  fdiv.o(x$fpl$fdiv)
    x$fpl$fdiv                               0x08001ec0   Section      388  fdiv.o(x$fpl$fdiv)
    x$fpl$feqf                               0x08002044   Section      104  feqf.o(x$fpl$feqf)
    x$fpl$ffltu                              0x080020ac   Section       38  fflt_clz.o(x$fpl$ffltu)
    x$fpl$fgeqf                              0x080020d4   Section      104  fgeqf.o(x$fpl$fgeqf)
    x$fpl$fleqf                              0x0800213c   Section      104  fleqf.o(x$fpl$fleqf)
    x$fpl$fmul                               0x080021a4   Section      258  fmul.o(x$fpl$fmul)
    x$fpl$fnaninf                            0x080022a6   Section      140  fnaninf.o(x$fpl$fnaninf)
    x$fpl$fretinf                            0x08002332   Section       10  fretinf.o(x$fpl$fretinf)
    x$fpl$fsub                               0x0800233c   Section      234  faddsub_clz.o(x$fpl$fsub)
    _fsub1                                   0x0800234b   Thumb Code     0  faddsub_clz.o(x$fpl$fsub)
    x$fpl$retnan                             0x08002426   Section      100  retnan.o(x$fpl$retnan)
    x$fpl$scalbn                             0x0800248a   Section       92  scalbn.o(x$fpl$scalbn)
    x$fpl$trapveneer                         0x080024e6   Section       48  trapv.o(x$fpl$trapveneer)
    x$fpl$usenofp                            0x08002516   Section        0  usenofp.o(x$fpl$usenofp)
    Lg2                                      0x08002518   Data          24  log.o(.constdata)
    .constdata                               0x08002518   Section       56  log.o(.constdata)
    Lg                                       0x08002530   Data          32  log.o(.constdata)
    .constdata                               0x08002550   Section        8  qnan.o(.constdata)
    .bss                                     0x20000008   Section       96  libspace.o(.bss)
    ma_buffer                                0x20000068   Data         120  mcp3208.o(.bss.ma_buffer)
    [Anonymous Symbol]                       0x20000068   Section        0  mcp3208.o(.bss.ma_buffer)
    ma_count                                 0x200000e0   Data           6  mcp3208.o(.bss.ma_count)
    [Anonymous Symbol]                       0x200000e0   Section        0  mcp3208.o(.bss.ma_count)
    ma_index                                 0x200000e6   Data           6  mcp3208.o(.bss.ma_index)
    [Anonymous Symbol]                       0x200000e6   Section        0  mcp3208.o(.bss.ma_index)
    ma_sum                                   0x200000ec   Data          24  mcp3208.o(.bss.ma_sum)
    [Anonymous Symbol]                       0x200000ec   Section        0  mcp3208.o(.bss.ma_sum)
    sensor_state                             0x20000104   Data          96  mcp3208.o(.bss.sensor_state)
    [Anonymous Symbol]                       0x20000104   Section        0  mcp3208.o(.bss.sensor_state)
    tick_ms                                  0x20000164   Data           4  systick_driver.o(.bss.tick_ms)
    [Anonymous Symbol]                       0x20000164   Section        0  systick_driver.o(.bss.tick_ms)
    Heap_Mem                                 0x20000168   Data         512  startup_stm32f10x_md.o(HEAP)
    HEAP                                     0x20000168   Section      512  startup_stm32f10x_md.o(HEAP)
    Stack_Mem                                0x20000368   Data        1024  startup_stm32f10x_md.o(STACK)
    STACK                                    0x20000368   Section     1024  startup_stm32f10x_md.o(STACK)
    __initial_sp                             0x20000768   Data           0  startup_stm32f10x_md.o(STACK)

    Global Symbols

    Symbol Name                              Value     Ov Type        Size  Object(Section)

    BuildAttributes$$THM_ISAv4$P$D$K$B$S$PE$A:L22UL41UL21$X:L11$S22US41US21$IEEE1$IW$~IW$USESV6$~STKCKD$USESV7$~SHL$OTIME$ROPI$IEEEX$EBA8$UX$STANDARDLIB$REQ8$PRES8$EABIv2 0x00000000   Number         0  anon$$obj.o ABSOLUTE
    __fp_init_empty                          0x00000000   Number         0  fpinit_empty.o ABSOLUTE
    __ARM_exceptions_init                     - Undefined Weak Reference
    __alloca_initialize                       - Undefined Weak Reference
    __arm_preinit_                            - Undefined Weak Reference
    __cpp_initialize__aeabi_                  - Undefined Weak Reference
    __cxa_finalize                            - Undefined Weak Reference
    __rt_locale                               - Undefined Weak Reference
    __sigvec_lookup                           - Undefined Weak Reference
    _atexit_init                              - Undefined Weak Reference
    _call_atexit_fns                          - Undefined Weak Reference
    _clock_init                               - Undefined Weak Reference
    _fp_trap_init                             - Undefined Weak Reference
    _fp_trap_shutdown                         - Undefined Weak Reference
    _get_lc_collate                           - Undefined Weak Reference
    _get_lc_ctype                             - Undefined Weak Reference
    _get_lc_monetary                          - Undefined Weak Reference
    _get_lc_numeric                           - Undefined Weak Reference
    _get_lc_time                              - Undefined Weak Reference
    _getenv_init                              - Undefined Weak Reference
    _handle_redirection                       - Undefined Weak Reference
    _init_alloc                               - Undefined Weak Reference
    _init_user_alloc                          - Undefined Weak Reference
    _initio                                   - Undefined Weak Reference
    _rand_init                                - Undefined Weak Reference
    _signal_finish                            - Undefined Weak Reference
    _signal_init                              - Undefined Weak Reference
    _terminate_alloc                          - Undefined Weak Reference
    _terminate_user_alloc                     - Undefined Weak Reference
    _terminateio                              - Undefined Weak Reference
    __Vectors_Size                           0x000000ec   Number         0  startup_stm32f10x_md.o ABSOLUTE
    __Vectors                                0x08000000   Data           4  startup_stm32f10x_md.o(RESET)
    __Vectors_End                            0x080000ec   Data           0  startup_stm32f10x_md.o(RESET)
    __main                                   0x080000ed   Thumb Code     8  __main.o(!!!main)
    __scatterload                            0x080000f5   Thumb Code     0  __scatter.o(!!!scatter)
    __scatterload_rt2                        0x080000f5   Thumb Code    44  __scatter.o(!!!scatter)
    __scatterload_rt2_thumb_only             0x080000f5   Thumb Code     0  __scatter.o(!!!scatter)
    __scatterload_null                       0x08000103   Thumb Code     0  __scatter.o(!!!scatter)
    __scatterload_copy                       0x08000129   Thumb Code    26  __scatter_copy.o(!!handler_copy)
    __scatterload_zeroinit                   0x08000145   Thumb Code    28  __scatter_zi.o(!!handler_zi)
    __rt_lib_init                            0x08000161   Thumb Code     0  libinit.o(.ARM.Collect$$libinit$$00000000)
    __rt_lib_init_alloca_1                   0x08000163   Thumb Code     0  libinit2.o(.ARM.Collect$$libinit$$0000002E)
    __rt_lib_init_argv_1                     0x08000163   Thumb Code     0  libinit2.o(.ARM.Collect$$libinit$$0000002C)
    __rt_lib_init_atexit_1                   0x08000163   Thumb Code     0  libinit2.o(.ARM.Collect$$libinit$$0000001B)
    __rt_lib_init_clock_1                    0x08000163   Thumb Code     0  libinit2.o(.ARM.Collect$$libinit$$00000021)
    __rt_lib_init_cpp_1                      0x08000163   Thumb Code     0  libinit2.o(.ARM.Collect$$libinit$$00000032)
    __rt_lib_init_exceptions_1               0x08000163   Thumb Code     0  libinit2.o(.ARM.Collect$$libinit$$00000030)
    __rt_lib_init_fp_1                       0x08000163   Thumb Code     0  libinit2.o(.ARM.Collect$$libinit$$00000002)
    __rt_lib_init_fp_trap_1                  0x08000163   Thumb Code     0  libinit2.o(.ARM.Collect$$libinit$$0000001F)
    __rt_lib_init_getenv_1                   0x08000163   Thumb Code     0  libinit2.o(.ARM.Collect$$libinit$$00000023)
    __rt_lib_init_heap_1                     0x08000163   Thumb Code     0  libinit2.o(.ARM.Collect$$libinit$$0000000A)
    __rt_lib_init_lc_collate_1               0x08000163   Thumb Code     0  libinit2.o(.ARM.Collect$$libinit$$00000011)
    __rt_lib_init_lc_ctype_1                 0x08000163   Thumb Code     0  libinit2.o(.ARM.Collect$$libinit$$00000013)
    __rt_lib_init_lc_monetary_1              0x08000163   Thumb Code     0  libinit2.o(.ARM.Collect$$libinit$$00000015)
    __rt_lib_init_lc_numeric_1               0x08000163   Thumb Code     0  libinit2.o(.ARM.Collect$$libinit$$00000017)
    __rt_lib_init_lc_time_1                  0x08000163   Thumb Code     0  libinit2.o(.ARM.Collect$$libinit$$00000019)
    __rt_lib_init_preinit_1                  0x08000163   Thumb Code     0  libinit2.o(.ARM.Collect$$libinit$$00000004)
    __rt_lib_init_rand_1                     0x08000163   Thumb Code     0  libinit2.o(.ARM.Collect$$libinit$$0000000E)
    __rt_lib_init_return                     0x08000163   Thumb Code     0  libinit2.o(.ARM.Collect$$libinit$$00000033)
    __rt_lib_init_signal_1                   0x08000163   Thumb Code     0  libinit2.o(.ARM.Collect$$libinit$$0000001D)
    __rt_lib_init_stdio_1                    0x08000163   Thumb Code     0  libinit2.o(.ARM.Collect$$libinit$$00000025)
    __rt_lib_init_user_alloc_1               0x08000163   Thumb Code     0  libinit2.o(.ARM.Collect$$libinit$$0000000C)
    __rt_lib_shutdown                        0x08000165   Thumb Code     0  libshutdown.o(.ARM.Collect$$libshutdown$$00000000)
    __rt_lib_shutdown_cpp_1                  0x08000167   Thumb Code     0  libshutdown2.o(.ARM.Collect$$libshutdown$$00000002)
    __rt_lib_shutdown_fp_trap_1              0x08000167   Thumb Code     0  libshutdown2.o(.ARM.Collect$$libshutdown$$00000007)
    __rt_lib_shutdown_heap_1                 0x08000167   Thumb Code     0  libshutdown2.o(.ARM.Collect$$libshutdown$$0000000F)
    __rt_lib_shutdown_return                 0x08000167   Thumb Code     0  libshutdown2.o(.ARM.Collect$$libshutdown$$00000010)
    __rt_lib_shutdown_signal_1               0x08000167   Thumb Code     0  libshutdown2.o(.ARM.Collect$$libshutdown$$0000000A)
    __rt_lib_shutdown_stdio_1                0x08000167   Thumb Code     0  libshutdown2.o(.ARM.Collect$$libshutdown$$00000004)
    __rt_lib_shutdown_user_alloc_1           0x08000167   Thumb Code     0  libshutdown2.o(.ARM.Collect$$libshutdown$$0000000C)
    __rt_entry                               0x08000169   Thumb Code     0  __rtentry.o(.ARM.Collect$$rtentry$$00000000)
    __rt_entry_presh_1                       0x08000169   Thumb Code     0  __rtentry2.o(.ARM.Collect$$rtentry$$00000002)
    __rt_entry_sh                            0x08000169   Thumb Code     0  __rtentry4.o(.ARM.Collect$$rtentry$$00000004)
    __rt_entry_li                            0x0800016f   Thumb Code     0  __rtentry2.o(.ARM.Collect$$rtentry$$0000000A)
    __rt_entry_postsh_1                      0x0800016f   Thumb Code     0  __rtentry2.o(.ARM.Collect$$rtentry$$00000009)
    __rt_entry_main                          0x08000173   Thumb Code     0  __rtentry2.o(.ARM.Collect$$rtentry$$0000000D)
    __rt_entry_postli_1                      0x08000173   Thumb Code     0  __rtentry2.o(.ARM.Collect$$rtentry$$0000000C)
    __rt_exit                                0x0800017b   Thumb Code     0  rtexit.o(.ARM.Collect$$rtexit$$00000000)
    __rt_exit_ls                             0x0800017d   Thumb Code     0  rtexit2.o(.ARM.Collect$$rtexit$$00000003)
    __rt_exit_prels_1                        0x0800017d   Thumb Code     0  rtexit2.o(.ARM.Collect$$rtexit$$00000002)
    __rt_exit_exit                           0x08000181   Thumb Code     0  rtexit2.o(.ARM.Collect$$rtexit$$00000004)
    Reset_Handler                            0x08000189   Thumb Code     8  startup_stm32f10x_md.o(.text)
    NMI_Handler                              0x08000191   Thumb Code     2  startup_stm32f10x_md.o(.text)
    HardFault_Handler                        0x08000193   Thumb Code     2  startup_stm32f10x_md.o(.text)
    MemManage_Handler                        0x08000195   Thumb Code     2  startup_stm32f10x_md.o(.text)
    BusFault_Handler                         0x08000197   Thumb Code     2  startup_stm32f10x_md.o(.text)
    UsageFault_Handler                       0x08000199   Thumb Code     2  startup_stm32f10x_md.o(.text)
    SVC_Handler                              0x0800019b   Thumb Code     2  startup_stm32f10x_md.o(.text)
    DebugMon_Handler                         0x0800019d   Thumb Code     2  startup_stm32f10x_md.o(.text)
    PendSV_Handler                           0x0800019f   Thumb Code     2  startup_stm32f10x_md.o(.text)
    ADC1_2_IRQHandler                        0x080001a3   Thumb Code     0  startup_stm32f10x_md.o(.text)
    CAN1_RX1_IRQHandler                      0x080001a3   Thumb Code     0  startup_stm32f10x_md.o(.text)
    CAN1_SCE_IRQHandler                      0x080001a3   Thumb Code     0  startup_stm32f10x_md.o(.text)
    DMA1_Channel1_IRQHandler                 0x080001a3   Thumb Code     0  startup_stm32f10x_md.o(.text)
    DMA1_Channel2_IRQHandler                 0x080001a3   Thumb Code     0  startup_stm32f10x_md.o(.text)
    DMA1_Channel3_IRQHandler                 0x080001a3   Thumb Code     0  startup_stm32f10x_md.o(.text)
    DMA1_Channel4_IRQHandler                 0x080001a3   Thumb Code     0  startup_stm32f10x_md.o(.text)
    DMA1_Channel5_IRQHandler                 0x080001a3   Thumb Code     0  startup_stm32f10x_md.o(.text)
    DMA1_Channel6_IRQHandler                 0x080001a3   Thumb Code     0  startup_stm32f10x_md.o(.text)
    DMA1_Channel7_IRQHandler                 0x080001a3   Thumb Code     0  startup_stm32f10x_md.o(.text)
    EXTI0_IRQHandler                         0x080001a3   Thumb Code     0  startup_stm32f10x_md.o(.text)
    EXTI15_10_IRQHandler                     0x080001a3   Thumb Code     0  startup_stm32f10x_md.o(.text)
    EXTI1_IRQHandler                         0x080001a3   Thumb Code     0  startup_stm32f10x_md.o(.text)
    EXTI2_IRQHandler                         0x080001a3   Thumb Code     0  startup_stm32f10x_md.o(.text)
    EXTI3_IRQHandler                         0x080001a3   Thumb Code     0  startup_stm32f10x_md.o(.text)
    EXTI4_IRQHandler                         0x080001a3   Thumb Code     0  startup_stm32f10x_md.o(.text)
    EXTI9_5_IRQHandler                       0x080001a3   Thumb Code     0  startup_stm32f10x_md.o(.text)
    FLASH_IRQHandler                         0x080001a3   Thumb Code     0  startup_stm32f10x_md.o(.text)
    I2C1_ER_IRQHandler                       0x080001a3   Thumb Code     0  startup_stm32f10x_md.o(.text)
    I2C1_EV_IRQHandler                       0x080001a3   Thumb Code     0  startup_stm32f10x_md.o(.text)
    I2C2_ER_IRQHandler                       0x080001a3   Thumb Code     0  startup_stm32f10x_md.o(.text)
    I2C2_EV_IRQHandler                       0x080001a3   Thumb Code     0  startup_stm32f10x_md.o(.text)
    PVD_IRQHandler                           0x080001a3   Thumb Code     0  startup_stm32f10x_md.o(.text)
    RCC_IRQHandler                           0x080001a3   Thumb Code     0  startup_stm32f10x_md.o(.text)
    RTCAlarm_IRQHandler                      0x080001a3   Thumb Code     0  startup_stm32f10x_md.o(.text)
    RTC_IRQHandler                           0x080001a3   Thumb Code     0  startup_stm32f10x_md.o(.text)
    SPI1_IRQHandler                          0x080001a3   Thumb Code     0  startup_stm32f10x_md.o(.text)
    SPI2_IRQHandler                          0x080001a3   Thumb Code     0  startup_stm32f10x_md.o(.text)
    TAMPER_IRQHandler                        0x080001a3   Thumb Code     0  startup_stm32f10x_md.o(.text)
    TIM1_BRK_IRQHandler                      0x080001a3   Thumb Code     0  startup_stm32f10x_md.o(.text)
    TIM1_CC_IRQHandler                       0x080001a3   Thumb Code     0  startup_stm32f10x_md.o(.text)
    TIM1_TRG_COM_IRQHandler                  0x080001a3   Thumb Code     0  startup_stm32f10x_md.o(.text)
    TIM1_UP_IRQHandler                       0x080001a3   Thumb Code     0  startup_stm32f10x_md.o(.text)
    TIM2_IRQHandler                          0x080001a3   Thumb Code     0  startup_stm32f10x_md.o(.text)
    TIM3_IRQHandler                          0x080001a3   Thumb Code     0  startup_stm32f10x_md.o(.text)
    TIM4_IRQHandler                          0x080001a3   Thumb Code     0  startup_stm32f10x_md.o(.text)
    USART1_IRQHandler                        0x080001a3   Thumb Code     0  startup_stm32f10x_md.o(.text)
    USART2_IRQHandler                        0x080001a3   Thumb Code     0  startup_stm32f10x_md.o(.text)
    USART3_IRQHandler                        0x080001a3   Thumb Code     0  startup_stm32f10x_md.o(.text)
    USBWakeUp_IRQHandler                     0x080001a3   Thumb Code     0  startup_stm32f10x_md.o(.text)
    USB_HP_CAN1_TX_IRQHandler                0x080001a3   Thumb Code     0  startup_stm32f10x_md.o(.text)
    USB_LP_CAN1_RX0_IRQHandler               0x080001a3   Thumb Code     0  startup_stm32f10x_md.o(.text)
    WWDG_IRQHandler                          0x080001a3   Thumb Code     0  startup_stm32f10x_md.o(.text)
    __user_initial_stackheap                 0x080001a5   Thumb Code     0  startup_stm32f10x_md.o(.text)
    __aeabi_memcpy                           0x080001c9   Thumb Code     0  rt_memcpy_v6.o(.text)
    __rt_memcpy                              0x080001c9   Thumb Code   138  rt_memcpy_v6.o(.text)
    _memcpy_lastbytes                        0x0800022f   Thumb Code     0  rt_memcpy_v6.o(.text)
    __use_two_region_memory                  0x08000253   Thumb Code     2  heapauxi.o(.text)
    __rt_heap_escrow$2region                 0x08000255   Thumb Code     2  heapauxi.o(.text)
    __rt_heap_expand$2region                 0x08000257   Thumb Code     2  heapauxi.o(.text)
    __read_errno                             0x08000259   Thumb Code    10  _rserrno.o(.text)
    __set_errno                              0x08000263   Thumb Code    12  _rserrno.o(.text)
    __aeabi_memcpy4                          0x0800026f   Thumb Code     0  rt_memcpy_w.o(.text)
    __aeabi_memcpy8                          0x0800026f   Thumb Code     0  rt_memcpy_w.o(.text)
    __rt_memcpy_w                            0x0800026f   Thumb Code   100  rt_memcpy_w.o(.text)
    _memcpy_lastbytes_aligned                0x080002b7   Thumb Code     0  rt_memcpy_w.o(.text)
    __aeabi_errno_addr                       0x080002d5   Thumb Code     8  rt_errno_addr_intlibspace.o(.text)
    __errno$intlibspace                      0x080002d5   Thumb Code     0  rt_errno_addr_intlibspace.o(.text)
    __rt_errno_addr$intlibspace              0x080002d5   Thumb Code     0  rt_errno_addr_intlibspace.o(.text)
    __user_libspace                          0x080002dd   Thumb Code     8  libspace.o(.text)
    __user_perproc_libspace                  0x080002dd   Thumb Code     0  libspace.o(.text)
    __user_perthread_libspace                0x080002dd   Thumb Code     0  libspace.o(.text)
    __user_setup_stackheap                   0x080002e5   Thumb Code    74  sys_stackheap_outer.o(.text)
    exit                                     0x0800032f   Thumb Code    18  exit.o(.text)
    _sys_exit                                0x08000341   Thumb Code     8  sys_exit.o(.text)
    __I$use$semihosting                      0x0800034d   Thumb Code     0  use_no_semi.o(.text)
    __use_no_semihosting_swi                 0x0800034d   Thumb Code     2  use_no_semi.o(.text)
    __semihosting_library_function           0x0800034f   Thumb Code     0  indicate_semi.o(.text)
    Delay_Ms                                 0x08000395   Thumb Code    24  systick_utils.o(.text.Delay_Ms)
    GPIO_Init                                0x080003ad   Thumb Code   176  stm32f10x_gpio.o(.text.GPIO_Init)
    GPIO_ResetBits                           0x0800045d   Thumb Code     4  stm32f10x_gpio.o(.text.GPIO_ResetBits)
    GPIO_SetBits                             0x08000461   Thumb Code     4  stm32f10x_gpio.o(.text.GPIO_SetBits)
    MCP3208_GetSensorStatus                  0x08000465   Thumb Code    24  mcp3208.o(.text.MCP3208_GetSensorStatus)
    MCP3208_GetStableAverageTemp             0x0800047d   Thumb Code   122  mcp3208.o(.text.MCP3208_GetStableAverageTemp)
    MCP3208_GetStatusBitmask                 0x080004f9   Thumb Code    36  mcp3208.o(.text.MCP3208_GetStatusBitmask)
    MCP3208_Init                             0x0800051d   Thumb Code    50  mcp3208.o(.text.MCP3208_Init)
    MCP3208_ReadFilteredADC                  0x0800058d   Thumb Code    84  mcp3208.o(.text.MCP3208_ReadFilteredADC)
    MCP3208_ReadTempFiltered                 0x080006d9   Thumb Code   108  mcp3208.o(.text.MCP3208_ReadTempFiltered)
    RCC_APB2PeriphClockCmd                   0x080007f5   Thumb Code    24  stm32f10x_rcc.o(.text.RCC_APB2PeriphClockCmd)
    SPI1_Transfer                            0x0800080d   Thumb Code    82  spi_driver.o(.text.SPI1_Transfer)
    SPI_Cmd                                  0x08000861   Thumb Code    18  stm32f10x_spi.o(.text.SPI_Cmd)
    SPI_GPIO_Init                            0x08000875   Thumb Code   124  spi_driver.o(.text.SPI_GPIO_Init)
    SPI_I2S_GetFlagStatus                    0x080008f1   Thumb Code    10  stm32f10x_spi.o(.text.SPI_I2S_GetFlagStatus)
    SPI_I2S_ReceiveData                      0x080008fd   Thumb Code     4  stm32f10x_spi.o(.text.SPI_I2S_ReceiveData)
    SPI_I2S_SendData                         0x08000901   Thumb Code     4  stm32f10x_spi.o(.text.SPI_I2S_SendData)
    SPI_Init                                 0x08000905   Thumb Code    70  stm32f10x_spi.o(.text.SPI_Init)
    SX1278_Init                              0x080009a5   Thumb Code   124  sx1278.o(.text.SX1278_Init)
    SX1278_ReceivePacket                     0x08000a41   Thumb Code   230  sx1278.o(.text.SX1278_ReceivePacket)
    SX1278_SendPacket                        0x08000b69   Thumb Code   218  sx1278.o(.text.SX1278_SendPacket)
    SX1278_Unselect                          0x08000c45   Thumb Code    18  sx1278.o(.text.SX1278_Unselect)
    SX1278_WriteReg                          0x08000c59   Thumb Code    30  sx1278.o(.text.SX1278_WriteReg)
    SysTick_GetTick                          0x08000d65   Thumb Code    12  systick_driver.o(.text.SysTick_GetTick)
    SysTick_Handler                          0x08000d71   Thumb Code    16  systick_driver.o(.text.SysTick_Handler)
    SysTick_Init                             0x08000d81   Thumb Code    36  systick_driver.o(.text.SysTick_Init)
    SystemCoreClockUpdate                    0x08000da5   Thumb Code   110  system_stm32f10x.o(.text.SystemCoreClockUpdate)
    SystemInit                               0x08000e15   Thumb Code    86  system_stm32f10x.o(.text.SystemInit)
    main                                     0x08000f31   Thumb Code   102  main.o(.text.main)
    millis                                   0x08000f99   Thumb Code     8  systick_utils.o(.text.millis)
    __kernel_poly                            0x08000ff1   Thumb Code   170  poly.o(i.__kernel_poly)
    __mathlib_dbl_divzero                    0x0800109d   Thumb Code    12  dunder.o(i.__mathlib_dbl_divzero)
    __mathlib_dbl_infnan                     0x080010ad   Thumb Code     6  dunder.o(i.__mathlib_dbl_infnan)
    __mathlib_dbl_invalid                    0x080010b3   Thumb Code    12  dunder.o(i.__mathlib_dbl_invalid)
    log                                      0x080010c1   Thumb Code   808  log.o(i.log)
    __aeabi_d2f                              0x0800141d   Thumb Code     0  d2f.o(x$fpl$d2f)
    _d2f                                     0x0800141d   Thumb Code    98  d2f.o(x$fpl$d2f)
    __aeabi_dadd                             0x08001481   Thumb Code     0  daddsub_clz.o(x$fpl$dadd)
    _dadd                                    0x08001481   Thumb Code   332  daddsub_clz.o(x$fpl$dadd)
    __fpl_dcheck_NaN1                        0x080015d1   Thumb Code    10  dcheck1.o(x$fpl$dcheck1)
    __fpl_dcmp_Inf                           0x080015e1   Thumb Code    24  dcmpi.o(x$fpl$dcmpinf)
    __aeabi_ddiv                             0x080015f9   Thumb Code     0  ddiv.o(x$fpl$ddiv)
    _ddiv                                    0x080015f9   Thumb Code   552  ddiv.o(x$fpl$ddiv)
    __aeabi_cdcmpeq                          0x080018a9   Thumb Code     0  deqf.o(x$fpl$deqf)
    _dcmpeq                                  0x080018a9   Thumb Code   120  deqf.o(x$fpl$deqf)
    __aeabi_i2d                              0x08001921   Thumb Code     0  dflt_clz.o(x$fpl$dflt)
    _dflt                                    0x08001921   Thumb Code    46  dflt_clz.o(x$fpl$dflt)
    __aeabi_dmul                             0x08001951   Thumb Code     0  dmul.o(x$fpl$dmul)
    _dmul                                    0x08001951   Thumb Code   332  dmul.o(x$fpl$dmul)
    __fpl_dnaninf                            0x08001aa5   Thumb Code   156  dnaninf.o(x$fpl$dnaninf)
    __fpl_dretinf                            0x08001b41   Thumb Code    12  dretinf.o(x$fpl$dretinf)
    __aeabi_drsub                            0x08001b4d   Thumb Code     0  daddsub_clz.o(x$fpl$drsb)
    _drsb                                    0x08001b4d   Thumb Code    22  daddsub_clz.o(x$fpl$drsb)
    __aeabi_dsub                             0x08001b65   Thumb Code     0  daddsub_clz.o(x$fpl$dsub)
    _dsub                                    0x08001b65   Thumb Code   464  daddsub_clz.o(x$fpl$dsub)
    __aeabi_f2d                              0x08001d39   Thumb Code     0  f2d.o(x$fpl$f2d)
    _f2d                                     0x08001d39   Thumb Code    86  f2d.o(x$fpl$f2d)
    __aeabi_fadd                             0x08001d91   Thumb Code     0  faddsub_clz.o(x$fpl$fadd)
    _fadd                                    0x08001d91   Thumb Code   196  faddsub_clz.o(x$fpl$fadd)
    __aeabi_fcmpeq                           0x08001e55   Thumb Code     0  fcmp.o(x$fpl$fcmp)
    _feq                                     0x08001e55   Thumb Code    14  fcmp.o(x$fpl$fcmp)
    _fneq                                    0x08001e63   Thumb Code    14  fcmp.o(x$fpl$fcmp)
    __aeabi_fcmpgt                           0x08001e71   Thumb Code     0  fcmp.o(x$fpl$fcmp)
    _fgr                                     0x08001e71   Thumb Code    14  fcmp.o(x$fpl$fcmp)
    __aeabi_fcmpge                           0x08001e7f   Thumb Code     0  fcmp.o(x$fpl$fcmp)
    _fgeq                                    0x08001e7f   Thumb Code    14  fcmp.o(x$fpl$fcmp)
    __aeabi_fcmple                           0x08001e8d   Thumb Code     0  fcmp.o(x$fpl$fcmp)
    _fleq                                    0x08001e8d   Thumb Code    14  fcmp.o(x$fpl$fcmp)
    __aeabi_fcmplt                           0x08001e9b   Thumb Code     0  fcmp.o(x$fpl$fcmp)
    _fls                                     0x08001e9b   Thumb Code    14  fcmp.o(x$fpl$fcmp)
    __fpl_fcmp_Inf                           0x08001ea9   Thumb Code    24  fcmpi.o(x$fpl$fcmpinf)
    __aeabi_fdiv                             0x08001ec1   Thumb Code     0  fdiv.o(x$fpl$fdiv)
    _fdiv                                    0x08001ec1   Thumb Code   384  fdiv.o(x$fpl$fdiv)
    __aeabi_cfcmpeq                          0x08002045   Thumb Code     0  feqf.o(x$fpl$feqf)
    _fcmpeq                                  0x08002045   Thumb Code   104  feqf.o(x$fpl$feqf)
    __aeabi_ui2f                             0x080020ad   Thumb Code     0  fflt_clz.o(x$fpl$ffltu)
    _ffltu                                   0x080020ad   Thumb Code    38  fflt_clz.o(x$fpl$ffltu)
    _fcmpge                                  0x080020d5   Thumb Code   104  fgeqf.o(x$fpl$fgeqf)
    __aeabi_cfcmple                          0x0800213d   Thumb Code     0  fleqf.o(x$fpl$fleqf)
    _fcmple                                  0x0800213d   Thumb Code   104  fleqf.o(x$fpl$fleqf)
    __fpl_fcmple_InfNaN                      0x0800218f   Thumb Code     0  fleqf.o(x$fpl$fleqf)
    __aeabi_fmul                             0x080021a5   Thumb Code     0  fmul.o(x$fpl$fmul)
    _fmul                                    0x080021a5   Thumb Code   258  fmul.o(x$fpl$fmul)
    __fpl_fnaninf                            0x080022a7   Thumb Code   140  fnaninf.o(x$fpl$fnaninf)
    __fpl_fretinf                            0x08002333   Thumb Code    10  fretinf.o(x$fpl$fretinf)
    __aeabi_fsub                             0x0800233d   Thumb Code     0  faddsub_clz.o(x$fpl$fsub)
    _fsub                                    0x0800233d   Thumb Code   234  faddsub_clz.o(x$fpl$fsub)
    __fpl_return_NaN                         0x08002427   Thumb Code   100  retnan.o(x$fpl$retnan)
    __ARM_scalbn                             0x0800248b   Thumb Code    92  scalbn.o(x$fpl$scalbn)
    __fpl_cmpreturn                          0x080024e7   Thumb Code    48  trapv.o(x$fpl$trapveneer)
    __I$use$fp                               0x08002516   Number         0  usenofp.o(x$fpl$usenofp)
    __mathlib_zero                           0x08002550   Data           8  qnan.o(.constdata)
    AHBPrescTable                            0x08002558   Data          16  system_stm32f10x.o(.rodata.AHBPrescTable)
    Region$$Table$$Base                      0x08002568   Number         0  anon$$obj.o(Region$$Table)
    Region$$Table$$Limit                     0x08002588   Number         0  anon$$obj.o(Region$$Table)
    SystemCoreClock                          0x20000000   Data           4  system_stm32f10x.o(.data.SystemCoreClock)
    __libspace_start                         0x20000008   Data          96  libspace.o(.bss)
    __temporary_stack_top$libspace           0x20000068   Data           0  libspace.o(.bss)



==============================================================================

Memory Map of the image

  Image Entry point : 0x080000ed

  Load Region LR_IROM1 (Base: 0x08000000, Size: 0x00002590, Max: 0x00010000, ABSOLUTE)

    Execution Region ER_IROM1 (Exec base: 0x08000000, Load base: 0x08000000, Size: 0x00002588, Max: 0x00010000, ABSOLUTE)

    Exec Addr    Load Addr    Size         Type   Attr      Idx    E Section Name        Object

    0x08000000   0x08000000   0x000000ec   Data   RO          314    RESET               startup_stm32f10x_md.o
    0x080000ec   0x080000ec   0x00000008   Code   RO          345  * !!!main             c_w.l(__main.o)
    0x080000f4   0x080000f4   0x00000034   Code   RO          615    !!!scatter          c_w.l(__scatter.o)
    0x08000128   0x08000128   0x0000001a   Code   RO          617    !!handler_copy      c_w.l(__scatter_copy.o)
    0x08000142   0x08000142   0x00000002   PAD
    0x08000144   0x08000144   0x0000001c   Code   RO          619    !!handler_zi        c_w.l(__scatter_zi.o)
    0x08000160   0x08000160   0x00000002   Code   RO          478    .ARM.Collect$$libinit$$00000000  c_w.l(libinit.o)
    0x08000162   0x08000162   0x00000000   Code   RO          484    .ARM.Collect$$libinit$$00000002  c_w.l(libinit2.o)
    0x08000162   0x08000162   0x00000000   Code   RO          486    .ARM.Collect$$libinit$$00000004  c_w.l(libinit2.o)
    0x08000162   0x08000162   0x00000000   Code   RO          489    .ARM.Collect$$libinit$$0000000A  c_w.l(libinit2.o)
    0x08000162   0x08000162   0x00000000   Code   RO          491    .ARM.Collect$$libinit$$0000000C  c_w.l(libinit2.o)
    0x08000162   0x08000162   0x00000000   Code   RO          493    .ARM.Collect$$libinit$$0000000E  c_w.l(libinit2.o)
    0x08000162   0x08000162   0x00000000   Code   RO          496    .ARM.Collect$$libinit$$00000011  c_w.l(libinit2.o)
    0x08000162   0x08000162   0x00000000   Code   RO          498    .ARM.Collect$$libinit$$00000013  c_w.l(libinit2.o)
    0x08000162   0x08000162   0x00000000   Code   RO          500    .ARM.Collect$$libinit$$00000015  c_w.l(libinit2.o)
    0x08000162   0x08000162   0x00000000   Code   RO          502    .ARM.Collect$$libinit$$00000017  c_w.l(libinit2.o)
    0x08000162   0x08000162   0x00000000   Code   RO          504    .ARM.Collect$$libinit$$00000019  c_w.l(libinit2.o)
    0x08000162   0x08000162   0x00000000   Code   RO          506    .ARM.Collect$$libinit$$0000001B  c_w.l(libinit2.o)
    0x08000162   0x08000162   0x00000000   Code   RO          508    .ARM.Collect$$libinit$$0000001D  c_w.l(libinit2.o)
    0x08000162   0x08000162   0x00000000   Code   RO          510    .ARM.Collect$$libinit$$0000001F  c_w.l(libinit2.o)
    0x08000162   0x08000162   0x00000000   Code   RO          512    .ARM.Collect$$libinit$$00000021  c_w.l(libinit2.o)
    0x08000162   0x08000162   0x00000000   Code   RO          514    .ARM.Collect$$libinit$$00000023  c_w.l(libinit2.o)
    0x08000162   0x08000162   0x00000000   Code   RO          516    .ARM.Collect$$libinit$$00000025  c_w.l(libinit2.o)
    0x08000162   0x08000162   0x00000000   Code   RO          520    .ARM.Collect$$libinit$$0000002C  c_w.l(libinit2.o)
    0x08000162   0x08000162   0x00000000   Code   RO          522    .ARM.Collect$$libinit$$0000002E  c_w.l(libinit2.o)
    0x08000162   0x08000162   0x00000000   Code   RO          524    .ARM.Collect$$libinit$$00000030  c_w.l(libinit2.o)
    0x08000162   0x08000162   0x00000000   Code   RO          526    .ARM.Collect$$libinit$$00000032  c_w.l(libinit2.o)
    0x08000162   0x08000162   0x00000002   Code   RO          527    .ARM.Collect$$libinit$$00000033  c_w.l(libinit2.o)
    0x08000164   0x08000164   0x00000002   Code   RO          551    .ARM.Collect$$libshutdown$$00000000  c_w.l(libshutdown.o)
    0x08000166   0x08000166   0x00000000   Code   RO          566    .ARM.Collect$$libshutdown$$00000002  c_w.l(libshutdown2.o)
    0x08000166   0x08000166   0x00000000   Code   RO          568    .ARM.Collect$$libshutdown$$00000004  c_w.l(libshutdown2.o)
    0x08000166   0x08000166   0x00000000   Code   RO          571    .ARM.Collect$$libshutdown$$00000007  c_w.l(libshutdown2.o)
    0x08000166   0x08000166   0x00000000   Code   RO          574    .ARM.Collect$$libshutdown$$0000000A  c_w.l(libshutdown2.o)
    0x08000166   0x08000166   0x00000000   Code   RO          576    .ARM.Collect$$libshutdown$$0000000C  c_w.l(libshutdown2.o)
    0x08000166   0x08000166   0x00000000   Code   RO          579    .ARM.Collect$$libshutdown$$0000000F  c_w.l(libshutdown2.o)
    0x08000166   0x08000166   0x00000002   Code   RO          580    .ARM.Collect$$libshutdown$$00000010  c_w.l(libshutdown2.o)
    0x08000168   0x08000168   0x00000000   Code   RO          393    .ARM.Collect$$rtentry$$00000000  c_w.l(__rtentry.o)
    0x08000168   0x08000168   0x00000000   Code   RO          441    .ARM.Collect$$rtentry$$00000002  c_w.l(__rtentry2.o)
    0x08000168   0x08000168   0x00000006   Code   RO          453    .ARM.Collect$$rtentry$$00000004  c_w.l(__rtentry4.o)
    0x0800016e   0x0800016e   0x00000000   Code   RO          443    .ARM.Collect$$rtentry$$00000009  c_w.l(__rtentry2.o)
    0x0800016e   0x0800016e   0x00000004   Code   RO          444    .ARM.Collect$$rtentry$$0000000A  c_w.l(__rtentry2.o)
    0x08000172   0x08000172   0x00000000   Code   RO          446    .ARM.Collect$$rtentry$$0000000C  c_w.l(__rtentry2.o)
    0x08000172   0x08000172   0x00000008   Code   RO          447    .ARM.Collect$$rtentry$$0000000D  c_w.l(__rtentry2.o)
    0x0800017a   0x0800017a   0x00000002   Code   RO          481    .ARM.Collect$$rtexit$$00000000  c_w.l(rtexit.o)
    0x0800017c   0x0800017c   0x00000000   Code   RO          531    .ARM.Collect$$rtexit$$00000002  c_w.l(rtexit2.o)
    0x0800017c   0x0800017c   0x00000004   Code   RO          532    .ARM.Collect$$rtexit$$00000003  c_w.l(rtexit2.o)
    0x08000180   0x08000180   0x00000006   Code   RO          533    .ARM.Collect$$rtexit$$00000004  c_w.l(rtexit2.o)
    0x08000186   0x08000186   0x00000002   PAD
    0x08000188   0x08000188   0x00000040   Code   RO          315    .text               startup_stm32f10x_md.o
    0x080001c8   0x080001c8   0x0000008a   Code   RO          341    .text               c_w.l(rt_memcpy_v6.o)
    0x08000252   0x08000252   0x00000006   Code   RO          343    .text               c_w.l(heapauxi.o)
    0x08000258   0x08000258   0x00000016   Code   RO          394    .text               c_w.l(_rserrno.o)
    0x0800026e   0x0800026e   0x00000064   Code   RO          396    .text               c_w.l(rt_memcpy_w.o)
    0x080002d2   0x080002d2   0x00000002   PAD
    0x080002d4   0x080002d4   0x00000008   Code   RO          458    .text               c_w.l(rt_errno_addr_intlibspace.o)
    0x080002dc   0x080002dc   0x00000008   Code   RO          466    .text               c_w.l(libspace.o)
    0x080002e4   0x080002e4   0x0000004a   Code   RO          469    .text               c_w.l(sys_stackheap_outer.o)
    0x0800032e   0x0800032e   0x00000012   Code   RO          471    .text               c_w.l(exit.o)
    0x08000340   0x08000340   0x0000000c   Code   RO          541    .text               c_w.l(sys_exit.o)
    0x0800034c   0x0800034c   0x00000002   Code   RO          556    .text               c_w.l(use_no_semi.o)
    0x0800034e   0x0800034e   0x00000000   Code   RO          558    .text               c_w.l(indicate_semi.o)
    0x0800034e   0x0800034e   0x00000002   PAD
    0x08000350   0x08000350   0x00000044   Code   RO           25    .text.CRC8          sx1278.o
    0x08000394   0x08000394   0x00000018   Code   RO           41    .text.Delay_Ms      systick_utils.o
    0x080003ac   0x080003ac   0x000000b0   Code   RO          145    .text.GPIO_Init     stm32f10x_gpio.o
    0x0800045c   0x0800045c   0x00000004   Code   RO          159    .text.GPIO_ResetBits  stm32f10x_gpio.o
    0x08000460   0x08000460   0x00000004   Code   RO          157    .text.GPIO_SetBits  stm32f10x_gpio.o
    0x08000464   0x08000464   0x00000018   Code   RO           69    .text.MCP3208_GetSensorStatus  mcp3208.o
    0x0800047c   0x0800047c   0x0000007a   Code   RO           71    .text.MCP3208_GetStableAverageTemp  mcp3208.o
    0x080004f6   0x080004f6   0x00000002   PAD
    0x080004f8   0x080004f8   0x00000024   Code   RO           73    .text.MCP3208_GetStatusBitmask  mcp3208.o
    0x0800051c   0x0800051c   0x00000032   Code   RO           51    .text.MCP3208_Init  mcp3208.o
    0x0800054e   0x0800054e   0x00000002   PAD
    0x08000550   0x08000550   0x0000003c   Code   RO           57    .text.MCP3208_ReadChannel  mcp3208.o
    0x0800058c   0x0800058c   0x00000054   Code   RO           55    .text.MCP3208_ReadFilteredADC  mcp3208.o
    0x080005e0   0x080005e0   0x000000f6   Code   RO           63    .text.MCP3208_ReadTemp  mcp3208.o
    0x080006d6   0x080006d6   0x00000002   PAD
    0x080006d8   0x080006d8   0x0000006c   Code   RO           61    .text.MCP3208_ReadTempFiltered  mcp3208.o
    0x08000744   0x08000744   0x00000012   Code   RO           75    .text.MCP3208_Select  mcp3208.o
    0x08000756   0x08000756   0x00000002   PAD
    0x08000758   0x08000758   0x00000012   Code   RO           53    .text.MCP3208_Unselect  mcp3208.o
    0x0800076a   0x0800076a   0x00000002   PAD
    0x0800076c   0x0800076c   0x00000086   Code   RO           65    .text.MovingAverage  mcp3208.o
    0x080007f2   0x080007f2   0x00000002   PAD
    0x080007f4   0x080007f4   0x00000018   Code   RO          229    .text.RCC_APB2PeriphClockCmd  stm32f10x_rcc.o
    0x0800080c   0x0800080c   0x00000052   Code   RO           94    .text.SPI1_Transfer  spi_driver.o
    0x0800085e   0x0800085e   0x00000002   PAD
    0x08000860   0x08000860   0x00000012   Code   RO          269    .text.SPI_Cmd       stm32f10x_spi.o
    0x08000872   0x08000872   0x00000002   PAD
    0x08000874   0x08000874   0x0000007c   Code   RO           92    .text.SPI_GPIO_Init  spi_driver.o
    0x080008f0   0x080008f0   0x0000000a   Code   RO          297    .text.SPI_I2S_GetFlagStatus  stm32f10x_spi.o
    0x080008fa   0x080008fa   0x00000002   PAD
    0x080008fc   0x080008fc   0x00000004   Code   RO          279    .text.SPI_I2S_ReceiveData  stm32f10x_spi.o
    0x08000900   0x08000900   0x00000004   Code   RO          277    .text.SPI_I2S_SendData  stm32f10x_spi.o
    0x08000904   0x08000904   0x00000046   Code   RO          261    .text.SPI_Init      stm32f10x_spi.o
    0x0800094a   0x0800094a   0x00000002   PAD
    0x0800094c   0x0800094c   0x00000058   Code   RO           19    .text.SX1278_GPIO_Init  sx1278.o
    0x080009a4   0x080009a4   0x0000007c   Code   RO           17    .text.SX1278_Init   sx1278.o
    0x08000a20   0x08000a20   0x00000020   Code   RO           27    .text.SX1278_ReadReg  sx1278.o
    0x08000a40   0x08000a40   0x000000e6   Code   RO           29    .text.SX1278_ReceivePacket  sx1278.o
    0x08000b26   0x08000b26   0x00000002   PAD
    0x08000b28   0x08000b28   0x0000002c   Code   RO           21    .text.SX1278_Reset  sx1278.o
    0x08000b54   0x08000b54   0x00000012   Code   RO           15    .text.SX1278_Select  sx1278.o
    0x08000b66   0x08000b66   0x00000002   PAD
    0x08000b68   0x08000b68   0x000000da   Code   RO           23    .text.SX1278_SendPacket  sx1278.o
    0x08000c42   0x08000c42   0x00000002   PAD
    0x08000c44   0x08000c44   0x00000012   Code   RO           11    .text.SX1278_Unselect  sx1278.o
    0x08000c56   0x08000c56   0x00000002   PAD
    0x08000c58   0x08000c58   0x0000001e   Code   RO           13    .text.SX1278_WriteReg  sx1278.o
    0x08000c76   0x08000c76   0x00000002   PAD
    0x08000c78   0x08000c78   0x00000008   Code   RO          324    .text.SetSysClock   system_stm32f10x.o
    0x08000c80   0x08000c80   0x000000be   Code   RO          328    .text.SetSysClockTo72  system_stm32f10x.o
    0x08000d3e   0x08000d3e   0x00000002   PAD
    0x08000d40   0x08000d40   0x00000024   Code   RO          106    .text.SysTick_Config  systick_driver.o
    0x08000d64   0x08000d64   0x0000000c   Code   RO          110    .text.SysTick_GetTick  systick_driver.o
    0x08000d70   0x08000d70   0x00000010   Code   RO          108    .text.SysTick_Handler  systick_driver.o
    0x08000d80   0x08000d80   0x00000024   Code   RO          104    .text.SysTick_Init  systick_driver.o
    0x08000da4   0x08000da4   0x0000006e   Code   RO          326    .text.SystemCoreClockUpdate  system_stm32f10x.o
    0x08000e12   0x08000e12   0x00000002   PAD
    0x08000e14   0x08000e14   0x00000056   Code   RO          322    .text.SystemInit    system_stm32f10x.o
    0x08000e6a   0x08000e6a   0x00000002   PAD
    0x08000e6c   0x08000e6c   0x000000a2   Code   RO           67    .text.ValidateTemp  mcp3208.o
    0x08000f0e   0x08000f0e   0x00000002   PAD
    0x08000f10   0x08000f10   0x0000000e   Code   RO           77    .text.__ARM_isfinitef  mcp3208.o
    0x08000f1e   0x08000f1e   0x00000002   PAD
    0x08000f20   0x08000f20   0x0000000e   Code   RO          112    .text.__NVIC_SetPriority  systick_driver.o
    0x08000f2e   0x08000f2e   0x00000002   PAD
    0x08000f30   0x08000f30   0x00000066   Code   RO            2    .text.main          main.o
    0x08000f96   0x08000f96   0x00000002   PAD
    0x08000f98   0x08000f98   0x00000008   Code   RO           39    .text.millis        systick_utils.o
    0x08000fa0   0x08000fa0   0x00000050   Code   RO           59    .text.sort          mcp3208.o
    0x08000ff0   0x08000ff0   0x000000aa   Code   RO          437    i.__kernel_poly     m_ws.l(poly.o)
    0x0800109a   0x0800109a   0x00000002   PAD
    0x0800109c   0x0800109c   0x00000010   Code   RO          423    i.__mathlib_dbl_divzero  m_ws.l(dunder.o)
    0x080010ac   0x080010ac   0x00000006   Code   RO          424    i.__mathlib_dbl_infnan  m_ws.l(dunder.o)
    0x080010b2   0x080010b2   0x0000000c   Code   RO          426    i.__mathlib_dbl_invalid  m_ws.l(dunder.o)
    0x080010be   0x080010be   0x00000002   PAD
    0x080010c0   0x080010c0   0x0000035c   Code   RO          384    i.log               m_ws.l(log.o)
    0x0800141c   0x0800141c   0x00000062   Code   RO          347    x$fpl$d2f           fz_ws.l(d2f.o)
    0x0800147e   0x0800147e   0x00000002   PAD
    0x08001480   0x08001480   0x00000150   Code   RO          349    x$fpl$dadd          fz_ws.l(daddsub_clz.o)
    0x080015d0   0x080015d0   0x00000010   Code   RO          460    x$fpl$dcheck1       fz_ws.l(dcheck1.o)
    0x080015e0   0x080015e0   0x00000018   Code   RO          462    x$fpl$dcmpinf       fz_ws.l(dcmpi.o)
    0x080015f8   0x080015f8   0x000002b0   Code   RO          356    x$fpl$ddiv          fz_ws.l(ddiv.o)
    0x080018a8   0x080018a8   0x00000078   Code   RO          398    x$fpl$deqf          fz_ws.l(deqf.o)
    0x08001920   0x08001920   0x0000002e   Code   RO          401    x$fpl$dflt          fz_ws.l(dflt_clz.o)
    0x0800194e   0x0800194e   0x00000002   PAD
    0x08001950   0x08001950   0x00000154   Code   RO          359    x$fpl$dmul          fz_ws.l(dmul.o)
    0x08001aa4   0x08001aa4   0x0000009c   Code   RO          406    x$fpl$dnaninf       fz_ws.l(dnaninf.o)
    0x08001b40   0x08001b40   0x0000000c   Code   RO          408    x$fpl$dretinf       fz_ws.l(dretinf.o)
    0x08001b4c   0x08001b4c   0x00000016   Code   RO          350    x$fpl$drsb          fz_ws.l(daddsub_clz.o)
    0x08001b62   0x08001b62   0x00000002   PAD
    0x08001b64   0x08001b64   0x000001d4   Code   RO          351    x$fpl$dsub          fz_ws.l(daddsub_clz.o)
    0x08001d38   0x08001d38   0x00000056   Code   RO          361    x$fpl$f2d           fz_ws.l(f2d.o)
    0x08001d8e   0x08001d8e   0x00000002   PAD
    0x08001d90   0x08001d90   0x000000c4   Code   RO          363    x$fpl$fadd          fz_ws.l(faddsub_clz.o)
    0x08001e54   0x08001e54   0x00000054   Code   RO          369    x$fpl$fcmp          fz_ws.l(fcmp.o)
    0x08001ea8   0x08001ea8   0x00000018   Code   RO          464    x$fpl$fcmpinf       fz_ws.l(fcmpi.o)
    0x08001ec0   0x08001ec0   0x00000184   Code   RO          372    x$fpl$fdiv          fz_ws.l(fdiv.o)
    0x08002044   0x08002044   0x00000068   Code   RO          410    x$fpl$feqf          fz_ws.l(feqf.o)
    0x080020ac   0x080020ac   0x00000026   Code   RO          375    x$fpl$ffltu         fz_ws.l(fflt_clz.o)
    0x080020d2   0x080020d2   0x00000002   PAD
    0x080020d4   0x080020d4   0x00000068   Code   RO          412    x$fpl$fgeqf         fz_ws.l(fgeqf.o)
    0x0800213c   0x0800213c   0x00000068   Code   RO          414    x$fpl$fleqf         fz_ws.l(fleqf.o)
    0x080021a4   0x080021a4   0x00000102   Code   RO          381    x$fpl$fmul          fz_ws.l(fmul.o)
    0x080022a6   0x080022a6   0x0000008c   Code   RO          416    x$fpl$fnaninf       fz_ws.l(fnaninf.o)
    0x08002332   0x08002332   0x0000000a   Code   RO          418    x$fpl$fretinf       fz_ws.l(fretinf.o)
    0x0800233c   0x0800233c   0x000000ea   Code   RO          365    x$fpl$fsub          fz_ws.l(faddsub_clz.o)
    0x08002426   0x08002426   0x00000064   Code   RO          479    x$fpl$retnan        fz_ws.l(retnan.o)
    0x0800248a   0x0800248a   0x0000005c   Code   RO          420    x$fpl$scalbn        fz_ws.l(scalbn.o)
    0x080024e6   0x080024e6   0x00000030   Code   RO          528    x$fpl$trapveneer    fz_ws.l(trapv.o)
    0x08002516   0x08002516   0x00000000   Code   RO          422    x$fpl$usenofp       fz_ws.l(usenofp.o)
    0x08002516   0x08002516   0x00000002   PAD
    0x08002518   0x08002518   0x00000038   Data   RO          385    .constdata          m_ws.l(log.o)
    0x08002550   0x08002550   0x00000008   Data   RO          439    .constdata          m_ws.l(qnan.o)
    0x08002558   0x08002558   0x00000010   Data   RO          331    .rodata.AHBPrescTable  system_stm32f10x.o
    0x08002568   0x08002568   0x00000020   Data   RO          614    Region$$Table       anon$$obj.o


    Execution Region RW_IRAM1 (Exec base: 0x20000000, Load base: 0x08002588, Size: 0x00000768, Max: 0x00005000, ABSOLUTE)

    Exec Addr    Load Addr    Size         Type   Attr      Idx    E Section Name        Object

    0x20000000   0x08002588   0x00000004   Data   RW          330    .data.SystemCoreClock  system_stm32f10x.o
    0x20000004   0x0800258c   0x00000004   PAD
    0x20000008        -       0x00000060   Zero   RW          467    .bss                c_w.l(libspace.o)
    0x20000068        -       0x00000078   Zero   RW           80    .bss.ma_buffer      mcp3208.o
    0x200000e0        -       0x00000006   Zero   RW           83    .bss.ma_count       mcp3208.o
    0x200000e6        -       0x00000006   Zero   RW           81    .bss.ma_index       mcp3208.o
    0x200000ec        -       0x00000018   Zero   RW           82    .bss.ma_sum         mcp3208.o
    0x20000104        -       0x00000060   Zero   RW           79    .bss.sensor_state   mcp3208.o
    0x20000164        -       0x00000004   Zero   RW          114    .bss.tick_ms        systick_driver.o
    0x20000168        -       0x00000200   Zero   RW          313    HEAP                startup_stm32f10x_md.o
    0x20000368        -       0x00000400   Zero   RW          312    STACK               startup_stm32f10x_md.o


==============================================================================

Image component sizes


      Code (inc. data)   RO Data    RW Data    ZI Data      Debug   Object Name

       102          0          0          0          0        873   main.o
      1156          0          0          0        252       5833   mcp3208.o
       206          0          0          0          0       2696   spi_driver.o
        64         26        236          0       1536        836   startup_stm32f10x_md.o
       184          0          0          0          0       5865   stm32f10x_gpio.o
        24          0          0          0          0       7681   stm32f10x_rcc.o
       106          0          0          0          0       7021   stm32f10x_spi.o
       870          0          0          0          0       4660   sx1278.o
       394          0         16          4          0       2908   system_stm32f10x.o
       114          0          0          0          4       3617   systick_driver.o
        32          0          0          0          0        758   systick_utils.o

    ----------------------------------------------------------------------
      3296         26        284          4       1796      42748   Object Totals
         0          0         32          0          0          0   (incl. Generated)
        44          0          0          0          4          0   (incl. Padding)

    ----------------------------------------------------------------------

      Code (inc. data)   RO Data    RW Data    ZI Data      Debug   Library Member Name

         8          0          0          0          0         68   __main.o
         0          0          0          0          0          0   __rtentry.o
        12          0          0          0          0          0   __rtentry2.o
         6          0          0          0          0          0   __rtentry4.o
        52          8          0          0          0          0   __scatter.o
        26          0          0          0          0          0   __scatter_copy.o
        28          0          0          0          0          0   __scatter_zi.o
        22          0          0          0          0        100   _rserrno.o
        18          0          0          0          0         80   exit.o
         6          0          0          0          0        152   heapauxi.o
         0          0          0          0          0          0   indicate_semi.o
         2          0          0          0          0          0   libinit.o
         2          0          0          0          0          0   libinit2.o
         2          0          0          0          0          0   libshutdown.o
         2          0          0          0          0          0   libshutdown2.o
         8          4          0          0         96         68   libspace.o
         8          4          0          0          0         68   rt_errno_addr_intlibspace.o
       138          0          0          0          0         68   rt_memcpy_v6.o
       100          0          0          0          0         80   rt_memcpy_w.o
         2          0          0          0          0          0   rtexit.o
        10          0          0          0          0          0   rtexit2.o
        12          4          0          0          0         68   sys_exit.o
        74          0          0          0          0         80   sys_stackheap_outer.o
         2          0          0          0          0         68   use_no_semi.o
        98          4          0          0          0         92   d2f.o
       826         16          0          0          0        356   daddsub_clz.o
        16          4          0          0          0         68   dcheck1.o
        24          0          0          0          0         68   dcmpi.o
       688        140          0          0          0        216   ddiv.o
       120          4          0          0          0         92   deqf.o
        46          0          0          0          0         68   dflt_clz.o
       340         12          0          0          0        104   dmul.o
       156          4          0          0          0         92   dnaninf.o
        12          0          0          0          0         68   dretinf.o
        86          4          0          0          0         84   f2d.o
       430          8          0          0          0        168   faddsub_clz.o
        84          0          0          0          0        196   fcmp.o
        24          0          0          0          0         68   fcmpi.o
       388         76          0          0          0         96   fdiv.o
       104          4          0          0          0         84   feqf.o
        38          0          0          0          0         68   fflt_clz.o
       104          4          0          0          0         84   fgeqf.o
       104          4          0          0          0         84   fleqf.o
       258          4          0          0          0         84   fmul.o
       140          4          0          0          0         84   fnaninf.o
        10          0          0          0          0         68   fretinf.o
       100          0          0          0          0         68   retnan.o
        92          0          0          0          0         68   scalbn.o
        48          0          0          0          0         68   trapv.o
         0          0          0          0          0          0   usenofp.o
        34          4          0          0          0        204   dunder.o
       860         52         56          0          0        256   log.o
       170          0          0          0          0         96   poly.o
         0          0          8          0          0          0   qnan.o

    ----------------------------------------------------------------------
      5964        368         64          0         96       4052   Library Totals
        24          0          0          0          0          0   (incl. Padding)

    ----------------------------------------------------------------------

      Code (inc. data)   RO Data    RW Data    ZI Data      Debug   Library Name

       540         20          0          0         96        900   c_w.l
      4336        292          0          0          0       2596   fz_ws.l
      1064         56         64          0          0        556   m_ws.l

    ----------------------------------------------------------------------
      5964        368         64          0         96       4052   Library Totals

    ----------------------------------------------------------------------

==============================================================================


      Code (inc. data)   RO Data    RW Data    ZI Data      Debug   

      9260        394        348          4       1892      44624   Grand Totals
      9260        394        348          4       1892      44624   ELF Image Totals
      9260        394        348          4          0          0   ROM Totals

==============================================================================

    Total RO  Size (Code + RO Data)                 9608 (   9.38kB)
    Total RW  Size (RW Data + ZI Data)              1896 (   1.85kB)
    Total ROM Size (Code + RO Data + RW Data)       9612 (   9.39kB)

==============================================================================

